Archive member included to satisfy reference by file (symbol)

c:/st/stm32cubeide_1.9.0/stm32cubeide/plugins/com.st.stm32cube.ide.mcu.externaltools.gnu-tools-for-stm32.10.3-2021.10.win32_1.0.0.202111181127/tools/bin/../lib/gcc/arm-none-eabi/10.3.1/../../../../arm-none-eabi/lib/thumb/v7-m/nofp\libstdc++_nano.a(del_op.o)
                              ./Core/Src/CanController.o (operator delete(void*))
c:/st/stm32cubeide_1.9.0/stm32cubeide/plugins/com.st.stm32cube.ide.mcu.externaltools.gnu-tools-for-stm32.10.3-2021.10.win32_1.0.0.202111181127/tools/bin/../lib/gcc/arm-none-eabi/10.3.1/../../../../arm-none-eabi/lib/thumb/v7-m/nofp\libstdc++_nano.a(del_ops.o)
                              ./Core/Src/CanController.o (operator delete(void*, unsigned int))
c:/st/stm32cubeide_1.9.0/stm32cubeide/plugins/com.st.stm32cube.ide.mcu.externaltools.gnu-tools-for-stm32.10.3-2021.10.win32_1.0.0.202111181127/tools/bin/../lib/gcc/arm-none-eabi/10.3.1/../../../../arm-none-eabi/lib/thumb/v7-m/nofp\libstdc++_nano.a(eh_arm.o)
                              ./Core/Src/CanController.o (__cxa_end_cleanup)
c:/st/stm32cubeide_1.9.0/stm32cubeide/plugins/com.st.stm32cube.ide.mcu.externaltools.gnu-tools-for-stm32.10.3-2021.10.win32_1.0.0.202111181127/tools/bin/../lib/gcc/arm-none-eabi/10.3.1/../../../../arm-none-eabi/lib/thumb/v7-m/nofp\libstdc++_nano.a(eh_exception.o)
                              c:/st/stm32cubeide_1.9.0/stm32cubeide/plugins/com.st.stm32cube.ide.mcu.externaltools.gnu-tools-for-stm32.10.3-2021.10.win32_1.0.0.202111181127/tools/bin/../lib/gcc/arm-none-eabi/10.3.1/../../../../arm-none-eabi/lib/thumb/v7-m/nofp\libstdc++_nano.a(eh_arm.o) (typeinfo for __cxxabiv1::__forced_unwind)
c:/st/stm32cubeide_1.9.0/stm32cubeide/plugins/com.st.stm32cube.ide.mcu.externaltools.gnu-tools-for-stm32.10.3-2021.10.win32_1.0.0.202111181127/tools/bin/../lib/gcc/arm-none-eabi/10.3.1/../../../../arm-none-eabi/lib/thumb/v7-m/nofp\libstdc++_nano.a(eh_globals.o)
                              c:/st/stm32cubeide_1.9.0/stm32cubeide/plugins/com.st.stm32cube.ide.mcu.externaltools.gnu-tools-for-stm32.10.3-2021.10.win32_1.0.0.202111181127/tools/bin/../lib/gcc/arm-none-eabi/10.3.1/../../../../arm-none-eabi/lib/thumb/v7-m/nofp\libstdc++_nano.a(eh_arm.o) (__cxa_get_globals)
c:/st/stm32cubeide_1.9.0/stm32cubeide/plugins/com.st.stm32cube.ide.mcu.externaltools.gnu-tools-for-stm32.10.3-2021.10.win32_1.0.0.202111181127/tools/bin/../lib/gcc/arm-none-eabi/10.3.1/../../../../arm-none-eabi/lib/thumb/v7-m/nofp\libstdc++_nano.a(eh_personality.o)
                              ./Core/Inc/CRSLib/Can/RM0008/Sample/src/sample.o (__gxx_personality_v0)
c:/st/stm32cubeide_1.9.0/stm32cubeide/plugins/com.st.stm32cube.ide.mcu.externaltools.gnu-tools-for-stm32.10.3-2021.10.win32_1.0.0.202111181127/tools/bin/../lib/gcc/arm-none-eabi/10.3.1/../../../../arm-none-eabi/lib/thumb/v7-m/nofp\libstdc++_nano.a(eh_terminate.o)
                              c:/st/stm32cubeide_1.9.0/stm32cubeide/plugins/com.st.stm32cube.ide.mcu.externaltools.gnu-tools-for-stm32.10.3-2021.10.win32_1.0.0.202111181127/tools/bin/../lib/gcc/arm-none-eabi/10.3.1/../../../../arm-none-eabi/lib/thumb/v7-m/nofp\libstdc++_nano.a(eh_arm.o) (std::terminate())
c:/st/stm32cubeide_1.9.0/stm32cubeide/plugins/com.st.stm32cube.ide.mcu.externaltools.gnu-tools-for-stm32.10.3-2021.10.win32_1.0.0.202111181127/tools/bin/../lib/gcc/arm-none-eabi/10.3.1/../../../../arm-none-eabi/lib/thumb/v7-m/nofp\libstdc++_nano.a(eh_unex_handler.o)
                              c:/st/stm32cubeide_1.9.0/stm32cubeide/plugins/com.st.stm32cube.ide.mcu.externaltools.gnu-tools-for-stm32.10.3-2021.10.win32_1.0.0.202111181127/tools/bin/../lib/gcc/arm-none-eabi/10.3.1/../../../../arm-none-eabi/lib/thumb/v7-m/nofp\libstdc++_nano.a(eh_terminate.o) (__cxxabiv1::__unexpected_handler)
c:/st/stm32cubeide_1.9.0/stm32cubeide/plugins/com.st.stm32cube.ide.mcu.externaltools.gnu-tools-for-stm32.10.3-2021.10.win32_1.0.0.202111181127/tools/bin/../lib/gcc/arm-none-eabi/10.3.1/../../../../arm-none-eabi/lib/thumb/v7-m/nofp\libstdc++_nano.a(new_op.o)
                              ./Core/Src/CanController.o (operator new(unsigned int))
c:/st/stm32cubeide_1.9.0/stm32cubeide/plugins/com.st.stm32cube.ide.mcu.externaltools.gnu-tools-for-stm32.10.3-2021.10.win32_1.0.0.202111181127/tools/bin/../lib/gcc/arm-none-eabi/10.3.1/../../../../arm-none-eabi/lib/thumb/v7-m/nofp\libstdc++_nano.a(pure.o)
                              c:/st/stm32cubeide_1.9.0/stm32cubeide/plugins/com.st.stm32cube.ide.mcu.externaltools.gnu-tools-for-stm32.10.3-2021.10.win32_1.0.0.202111181127/tools/bin/../lib/gcc/arm-none-eabi/10.3.1/../../../../arm-none-eabi/lib/thumb/v7-m/nofp\libstdc++_nano.a(eh_exception.o) (__cxa_pure_virtual)
[...]
Memory Configuration

Name             Origin             Length             Attributes
RAM              0x0000000020000000 0x0000000000002800 xrw
FLASH            0x0000000008000000 0x0000000000008000 xr
*default*        0x0000000000000000 0xffffffffffffffff

Linker script and memory map

LOAD c:/st/stm32cubeide_1.9.0/stm32cubeide/plugins/com.st.stm32cube.ide.mcu.externaltools.gnu-tools-for-stm32.10.3-2021.10.win32_1.0.0.202111181127/tools/bin/../lib/gcc/arm-none-eabi/10.3.1/thumb/v7-m/nofp/crti.o
LOAD c:/st/stm32cubeide_1.9.0/stm32cubeide/plugins/com.st.stm32cube.ide.mcu.externaltools.gnu-tools-for-stm32.10.3-2021.10.win32_1.0.0.202111181127/tools/bin/../lib/gcc/arm-none-eabi/10.3.1/thumb/v7-m/nofp/crtbegin.o
LOAD c:/st/stm32cubeide_1.9.0/stm32cubeide/plugins/com.st.stm32cube.ide.mcu.externaltools.gnu-tools-for-stm32.10.3-2021.10.win32_1.0.0.202111181127/tools/bin/../lib/gcc/arm-none-eabi/10.3.1/../../../../arm-none-eabi/lib/thumb/v7-m/nofp/crt0.o
LOAD ./Core/Inc/CRSLib/CMSIS/src/cmsis_for_cpp.o
LOAD ./Core/Inc/CRSLib/Can/RM0008/Sample/src/sample.o
LOAD ./Core/Inc/CRSLib/src/debug.o
LOAD ./Core/Src/CanController.o
LOAD ./Core/Src/MotorController.o
LOAD ./Core/Src/Parameters.o
LOAD ./Core/Src/led_process.o
LOAD ./Core/Src/main.o
LOAD ./Core/Src/stm32f1xx_hal_msp.o
LOAD ./Core/Src/stm32f1xx_it.o
LOAD ./Core/Src/syscalls.o
LOAD ./Core/Src/sysmem.o
LOAD ./Core/Src/system_stm32f1xx.o
LOAD ./Core/Src/wrapper.o
LOAD ./Core/Startup/startup_stm32f103c6tx.o
LOAD ./Drivers/STM32F1xx_HAL_Driver/Src/stm32f1xx_hal.o
LOAD ./Drivers/STM32F1xx_HAL_Driver/Src/stm32f1xx_hal_can.o
LOAD ./Drivers/STM32F1xx_HAL_Driver/Src/stm32f1xx_hal_cortex.o
LOAD ./Drivers/STM32F1xx_HAL_Driver/Src/stm32f1xx_hal_dma.o
LOAD ./Drivers/STM32F1xx_HAL_Driver/Src/stm32f1xx_hal_exti.o
LOAD ./Drivers/STM32F1xx_HAL_Driver/Src/stm32f1xx_hal_flash.o
LOAD ./Drivers/STM32F1xx_HAL_Driver/Src/stm32f1xx_hal_flash_ex.o
LOAD ./Drivers/STM32F1xx_HAL_Driver/Src/stm32f1xx_hal_gpio.o
LOAD ./Drivers/STM32F1xx_HAL_Driver/Src/stm32f1xx_hal_gpio_ex.o
LOAD ./Drivers/STM32F1xx_HAL_Driver/Src/stm32f1xx_hal_pwr.o
LOAD ./Drivers/STM32F1xx_HAL_Driver/Src/stm32f1xx_hal_rcc.o
LOAD ./Drivers/STM32F1xx_HAL_Driver/Src/stm32f1xx_hal_rcc_ex.o
LOAD ./Drivers/STM32F1xx_HAL_Driver/Src/stm32f1xx_hal_tim.o
LOAD ./Drivers/STM32F1xx_HAL_Driver/Src/stm32f1xx_hal_tim_ex.o
START GROUP
LOAD c:/st/stm32cubeide_1.9.0/stm32cubeide/plugins/com.st.stm32cube.ide.mcu.externaltools.gnu-tools-for-stm32.10.3-2021.10.win32_1.0.0.202111181127/tools/bin/../lib/gcc/arm-none-eabi/10.3.1/../../../../arm-none-eabi/lib/thumb/v7-m/nofp\libstdc++_nano.a
LOAD c:/st/stm32cubeide_1.9.0/stm32cubeide/plugins/com.st.stm32cube.ide.mcu.externaltools.gnu-tools-for-stm32.10.3-2021.10.win32_1.0.0.202111181127/tools/bin/../lib/gcc/arm-none-eabi/10.3.1/../../../../arm-none-eabi/lib/thumb/v7-m/nofp\libsupc++_nano.a
END GROUP
LOAD c:/st/stm32cubeide_1.9.0/stm32cubeide/plugins/com.st.stm32cube.ide.mcu.externaltools.gnu-tools-for-stm32.10.3-2021.10.win32_1.0.0.202111181127/tools/bin/../lib/gcc/arm-none-eabi/10.3.1/../../../../arm-none-eabi/lib/thumb/v7-m/nofp\libstdc++_nano.a
LOAD c:/st/stm32cubeide_1.9.0/stm32cubeide/plugins/com.st.stm32cube.ide.mcu.externaltools.gnu-tools-for-stm32.10.3-2021.10.win32_1.0.0.202111181127/tools/bin/../lib/gcc/arm-none-eabi/10.3.1/../../../../arm-none-eabi/lib/thumb/v7-m/nofp\libm.a
LOAD c:/st/stm32cubeide_1.9.0/stm32cubeide/plugins/com.st.stm32cube.ide.mcu.externaltools.gnu-tools-for-stm32.10.3-2021.10.win32_1.0.0.202111181127/tools/bin/../lib/gcc/arm-none-eabi/10.3.1/../../../../arm-none-eabi/lib/thumb/v7-m/nofp\libc_nano.a
START GROUP
LOAD c:/st/stm32cubeide_1.9.0/stm32cubeide/plugins/com.st.stm32cube.ide.mcu.externaltools.gnu-tools-for-stm32.10.3-2021.10.win32_1.0.0.202111181127/tools/bin/../lib/gcc/arm-none-eabi/10.3.1/thumb/v7-m/nofp\libgcc.a
LOAD c:/st/stm32cubeide_1.9.0/stm32cubeide/plugins/com.st.stm32cube.ide.mcu.externaltools.gnu-tools-for-stm32.10.3-2021.10.win32_1.0.0.202111181127/tools/bin/../lib/gcc/arm-none-eabi/10.3.1/../../../../arm-none-eabi/lib/thumb/v7-m/nofp\libc_nano.a
END GROUP
START GROUP
LOAD c:/st/stm32cubeide_1.9.0/stm32cubeide/plugins/com.st.stm32cube.ide.mcu.externaltools.gnu-tools-for-stm32.10.3-2021.10.win32_1.0.0.202111181127/tools/bin/../lib/gcc/arm-none-eabi/10.3.1/thumb/v7-m/nofp\libgcc.a
LOAD c:/st/stm32cubeide_1.9.0/stm32cubeide/plugins/com.st.stm32cube.ide.mcu.externaltools.gnu-tools-for-stm32.10.3-2021.10.win32_1.0.0.202111181127/tools/bin/../lib/gcc/arm-none-eabi/10.3.1/../../../../arm-none-eabi/lib/thumb/v7-m/nofp\libc_nano.a
LOAD c:/st/stm32cubeide_1.9.0/stm32cubeide/plugins/com.st.stm32cube.ide.mcu.externaltools.gnu-tools-for-stm32.10.3-2021.10.win32_1.0.0.202111181127/tools/bin/../lib/gcc/arm-none-eabi/10.3.1/../../../../arm-none-eabi/lib/thumb/v7-m/nofp\libnosys.a
END GROUP
START GROUP
LOAD c:/st/stm32cubeide_1.9.0/stm32cubeide/plugins/com.st.stm32cube.ide.mcu.externaltools.gnu-tools-for-stm32.10.3-2021.10.win32_1.0.0.202111181127/tools/bin/../lib/gcc/arm-none-eabi/10.3.1/thumb/v7-m/nofp\libgcc.a
LOAD c:/st/stm32cubeide_1.9.0/stm32cubeide/plugins/com.st.stm32cube.ide.mcu.externaltools.gnu-tools-for-stm32.10.3-2021.10.win32_1.0.0.202111181127/tools/bin/../lib/gcc/arm-none-eabi/10.3.1/../../../../arm-none-eabi/lib/thumb/v7-m/nofp\libc_nano.a
LOAD c:/st/stm32cubeide_1.9.0/stm32cubeide/plugins/com.st.stm32cube.ide.mcu.externaltools.gnu-tools-for-stm32.10.3-2021.10.win32_1.0.0.202111181127/tools/bin/../lib/gcc/arm-none-eabi/10.3.1/../../../../arm-none-eabi/lib/thumb/v7-m/nofp\libnosys.a
END GROUP
LOAD c:/st/stm32cubeide_1.9.0/stm32cubeide/plugins/com.st.stm32cube.ide.mcu.externaltools.gnu-tools-for-stm32.10.3-2021.10.win32_1.0.0.202111181127/tools/bin/../lib/gcc/arm-none-eabi/10.3.1/thumb/v7-m/nofp/crtend.o
LOAD c:/st/stm32cubeide_1.9.0/stm32cubeide/plugins/com.st.stm32cube.ide.mcu.externaltools.gnu-tools-for-stm32.10.3-2021.10.win32_1.0.0.202111181127/tools/bin/../lib/gcc/arm-none-eabi/10.3.1/thumb/v7-m/nofp/crtn.o
                0x0000000020002800                _estack = (ORIGIN (RAM) + LENGTH (RAM))
                0x0000000000000200                _Min_Heap_Size = 0x200
                0x0000000000000400                _Min_Stack_Size = 0x400

.isr_vector     0x0000000008000000      0x10c
                0x0000000008000000                . = ALIGN (0x4)
 *(.isr_vector)
 .isr_vector    0x0000000008000000      0x10c ./Core/Startup/startup_stm32f103c6tx.o
                0x0000000008000000                g_pfnVectors
                0x000000000800010c                . = ALIGN (0x4)

.text           0x0000000008000110     0x62dc
                0x0000000008000110                . = ALIGN (0x4)
 *(.text)
 .text          0x0000000008000110       0x40 c:/st/stm32cubeide_1.9.0/stm32cubeide/plugins/com.st.stm32cube.ide.mcu.externaltools.gnu-tools-for-stm32.10.3-2021.10.win32_1.0.0.202111181127/tools/bin/../lib/gcc/arm-none-eabi/10.3.1/thumb/v7-m/nofp/crtbegin.o
 .text          0x0000000008000150       0x14 c:/st/stm32cubeide_1.9.0/stm32cubeide/plugins/com.st.stm32cube.ide.mcu.externaltools.gnu-tools-for-stm32.10.3-2021.10.win32_1.0.0.202111181127/tools/bin/../lib/gcc/arm-none-eabi/10.3.1/../../../../arm-none-eabi/lib/thumb/v7-m/nofp\libc_nano.a(lib_a-strcmp.o)
                0x0000000008000150                strcmp
 .text          0x0000000008000164      0x168 c:/st/stm32cubeide_1.9.0/stm32cubeide/plugins/com.st.stm32cube.ide.mcu.externaltools.gnu-tools-for-stm32.10.3-2021.10.win32_1.0.0.202111181127/tools/bin/../lib/gcc/arm-none-eabi/10.3.1/thumb/v7-m/nofp\libgcc.a(_arm_mulsf3.o)
                0x0000000008000164                __aeabi_fmul
                0x0000000008000164                __mulsf3
 .text          0x00000000080002cc      0x378 c:/st/stm32cubeide_1.9.0/stm32cubeide/plugins/com.st.stm32cube.ide.mcu.externaltools.gnu-tools-for-stm32.10.3-2021.10.win32_1.0.0.202111181127/tools/bin/../lib/gcc/arm-none-eabi/10.3.1/thumb/v7-m/nofp\libgcc.a(_arm_addsubdf3.o)
                0x00000000080002cc                __aeabi_drsub
                0x00000000080002d4                __aeabi_dsub
                0x00000000080002d4                __subdf3
                0x00000000080002d8                __aeabi_dadd
                0x00000000080002d8                __adddf3
                0x0000000008000550                __floatunsidf
                0x0000000008000550                __aeabi_ui2d
                0x0000000008000570                __floatsidf
                0x0000000008000570                __aeabi_i2d
                0x0000000008000594                __aeabi_f2d
                0x0000000008000594                __extendsfdf2
                0x00000000080005d8                __floatundidf
                0x00000000080005d8                __aeabi_ul2d
                0x00000000080005e8                __floatdidf
                0x00000000080005e8                __aeabi_l2d
 .text          0x0000000008000644      0x424 c:/st/stm32cubeide_1.9.0/stm32cubeide/plugins/com.st.stm32cube.ide.mcu.externaltools.gnu-tools-for-stm32.10.3-2021.10.win32_1.0.0.202111181127/tools/bin/../lib/gcc/arm-none-eabi/10.3.1/thumb/v7-m/nofp\libgcc.a(_arm_muldivdf3.o)
                0x0000000008000644                __aeabi_dmul
                0x0000000008000644                __muldf3
                0x0000000008000898                __divdf3
                0x0000000008000898                __aeabi_ddiv
 .text          0x0000000008000a68       0x40 c:/st/stm32cubeide_1.9.0/stm32cubeide/plugins/com.st.stm32cube.ide.mcu.externaltools.gnu-tools-for-stm32.10.3-2021.10.win32_1.0.0.202111181127/tools/bin/../lib/gcc/arm-none-eabi/10.3.1/thumb/v7-m/nofp\libgcc.a(_arm_fixunsdfsi.o)
                0x0000000008000a68                __aeabi_d2uiz
                0x0000000008000a68                __fixunsdfsi
 .text          0x0000000008000aa8      0x21c c:/st/stm32cubeide_1.9.0/stm32cubeide/plugins/com.st.stm32cube.ide.mcu.externaltools.gnu-tools-for-stm32.10.3-2021.10.win32_1.0.0.202111181127/tools/bin/../lib/gcc/arm-none-eabi/10.3.1/thumb/v7-m/nofp\libgcc.a(_arm_addsubsf3.o)
                0x0000000008000aa8                __aeabi_frsub
                0x0000000008000ab0                __subsf3
                0x0000000008000ab0                __aeabi_fsub
                0x0000000008000ab4                __aeabi_fadd
                0x0000000008000ab4                __addsf3
                0x0000000008000c14                __aeabi_ui2f
                0x0000000008000c14                __floatunsisf
                0x0000000008000c1c                __aeabi_i2f
                0x0000000008000c1c                __floatsisf
                0x0000000008000c38                __aeabi_ul2f
                0x0000000008000c38                __floatundisf
                0x0000000008000c48                __aeabi_l2f
                0x0000000008000c48                __floatdisf
 .text          0x0000000008000cc4      0x9e4 c:/st/stm32cubeide_1.9.0/stm32cubeide/plugins/com.st.stm32cube.ide.mcu.externaltools.gnu-tools-for-stm32.10.3-2021.10.win32_1.0.0.202111181127/tools/bin/../lib/gcc/arm-none-eabi/10.3.1/thumb/v7-m/nofp\libgcc.a(unwind-arm.o)
                0x0000000008000f84                _Unwind_GetCFA
                0x0000000008000f88                __gnu_Unwind_RaiseException
                0x0000000008000ff0                __gnu_Unwind_ForcedUnwind
                0x0000000008001004                __gnu_Unwind_Resume
                0x0000000008001048                __gnu_Unwind_Resume_or_Rethrow
                0x000000000800105c                _Unwind_Complete
                0x0000000008001060                _Unwind_DeleteException
                0x000000000800106c                _Unwind_VRS_Get
                0x00000000080010b8                _Unwind_VRS_Set
                0x0000000008001100                __gnu_Unwind_Backtrace
                0x0000000008001428                __aeabi_unwind_cpp_pr0
                0x000000000800142c                __aeabi_unwind_cpp_pr1
                0x0000000008001430                __aeabi_unwind_cpp_pr2
                0x0000000008001434                _Unwind_VRS_Pop
 .text          0x00000000080016a8      0x1ac c:/st/stm32cubeide_1.9.0/stm32cubeide/plugins/com.st.stm32cube.ide.mcu.externaltools.gnu-tools-for-stm32.10.3-2021.10.win32_1.0.0.202111181127/tools/bin/../lib/gcc/arm-none-eabi/10.3.1/thumb/v7-m/nofp\libgcc.a(libunwind.o)
                0x00000000080016a8                __restore_core_regs
                0x00000000080016a8                restore_core_regs
                0x00000000080016c0                __gnu_Unwind_Restore_VFP
                0x00000000080016c8                __gnu_Unwind_Save_VFP
                0x00000000080016d0                __gnu_Unwind_Restore_VFP_D
                0x00000000080016d8                __gnu_Unwind_Save_VFP_D
                0x00000000080016e0                __gnu_Unwind_Restore_VFP_D_16_to_31
                0x00000000080016e8                __gnu_Unwind_Save_VFP_D_16_to_31
                0x00000000080016f0                __gnu_Unwind_Restore_WMMXD
                0x0000000008001734                __gnu_Unwind_Save_WMMXD
                0x0000000008001778                __gnu_Unwind_Restore_WMMXC
                0x000000000800178c                __gnu_Unwind_Save_WMMXC
                0x00000000080017a0                ___Unwind_RaiseException
                0x00000000080017a0                _Unwind_RaiseException
                0x00000000080017c4                _Unwind_Resume
                0x00000000080017c4                ___Unwind_Resume
                0x00000000080017e8                _Unwind_Resume_or_Rethrow
                0x00000000080017e8                ___Unwind_Resume_or_Rethrow
                0x000000000800180c                _Unwind_ForcedUnwind
                0x000000000800180c                ___Unwind_ForcedUnwind
                0x0000000008001830                ___Unwind_Backtrace
                0x0000000008001830                _Unwind_Backtrace
 .text          0x0000000008001854      0x38c c:/st/stm32cubeide_1.9.0/stm32cubeide/plugins/com.st.stm32cube.ide.mcu.externaltools.gnu-tools-for-stm32.10.3-2021.10.win32_1.0.0.202111181127/tools/bin/../lib/gcc/arm-none-eabi/10.3.1/thumb/v7-m/nofp\libgcc.a(pr-support.o)
                0x00000000080018ac                __gnu_unwind_execute
                0x0000000008001b90                __gnu_unwind_frame
                0x0000000008001bc0                _Unwind_GetRegionStart
                0x0000000008001bcc                _Unwind_GetLanguageSpecificData
 *(.text*)
 .text._ZSt21is_constant_evaluatedv
                0x0000000008001be0        0xe ./Core/Inc/CRSLib/Can/RM0008/Sample/src/sample.o
                0x0000000008001be0                std::is_constant_evaluated()
 .text._ZNSt8__detail17_List_node_headerC2Ev
                0x0000000008001bee       0x18 ./Core/Src/CanController.o
                0x0000000008001bee                std::__detail::_List_node_header::_List_node_header()
                0x0000000008001bee                std::__detail::_List_node_header::_List_node_header()
 .text._ZNSt8__detail17_List_node_header7_M_initEv
                0x0000000008001c06       0x26 ./Core/Src/CanController.o
                0x0000000008001c06                std::__detail::_List_node_header::_M_init()
 .text._ZNSt12_Vector_baseIN6CRSLib3Can6RM00087RxFrameESaIS3_EE12_Vector_implD2Ev
                0x0000000008001c2c       0x18 ./Core/Src/CanController.o
                0x0000000008001c2c                std::_Vector_base<CRSLib::Can::RM0008::RxFrame, std::allocator<CRSLib::Can::RM0008::RxFrame> >::_Vector_impl::~_Vector_impl()
                0x0000000008001c2c                std::_Vector_base<CRSLib::Can::RM0008::RxFrame, std::allocator<CRSLib::Can::RM0008::RxFrame> >::_Vector_impl::~_Vector_impl()
 .text._ZNSt12_Vector_baseIN6CRSLib3Can6RM00087RxFrameESaIS3_EEC2Ev
                0x0000000008001c44       0x1a ./Core/Src/CanController.o
                0x0000000008001c44                std::_Vector_base<CRSLib::Can::RM0008::RxFrame, std::allocator<CRSLib::Can::RM0008::RxFrame> >::_Vector_base()
                0x0000000008001c44                std::_Vector_base<CRSLib::Can::RM0008::RxFrame, std::allocator<CRSLib::Can::RM0008::RxFrame> >::_Vector_base()
 .text._ZNSt6vectorIN6CRSLib3Can6RM00087RxFrameESaIS3_EEC2Ev
                0x0000000008001c5e       0x1a ./Core/Src/CanController.o
                0x0000000008001c5e                std::vector<CRSLib::Can::RM0008::RxFrame, std::allocator<CRSLib::Can::RM0008::RxFrame> >::vector()
                0x0000000008001c5e                std::vector<CRSLib::Can::RM0008::RxFrame, std::allocator<CRSLib::Can::RM0008::RxFrame> >::vector()
 .text._ZNSt7__cxx1110_List_baseIPN8servo_md13CanControllerIfEESaIS4_EE10_List_implD2Ev
                0x0000000008001c78       0x18 ./Core/Src/CanController.o
                0x0000000008001c78                std::__cxx11::_List_base<servo_md::CanController<float>*, std::allocator<servo_md::CanController<float>*> >::_List_impl::~_List_impl()
                0x0000000008001c78                std::__cxx11::_List_base<servo_md::CanController<float>*, std::allocator<servo_md::CanController<float>*> >::_List_impl::~_List_impl()
 .text._ZNSt7__cxx1110_List_baseIPN8servo_md13CanControllerIfEESaIS4_EEC2Ev
                0x0000000008001c90       0x1a ./Core/Src/CanController.o
                0x0000000008001c90                std::__cxx11::_List_base<servo_md::CanController<float>*, std::allocator<servo_md::CanController<float>*> >::_List_base()
                0x0000000008001c90                std::__cxx11::_List_base<servo_md::CanController<float>*, std::allocator<servo_md::CanController<float>*> >::_List_base()
 .text._ZNSt7__cxx114listIPN8servo_md13CanControllerIfEESaIS4_EEC2Ev
                0x0000000008001caa       0x1a ./Core/Src/CanController.o
                0x0000000008001caa                std::__cxx11::list<servo_md::CanController<float>*, std::allocator<servo_md::CanController<float>*> >::list()
                0x0000000008001caa                std::__cxx11::list<servo_md::CanController<float>*, std::allocator<servo_md::CanController<float>*> >::list()
 .text._ZNSt7__cxx1110_List_baseIPN8servo_md13CanControllerIhEESaIS4_EE10_List_implD2Ev
                0x0000000008001cc4       0x18 ./Core/Src/CanController.o
                0x0000000008001cc4                std::__cxx11::_List_base<servo_md::CanController<unsigned char>*, std::allocator<servo_md::CanController<unsigned char>*> >::_List_impl::~_List_impl()
                0x0000000008001cc4                std::__cxx11::_List_base<servo_md::CanController<unsigned char>*, std::allocator<servo_md::CanController<unsigned char>*> >::_List_impl::~_List_impl()
 .text._ZNSt7__cxx1110_List_baseIPN8servo_md13CanControllerIhEESaIS4_EEC2Ev
                0x0000000008001cdc       0x1a ./Core/Src/CanController.o
                0x0000000008001cdc                std::__cxx11::_List_base<servo_md::CanController<unsigned char>*, std::allocator<servo_md::CanController<unsigned char>*> >::_List_base()
                0x0000000008001cdc                std::__cxx11::_List_base<servo_md::CanController<unsigned char>*, std::allocator<servo_md::CanController<unsigned char>*> >::_List_base()
 .text._ZNSt7__cxx114listIPN8servo_md13CanControllerIhEESaIS4_EEC2Ev
                0x0000000008001cf6       0x1a ./Core/Src/CanController.o
                0x0000000008001cf6                std::__cxx11::list<servo_md::CanController<unsigned char>*, std::allocator<servo_md::CanController<unsigned char>*> >::list()
                0x0000000008001cf6                std::__cxx11::list<servo_md::CanController<unsigned char>*, std::allocator<servo_md::CanController<unsigned char>*> >::list()
 .text._ZNSt12_Vector_baseIN6CRSLib3Can6RM00087RxFrameESaIS3_EE12_Vector_implC2Ev
                0x0000000008001d10       0x20 ./Core/Src/CanController.o
                0x0000000008001d10                std::_Vector_base<CRSLib::Can::RM0008::RxFrame, std::allocator<CRSLib::Can::RM0008::RxFrame> >::_Vector_impl::_Vector_impl()
                0x0000000008001d10                std::_Vector_base<CRSLib::Can::RM0008::RxFrame, std::allocator<CRSLib::Can::RM0008::RxFrame> >::_Vector_impl::_Vector_impl()
 .text._ZNSaIN6CRSLib3Can6RM00087RxFrameEED2Ev
                0x0000000008001d30       0x14 ./Core/Src/CanController.o
                0x0000000008001d30                std::allocator<CRSLib::Can::RM0008::RxFrame>::~allocator()
                0x0000000008001d30                std::allocator<CRSLib::Can::RM0008::RxFrame>::~allocator()
 .text._ZNSt12_Vector_baseIN6CRSLib3Can6RM00087RxFrameESaIS3_EED2Ev
                0x0000000008001d44       0x3c ./Core/Src/CanController.o
                0x0000000008001d44                std::_Vector_base<CRSLib::Can::RM0008::RxFrame, std::allocator<CRSLib::Can::RM0008::RxFrame> >::~_Vector_base()
                0x0000000008001d44                std::_Vector_base<CRSLib::Can::RM0008::RxFrame, std::allocator<CRSLib::Can::RM0008::RxFrame> >::~_Vector_base()
 .text._ZNSt7__cxx1110_List_baseIPN8servo_md13CanControllerIfEESaIS4_EE10_List_implC2Ev
                0x0000000008001d80       0x20 ./Core/Src/CanController.o
                0x0000000008001d80                std::__cxx11::_List_base<servo_md::CanController<float>*, std::allocator<servo_md::CanController<float>*> >::_List_impl::_List_impl()
                0x0000000008001d80                std::__cxx11::_List_base<servo_md::CanController<float>*, std::allocator<servo_md::CanController<float>*> >::_List_impl::_List_impl()
 .text._ZNSaISt10_List_nodeIPN8servo_md13CanControllerIfEEEED2Ev
                0x0000000008001da0       0x14 ./Core/Src/CanController.o
                0x0000000008001da0                std::allocator<std::_List_node<servo_md::CanController<float>*> >::~allocator()
                0x0000000008001da0                std::allocator<std::_List_node<servo_md::CanController<float>*> >::~allocator()
 .text._ZNSt7__cxx1110_List_baseIPN8servo_md13CanControllerIfEESaIS4_EED2Ev
                0x0000000008001db4       0x20 ./Core/Src/CanController.o
                0x0000000008001db4                std::__cxx11::_List_base<servo_md::CanController<float>*, std::allocator<servo_md::CanController<float>*> >::~_List_base()
                0x0000000008001db4                std::__cxx11::_List_base<servo_md::CanController<float>*, std::allocator<servo_md::CanController<float>*> >::~_List_base()
 .text._ZNSt7__cxx1110_List_baseIPN8servo_md13CanControllerIhEESaIS4_EE10_List_implC2Ev
                0x0000000008001dd4       0x20 ./Core/Src/CanController.o
                0x0000000008001dd4                std::__cxx11::_List_base<servo_md::CanController<unsigned char>*, std::allocator<servo_md::CanController<unsigned char>*> >::_List_impl::_List_impl()
                0x0000000008001dd4                std::__cxx11::_List_base<servo_md::CanController<unsigned char>*, std::allocator<servo_md::CanController<unsigned char>*> >::_List_impl::_List_impl()
 .text._ZNSaISt10_List_nodeIPN8servo_md13CanControllerIhEEEED2Ev
                0x0000000008001df4       0x14 ./Core/Src/CanController.o
                0x0000000008001df4                std::allocator<std::_List_node<servo_md::CanController<unsigned char>*> >::~allocator()
                0x0000000008001df4                std::allocator<std::_List_node<servo_md::CanController<unsigned char>*> >::~allocator()
 .text._ZNSt7__cxx1110_List_baseIPN8servo_md13CanControllerIhEESaIS4_EED2Ev
                0x0000000008001e08       0x20 ./Core/Src/CanController.o
                0x0000000008001e08                std::__cxx11::_List_base<servo_md::CanController<unsigned char>*, std::allocator<servo_md::CanController<unsigned char>*> >::~_List_base()
                0x0000000008001e08                std::__cxx11::_List_base<servo_md::CanController<unsigned char>*, std::allocator<servo_md::CanController<unsigned char>*> >::~_List_base()
 .text._ZNSaIN6CRSLib3Can6RM00087RxFrameEEC2Ev
                0x0000000008001e28       0x18 ./Core/Src/CanController.o
                0x0000000008001e28                std::allocator<CRSLib::Can::RM0008::RxFrame>::allocator()
                0x0000000008001e28                std::allocator<CRSLib::Can::RM0008::RxFrame>::allocator()
 .text._ZNSt12_Vector_baseIN6CRSLib3Can6RM00087RxFrameESaIS3_EE17_Vector_impl_dataC2Ev
                0x0000000008001e40       0x26 ./Core/Src/CanController.o
                0x0000000008001e40                std::_Vector_base<CRSLib::Can::RM0008::RxFrame, std::allocator<CRSLib::Can::RM0008::RxFrame> >::_Vector_impl_data::_Vector_impl_data()
                0x0000000008001e40                std::_Vector_base<CRSLib::Can::RM0008::RxFrame, std::allocator<CRSLib::Can::RM0008::RxFrame> >::_Vector_impl_data::_Vector_impl_data()
 .text._ZNSt12_Vector_baseIN6CRSLib3Can6RM00087RxFrameESaIS3_EE13_M_deallocateEPS3_j
                0x0000000008001e66       0x26 ./Core/Src/CanController.o
                0x0000000008001e66                std::_Vector_base<CRSLib::Can::RM0008::RxFrame, std::allocator<CRSLib::Can::RM0008::RxFrame> >::_M_deallocate(CRSLib::Can::RM0008::RxFrame*, unsigned int)
 .text._ZNSaISt10_List_nodeIPN8servo_md13CanControllerIfEEEEC2Ev
                0x0000000008001e8c       0x18 ./Core/Src/CanController.o
                0x0000000008001e8c                std::allocator<std::_List_node<servo_md::CanController<float>*> >::allocator()
                0x0000000008001e8c                std::allocator<std::_List_node<servo_md::CanController<float>*> >::allocator()
 .text._ZNSt7__cxx1110_List_baseIPN8servo_md13CanControllerIfEESaIS4_EE8_M_clearEv
                0x0000000008001ea4       0x4a ./Core/Src/CanController.o
                0x0000000008001ea4                std::__cxx11::_List_base<servo_md::CanController<float>*, std::allocator<servo_md::CanController<float>*> >::_M_clear()
 .text._ZNSt10_List_nodeIPN8servo_md13CanControllerIfEEE9_M_valptrEv
                0x0000000008001eee       0x1c ./Core/Src/CanController.o
                0x0000000008001eee                std::_List_node<servo_md::CanController<float>*>::_M_valptr()
 .text._ZNSaISt10_List_nodeIPN8servo_md13CanControllerIhEEEEC2Ev
                0x0000000008001f0a       0x18 ./Core/Src/CanController.o
                0x0000000008001f0a                std::allocator<std::_List_node<servo_md::CanController<unsigned char>*> >::allocator()
                0x0000000008001f0a                std::allocator<std::_List_node<servo_md::CanController<unsigned char>*> >::allocator()
 .text._ZNSt7__cxx1110_List_baseIPN8servo_md13CanControllerIhEESaIS4_EE8_M_clearEv
                0x0000000008001f22       0x4a ./Core/Src/CanController.o
                0x0000000008001f22                std::__cxx11::_List_base<servo_md::CanController<unsigned char>*, std::allocator<servo_md::CanController<unsigned char>*> >::_M_clear()
 .text._ZNSt10_List_nodeIPN8servo_md13CanControllerIhEEE9_M_valptrEv
                0x0000000008001f6c       0x1c ./Core/Src/CanController.o
                0x0000000008001f6c                std::_List_node<servo_md::CanController<unsigned char>*>::_M_valptr()
 .text._ZN9__gnu_cxx13new_allocatorIN6CRSLib3Can6RM00087RxFrameEEC2Ev
                0x0000000008001f88       0x14 ./Core/Src/CanController.o
                0x0000000008001f88                __gnu_cxx::new_allocator<CRSLib::Can::RM0008::RxFrame>::new_allocator()
                0x0000000008001f88                __gnu_cxx::new_allocator<CRSLib::Can::RM0008::RxFrame>::new_allocator()
 .text._ZNSt16allocator_traitsISaIN6CRSLib3Can6RM00087RxFrameEEE10deallocateERS4_PS3_j
                0x0000000008001f9c       0x3e ./Core/Src/CanController.o
                0x0000000008001f9c                std::allocator_traits<std::allocator<CRSLib::Can::RM0008::RxFrame> >::deallocate(std::allocator<CRSLib::Can::RM0008::RxFrame>&, CRSLib::Can::RM0008::RxFrame*, unsigned int)
 .text._ZN9__gnu_cxx13new_allocatorISt10_List_nodeIPN8servo_md13CanControllerIfEEEEC2Ev
                0x0000000008001fda       0x14 ./Core/Src/CanController.o
                0x0000000008001fda                __gnu_cxx::new_allocator<std::_List_node<servo_md::CanController<float>*> >::new_allocator()
                0x0000000008001fda                __gnu_cxx::new_allocator<std::_List_node<servo_md::CanController<float>*> >::new_allocator()
 .text._ZNSt7__cxx1110_List_baseIPN8servo_md13CanControllerIfEESaIS4_EE21_M_get_Node_allocatorEv
                0x0000000008001fee       0x14 ./Core/Src/CanController.o
                0x0000000008001fee                std::__cxx11::_List_base<servo_md::CanController<float>*, std::allocator<servo_md::CanController<float>*> >::_M_get_Node_allocator()
 .text._ZNSt16allocator_traitsISaISt10_List_nodeIPN8servo_md13CanControllerIfEEEEE7destroyIS4_EEvRS6_PT_
                0x0000000008002002       0x18 ./Core/Src/CanController.o
                0x0000000008002002                void std::allocator_traits<std::allocator<std::_List_node<servo_md::CanController<float>*> > >::destroy<servo_md::CanController<float>*>(std::allocator<std::_List_node<servo_md::CanController<float>*> >&, servo_md::CanController<float>**)
 .text._ZNSt7__cxx1110_List_baseIPN8servo_md13CanControllerIfEESaIS4_EE11_M_put_nodeEPSt10_List_nodeIS4_E
                0x000000000800201a       0x1e ./Core/Src/CanController.o
                0x000000000800201a                std::__cxx11::_List_base<servo_md::CanController<float>*, std::allocator<servo_md::CanController<float>*> >::_M_put_node(std::_List_node<servo_md::CanController<float>*>*)
 .text._ZNSt12_Vector_baseIN6CRSLib3Can6RM00087RxFrameESaIS3_EE19_M_get_Tp_allocatorEv
                0x0000000008002038       0x14 ./Core/Src/CanController.o
                0x0000000008002038                std::_Vector_base<CRSLib::Can::RM0008::RxFrame, std::allocator<CRSLib::Can::RM0008::RxFrame> >::_M_get_Tp_allocator()
 .text._ZSt8_DestroyIPN6CRSLib3Can6RM00087RxFrameES3_EvT_S5_RSaIT0_E
                0x000000000800204c       0x1c ./Core/Src/CanController.o
                0x000000000800204c                void std::_Destroy<CRSLib::Can::RM0008::RxFrame*, CRSLib::Can::RM0008::RxFrame>(CRSLib::Can::RM0008::RxFrame*, CRSLib::Can::RM0008::RxFrame*, std::allocator<CRSLib::Can::RM0008::RxFrame>&)
 .text._ZN9__gnu_cxx16__aligned_membufIPN8servo_md13CanControllerIfEEE6_M_ptrEv
                0x0000000008002068       0x18 ./Core/Src/CanController.o
                0x0000000008002068                __gnu_cxx::__aligned_membuf<servo_md::CanController<float>*>::_M_ptr()
 .text._ZN9__gnu_cxx13new_allocatorISt10_List_nodeIPN8servo_md13CanControllerIhEEEEC2Ev
                0x0000000008002080       0x14 ./Core/Src/CanController.o
                0x0000000008002080                __gnu_cxx::new_allocator<std::_List_node<servo_md::CanController<unsigned char>*> >::new_allocator()
                0x0000000008002080                __gnu_cxx::new_allocator<std::_List_node<servo_md::CanController<unsigned char>*> >::new_allocator()
 .text._ZNSt7__cxx1110_List_baseIPN8servo_md13CanControllerIhEESaIS4_EE21_M_get_Node_allocatorEv
                0x0000000008002094       0x14 ./Core/Src/CanController.o
                0x0000000008002094                std::__cxx11::_List_base<servo_md::CanController<unsigned char>*, std::allocator<servo_md::CanController<unsigned char>*> >::_M_get_Node_allocator()
 .text._ZNSt16allocator_traitsISaISt10_List_nodeIPN8servo_md13CanControllerIhEEEEE7destroyIS4_EEvRS6_PT_
                0x00000000080020a8       0x18 ./Core/Src/CanController.o
                0x00000000080020a8                void std::allocator_traits<std::allocator<std::_List_node<servo_md::CanController<unsigned char>*> > >::destroy<servo_md::CanController<unsigned char>*>(std::allocator<std::_List_node<servo_md::CanController<unsigned char>*> >&, servo_md::CanController<unsigned char>**)
 .text._ZNSt7__cxx1110_List_baseIPN8servo_md13CanControllerIhEESaIS4_EE11_M_put_nodeEPSt10_List_nodeIS4_E
                0x00000000080020c0       0x1e ./Core/Src/CanController.o
                0x00000000080020c0                std::__cxx11::_List_base<servo_md::CanController<unsigned char>*, std::allocator<servo_md::CanController<unsigned char>*> >::_M_put_node(std::_List_node<servo_md::CanController<unsigned char>*>*)
 .text._ZN9__gnu_cxx16__aligned_membufIPN8servo_md13CanControllerIhEEE6_M_ptrEv
                0x00000000080020de       0x18 ./Core/Src/CanController.o
                0x00000000080020de                __gnu_cxx::__aligned_membuf<servo_md::CanController<unsigned char>*>::_M_ptr()
 .text._ZSt10destroy_atIPN8servo_md13CanControllerIfEEEvPT_
                0x00000000080020f6       0x12 ./Core/Src/CanController.o
                0x00000000080020f6                void std::destroy_at<servo_md::CanController<float>*>(servo_md::CanController<float>**)
 .text._ZNSt16allocator_traitsISaISt10_List_nodeIPN8servo_md13CanControllerIfEEEEE10deallocateERS6_PS5_j
                0x0000000008002108       0x3e ./Core/Src/CanController.o
                0x0000000008002108                std::allocator_traits<std::allocator<std::_List_node<servo_md::CanController<float>*> > >::deallocate(std::allocator<std::_List_node<servo_md::CanController<float>*> >&, std::_List_node<servo_md::CanController<float>*>*, unsigned int)
 .text._ZSt10destroy_atIN6CRSLib3Can6RM00087RxFrameEEvPT_
                0x0000000008002146       0x12 ./Core/Src/CanController.o
                0x0000000008002146                void std::destroy_at<CRSLib::Can::RM0008::RxFrame>(CRSLib::Can::RM0008::RxFrame*)
 .text._ZSt8_DestroyIPN6CRSLib3Can6RM00087RxFrameEEvT_S5_
                0x0000000008002158       0x2c ./Core/Src/CanController.o
                0x0000000008002158                void std::_Destroy<CRSLib::Can::RM0008::RxFrame*>(CRSLib::Can::RM0008::RxFrame*, CRSLib::Can::RM0008::RxFrame*)
 .text._ZN9__gnu_cxx16__aligned_membufIPN8servo_md13CanControllerIfEEE7_M_addrEv
                0x0000000008002184       0x14 ./Core/Src/CanController.o
                0x0000000008002184                __gnu_cxx::__aligned_membuf<servo_md::CanController<float>*>::_M_addr()
 .text._ZSt10destroy_atIPN8servo_md13CanControllerIhEEEvPT_
                0x0000000008002198       0x12 ./Core/Src/CanController.o
                0x0000000008002198                void std::destroy_at<servo_md::CanController<unsigned char>*>(servo_md::CanController<unsigned char>**)
 .text._ZNSt16allocator_traitsISaISt10_List_nodeIPN8servo_md13CanControllerIhEEEEE10deallocateERS6_PS5_j
                0x00000000080021aa       0x3e ./Core/Src/CanController.o
                0x00000000080021aa                std::allocator_traits<std::allocator<std::_List_node<servo_md::CanController<unsigned char>*> > >::deallocate(std::allocator<std::_List_node<servo_md::CanController<unsigned char>*> >&, std::_List_node<servo_md::CanController<unsigned char>*>*, unsigned int)
 .text._ZN9__gnu_cxx16__aligned_membufIPN8servo_md13CanControllerIhEEE7_M_addrEv
                0x00000000080021e8       0x14 ./Core/Src/CanController.o
                0x00000000080021e8                __gnu_cxx::__aligned_membuf<servo_md::CanController<unsigned char>*>::_M_addr()
 .text._ZN9__gnu_cxx13new_allocatorIN6CRSLib3Can6RM00087RxFrameEE10deallocateEPS4_j
                0x00000000080021fc       0x24 ./Core/Src/CanController.o
                0x00000000080021fc                __gnu_cxx::new_allocator<CRSLib::Can::RM0008::RxFrame>::deallocate(CRSLib::Can::RM0008::RxFrame*, unsigned int)
 .text._ZNSt12_Destroy_auxILb0EE9__destroyIPN6CRSLib3Can6RM00087RxFrameEEEvT_S7_
                0x0000000008002220       0x30 ./Core/Src/CanController.o
                0x0000000008002220                void std::_Destroy_aux<false>::__destroy<CRSLib::Can::RM0008::RxFrame*>(CRSLib::Can::RM0008::RxFrame*, CRSLib::Can::RM0008::RxFrame*)
 .text._ZNSt12_Destroy_auxILb1EE9__destroyIPN6CRSLib3Can6RM00087RxFrameEEEvT_S7_
                0x0000000008002250       0x14 ./Core/Src/CanController.o
                0x0000000008002250                void std::_Destroy_aux<true>::__destroy<CRSLib::Can::RM0008::RxFrame*>(CRSLib::Can::RM0008::RxFrame*, CRSLib::Can::RM0008::RxFrame*)
 .text._ZN9__gnu_cxx13new_allocatorISt10_List_nodeIPN8servo_md13CanControllerIfEEEE10deallocateEPS6_j
                0x0000000008002264       0x24 ./Core/Src/CanController.o
                0x0000000008002264                __gnu_cxx::new_allocator<std::_List_node<servo_md::CanController<float>*> >::deallocate(std::_List_node<servo_md::CanController<float>*>*, unsigned int)
 .text._ZSt11__addressofIN6CRSLib3Can6RM00087RxFrameEEPT_RS4_
                0x0000000008002288       0x14 ./Core/Src/CanController.o
                0x0000000008002288                CRSLib::Can::RM0008::RxFrame* std::__addressof<CRSLib::Can::RM0008::RxFrame>(CRSLib::Can::RM0008::RxFrame&)
 .text._ZSt8_DestroyIN6CRSLib3Can6RM00087RxFrameEEvPT_
                0x000000000800229c       0x16 ./Core/Src/CanController.o
                0x000000000800229c                void std::_Destroy<CRSLib::Can::RM0008::RxFrame>(CRSLib::Can::RM0008::RxFrame*)
 .text._ZN9__gnu_cxx13new_allocatorISt10_List_nodeIPN8servo_md13CanControllerIhEEEE10deallocateEPS6_j
                0x00000000080022b2       0x24 ./Core/Src/CanController.o
                0x00000000080022b2                __gnu_cxx::new_allocator<std::_List_node<servo_md::CanController<unsigned char>*> >::deallocate(std::_List_node<servo_md::CanController<unsigned char>*>*, unsigned int)
 .text._ZNSt7__cxx114listIPN8servo_md13CanControllerIhEESaIS4_EED2Ev
                0x00000000080022d6       0x1a ./Core/Src/CanController.o
                0x00000000080022d6                std::__cxx11::list<servo_md::CanController<unsigned char>*, std::allocator<servo_md::CanController<unsigned char>*> >::~list()
                0x00000000080022d6                std::__cxx11::list<servo_md::CanController<unsigned char>*, std::allocator<servo_md::CanController<unsigned char>*> >::~list()
 .text._ZNSt7__cxx114listIPN8servo_md13CanControllerIfEESaIS4_EED2Ev
                0x00000000080022f0       0x1a ./Core/Src/CanController.o
                0x00000000080022f0                std::__cxx11::list<servo_md::CanController<float>*, std::allocator<servo_md::CanController<float>*> >::~list()
                0x00000000080022f0                std::__cxx11::list<servo_md::CanController<float>*, std::allocator<servo_md::CanController<float>*> >::~list()
 *fill*         0x000000000800230a        0x2 
 .text._Z41__static_initialization_and_destruction_0ii
                0x000000000800230c      0x164 ./Core/Src/CanController.o
 .text._ZNSt6vectorIN6CRSLib3Can6RM00087RxFrameESaIS3_EED2Ev
                0x0000000008002470       0x36 ./Core/Src/CanController.o
                0x0000000008002470                std::vector<CRSLib::Can::RM0008::RxFrame, std::allocator<CRSLib::Can::RM0008::RxFrame> >::~vector()
                0x0000000008002470                std::vector<CRSLib::Can::RM0008::RxFrame, std::allocator<CRSLib::Can::RM0008::RxFrame> >::~vector()
 .text._GLOBAL__sub_I_CanController.cpp
                0x00000000080024a6       0x10 ./Core/Src/CanController.o
 .text._GLOBAL__sub_D_CanController.cpp
                0x00000000080024b6       0x10 ./Core/Src/CanController.o
 .text._ZN8servo_md15MotorController18emergency_callbackEv
                0x00000000080024c6       0x18 ./Core/Src/MotorController.o
                0x00000000080024c6                servo_md::MotorController::emergency_callback()
 .text._ZN8servo_md15MotorController6updateEv
                0x00000000080024de       0x40 ./Core/Src/MotorController.o
                0x00000000080024de                servo_md::MotorController::update()
 .text._ZNSt7__cxx1110_List_baseIPN8servo_md15MotorControllerESaIS3_EE10_List_implD2Ev
                0x000000000800251e       0x18 ./Core/Src/MotorController.o
                0x000000000800251e                std::__cxx11::_List_base<servo_md::MotorController*, std::allocator<servo_md::MotorController*> >::_List_impl::~_List_impl()
                0x000000000800251e                std::__cxx11::_List_base<servo_md::MotorController*, std::allocator<servo_md::MotorController*> >::_List_impl::~_List_impl()
 .text._ZNSt7__cxx1110_List_baseIPN8servo_md15MotorControllerESaIS3_EEC2Ev
                0x0000000008002536       0x1a ./Core/Src/MotorController.o
                0x0000000008002536                std::__cxx11::_List_base<servo_md::MotorController*, std::allocator<servo_md::MotorController*> >::_List_base()
                0x0000000008002536                std::__cxx11::_List_base<servo_md::MotorController*, std::allocator<servo_md::MotorController*> >::_List_base()
 .text._ZNSt7__cxx114listIPN8servo_md15MotorControllerESaIS3_EEC2Ev
                0x0000000008002550       0x1a ./Core/Src/MotorController.o
                0x0000000008002550                std::__cxx11::list<servo_md::MotorController*, std::allocator<servo_md::MotorController*> >::list()
                0x0000000008002550                std::__cxx11::list<servo_md::MotorController*, std::allocator<servo_md::MotorController*> >::list()
 *fill*         0x000000000800256a        0x6 
 .text._ZN8servo_md15MotorController9set_angleEf
                0x0000000008002570       0xb8 ./Core/Src/MotorController.o
                0x0000000008002570                servo_md::MotorController::set_angle(float)
 .text._ZN8servo_md15MotorController26trigger_emergency_callbackEv
                0x0000000008002628       0x60 ./Core/Src/MotorController.o
                0x0000000008002628                servo_md::MotorController::trigger_emergency_callback()
 .text._ZN8servo_md15MotorController14trigger_updateEv
                0x0000000008002688       0x60 ./Core/Src/MotorController.o
                0x0000000008002688                servo_md::MotorController::trigger_update()
 .text._ZNSt7__cxx1110_List_baseIPN8servo_md15MotorControllerESaIS3_EE10_List_implC2Ev
                0x00000000080026e8       0x20 ./Core/Src/MotorController.o
                0x00000000080026e8                std::__cxx11::_List_base<servo_md::MotorController*, std::allocator<servo_md::MotorController*> >::_List_impl::_List_impl()
                0x00000000080026e8                std::__cxx11::_List_base<servo_md::MotorController*, std::allocator<servo_md::MotorController*> >::_List_impl::_List_impl()
 .text._ZNSaISt10_List_nodeIPN8servo_md15MotorControllerEEED2Ev
                0x0000000008002708       0x14 ./Core/Src/MotorController.o
                0x0000000008002708                std::allocator<std::_List_node<servo_md::MotorController*> >::~allocator()
                0x0000000008002708                std::allocator<std::_List_node<servo_md::MotorController*> >::~allocator()
 .text._ZNSt7__cxx1110_List_baseIPN8servo_md15MotorControllerESaIS3_EED2Ev
                0x000000000800271c       0x20 ./Core/Src/MotorController.o
                0x000000000800271c                std::__cxx11::_List_base<servo_md::MotorController*, std::allocator<servo_md::MotorController*> >::~_List_base()
                0x000000000800271c                std::__cxx11::_List_base<servo_md::MotorController*, std::allocator<servo_md::MotorController*> >::~_List_base()
 .text._ZNSt7__cxx114listIPN8servo_md15MotorControllerESaIS3_EE5beginEv
                0x000000000800273c       0x22 ./Core/Src/MotorController.o
                0x000000000800273c                std::__cxx11::list<servo_md::MotorController*, std::allocator<servo_md::MotorController*> >::begin()
 .text._ZNSt7__cxx114listIPN8servo_md15MotorControllerESaIS3_EE3endEv
                0x000000000800275e       0x20 ./Core/Src/MotorController.o
                0x000000000800275e                std::__cxx11::list<servo_md::MotorController*, std::allocator<servo_md::MotorController*> >::end()
 .text._ZSteqRKSt14_List_iteratorIPN8servo_md15MotorControllerEES5_
                0x000000000800277e       0x26 ./Core/Src/MotorController.o
                0x000000000800277e                std::operator==(std::_List_iterator<servo_md::MotorController*> const&, std::_List_iterator<servo_md::MotorController*> const&)
 .text._ZNSt14_List_iteratorIPN8servo_md15MotorControllerEEppEv
                0x00000000080027a4       0x1e ./Core/Src/MotorController.o
                0x00000000080027a4                std::_List_iterator<servo_md::MotorController*>::operator++()
 .text._ZNKSt14_List_iteratorIPN8servo_md15MotorControllerEEdeEv
                0x00000000080027c2       0x1c ./Core/Src/MotorController.o
                0x00000000080027c2                std::_List_iterator<servo_md::MotorController*>::operator*() const
 .text._ZNSaISt10_List_nodeIPN8servo_md15MotorControllerEEEC2Ev
                0x00000000080027de       0x18 ./Core/Src/MotorController.o
                0x00000000080027de                std::allocator<std::_List_node<servo_md::MotorController*> >::allocator()
                0x00000000080027de                std::allocator<std::_List_node<servo_md::MotorController*> >::allocator()
 .text._ZNSt7__cxx1110_List_baseIPN8servo_md15MotorControllerESaIS3_EE8_M_clearEv
                0x00000000080027f6       0x4a ./Core/Src/MotorController.o
                0x00000000080027f6                std::__cxx11::_List_base<servo_md::MotorController*, std::allocator<servo_md::MotorController*> >::_M_clear()
 .text._ZNSt14_List_iteratorIPN8servo_md15MotorControllerEEC2EPNSt8__detail15_List_node_baseE
                0x0000000008002840       0x1c ./Core/Src/MotorController.o
                0x0000000008002840                std::_List_iterator<servo_md::MotorController*>::_List_iterator(std::__detail::_List_node_base*)
                0x0000000008002840                std::_List_iterator<servo_md::MotorController*>::_List_iterator(std::__detail::_List_node_base*)
 .text._ZNSt10_List_nodeIPN8servo_md15MotorControllerEE9_M_valptrEv
                0x000000000800285c       0x1c ./Core/Src/MotorController.o
                0x000000000800285c                std::_List_node<servo_md::MotorController*>::_M_valptr()
 .text._ZN9__gnu_cxx13new_allocatorISt10_List_nodeIPN8servo_md15MotorControllerEEEC2Ev
                0x0000000008002878       0x14 ./Core/Src/MotorController.o
                0x0000000008002878                __gnu_cxx::new_allocator<std::_List_node<servo_md::MotorController*> >::new_allocator()
                0x0000000008002878                __gnu_cxx::new_allocator<std::_List_node<servo_md::MotorController*> >::new_allocator()
 .text._ZNSt7__cxx1110_List_baseIPN8servo_md15MotorControllerESaIS3_EE21_M_get_Node_allocatorEv
                0x000000000800288c       0x14 ./Core/Src/MotorController.o
                0x000000000800288c                std::__cxx11::_List_base<servo_md::MotorController*, std::allocator<servo_md::MotorController*> >::_M_get_Node_allocator()
 .text._ZNSt16allocator_traitsISaISt10_List_nodeIPN8servo_md15MotorControllerEEEE7destroyIS3_EEvRS5_PT_
                0x00000000080028a0       0x18 ./Core/Src/MotorController.o
                0x00000000080028a0                void std::allocator_traits<std::allocator<std::_List_node<servo_md::MotorController*> > >::destroy<servo_md::MotorController*>(std::allocator<std::_List_node<servo_md::MotorController*> >&, servo_md::MotorController**)
 .text._ZNSt7__cxx1110_List_baseIPN8servo_md15MotorControllerESaIS3_EE11_M_put_nodeEPSt10_List_nodeIS3_E
                0x00000000080028b8       0x1e ./Core/Src/MotorController.o
                0x00000000080028b8                std::__cxx11::_List_base<servo_md::MotorController*, std::allocator<servo_md::MotorController*> >::_M_put_node(std::_List_node<servo_md::MotorController*>*)
 .text._ZN9__gnu_cxx16__aligned_membufIPN8servo_md15MotorControllerEE6_M_ptrEv
                0x00000000080028d6       0x18 ./Core/Src/MotorController.o
                0x00000000080028d6                __gnu_cxx::__aligned_membuf<servo_md::MotorController*>::_M_ptr()
 .text._ZSt10destroy_atIPN8servo_md15MotorControllerEEvPT_
                0x00000000080028ee       0x12 ./Core/Src/MotorController.o
                0x00000000080028ee                void std::destroy_at<servo_md::MotorController*>(servo_md::MotorController**)
 .text._ZNSt16allocator_traitsISaISt10_List_nodeIPN8servo_md15MotorControllerEEEE10deallocateERS5_PS4_j
                0x0000000008002900       0x3e ./Core/Src/MotorController.o
                0x0000000008002900                std::allocator_traits<std::allocator<std::_List_node<servo_md::MotorController*> > >::deallocate(std::allocator<std::_List_node<servo_md::MotorController*> >&, std::_List_node<servo_md::MotorController*>*, unsigned int)
 .text._ZN9__gnu_cxx16__aligned_membufIPN8servo_md15MotorControllerEE7_M_addrEv
                0x000000000800293e       0x14 ./Core/Src/MotorController.o
                0x000000000800293e                __gnu_cxx::__aligned_membuf<servo_md::MotorController*>::_M_addr()
 .text._ZN9__gnu_cxx13new_allocatorISt10_List_nodeIPN8servo_md15MotorControllerEEE10deallocateEPS5_j
                0x0000000008002952       0x24 ./Core/Src/MotorController.o
                0x0000000008002952                __gnu_cxx::new_allocator<std::_List_node<servo_md::MotorController*> >::deallocate(std::_List_node<servo_md::MotorController*>*, unsigned int)
 .text._ZNSt7__cxx114listIPN8servo_md15MotorControllerESaIS3_EED2Ev
                0x0000000008002976       0x1a ./Core/Src/MotorController.o
                0x0000000008002976                std::__cxx11::list<servo_md::MotorController*, std::allocator<servo_md::MotorController*> >::~list()
                0x0000000008002976                std::__cxx11::list<servo_md::MotorController*, std::allocator<servo_md::MotorController*> >::~list()
 .text._Z41__static_initialization_and_destruction_0ii
                0x0000000008002990       0x44 ./Core/Src/MotorController.o
 .text._GLOBAL__sub_I__ZN8servo_md15MotorController10pInstancesB5cxx11E
                0x00000000080029d4       0x10 ./Core/Src/MotorController.o
 .text._GLOBAL__sub_D__ZN8servo_md15MotorController10pInstancesB5cxx11E
                0x00000000080029e4       0x10 ./Core/Src/MotorController.o
 .text._ZN8servo_md10Parameters18emergency_callbackEv
                0x00000000080029f4       0x18 ./Core/Src/Parameters.o
                0x00000000080029f4                servo_md::Parameters::emergency_callback()
 .text._ZNSt7__cxx1110_List_baseIPN8servo_md10ParametersESaIS3_EE10_List_implD2Ev
                0x0000000008002a0c       0x18 ./Core/Src/Parameters.o
                0x0000000008002a0c                std::__cxx11::_List_base<servo_md::Parameters*, std::allocator<servo_md::Parameters*> >::_List_impl::~_List_impl()
                0x0000000008002a0c                std::__cxx11::_List_base<servo_md::Parameters*, std::allocator<servo_md::Parameters*> >::_List_impl::~_List_impl()
 .text._ZNSt7__cxx1110_List_baseIPN8servo_md10ParametersESaIS3_EEC2Ev
                0x0000000008002a24       0x1a ./Core/Src/Parameters.o
                0x0000000008002a24                std::__cxx11::_List_base<servo_md::Parameters*, std::allocator<servo_md::Parameters*> >::_List_base()
                0x0000000008002a24                std::__cxx11::_List_base<servo_md::Parameters*, std::allocator<servo_md::Parameters*> >::_List_base()
 .text._ZNSt7__cxx114listIPN8servo_md10ParametersESaIS3_EEC2Ev
                0x0000000008002a3e       0x1a ./Core/Src/Parameters.o
                0x0000000008002a3e                std::__cxx11::list<servo_md::Parameters*, std::allocator<servo_md::Parameters*> >::list()
                0x0000000008002a3e                std::__cxx11::list<servo_md::Parameters*, std::allocator<servo_md::Parameters*> >::list()
 .text._ZN8servo_md10Parameters16get_motor_paramsEv
                0x0000000008002a58       0x22 ./Core/Src/Parameters.o
                0x0000000008002a58                servo_md::Parameters::get_motor_params()
 .text._ZN8servo_md10Parameters15set_motor_paramERKNS_10MotorParamE
                0x0000000008002a7a       0x22 ./Core/Src/Parameters.o
                0x0000000008002a7a                servo_md::Parameters::set_motor_param(servo_md::MotorParam const&)
 .text._ZN8servo_md10Parameters7set_BIDEm
                0x0000000008002a9c       0x1c ./Core/Src/Parameters.o
                0x0000000008002a9c                servo_md::Parameters::set_BID(unsigned long)
 .text._ZN8servo_md10Parameters26trigger_emergency_callbackEv
                0x0000000008002ab8       0x60 ./Core/Src/Parameters.o
                0x0000000008002ab8                servo_md::Parameters::trigger_emergency_callback()
 .text._ZNSt7__cxx1110_List_baseIPN8servo_md10ParametersESaIS3_EE10_List_implC2Ev
                0x0000000008002b18       0x20 ./Core/Src/Parameters.o
                0x0000000008002b18                std::__cxx11::_List_base<servo_md::Parameters*, std::allocator<servo_md::Parameters*> >::_List_impl::_List_impl()
                0x0000000008002b18                std::__cxx11::_List_base<servo_md::Parameters*, std::allocator<servo_md::Parameters*> >::_List_impl::_List_impl()
 .text._ZNSaISt10_List_nodeIPN8servo_md10ParametersEEED2Ev
                0x0000000008002b38       0x14 ./Core/Src/Parameters.o
                0x0000000008002b38                std::allocator<std::_List_node<servo_md::Parameters*> >::~allocator()
                0x0000000008002b38                std::allocator<std::_List_node<servo_md::Parameters*> >::~allocator()
 .text._ZNSt7__cxx1110_List_baseIPN8servo_md10ParametersESaIS3_EED2Ev
                0x0000000008002b4c       0x20 ./Core/Src/Parameters.o
                0x0000000008002b4c                std::__cxx11::_List_base<servo_md::Parameters*, std::allocator<servo_md::Parameters*> >::~_List_base()
                0x0000000008002b4c                std::__cxx11::_List_base<servo_md::Parameters*, std::allocator<servo_md::Parameters*> >::~_List_base()
 .text._ZNSt7__cxx114listIPN8servo_md10ParametersESaIS3_EE5beginEv
                0x0000000008002b6c       0x22 ./Core/Src/Parameters.o
                0x0000000008002b6c                std::__cxx11::list<servo_md::Parameters*, std::allocator<servo_md::Parameters*> >::begin()
 .text._ZNSt7__cxx114listIPN8servo_md10ParametersESaIS3_EE3endEv
                0x0000000008002b8e       0x20 ./Core/Src/Parameters.o
                0x0000000008002b8e                std::__cxx11::list<servo_md::Parameters*, std::allocator<servo_md::Parameters*> >::end()
 .text._ZSteqRKSt14_List_iteratorIPN8servo_md10ParametersEES5_
                0x0000000008002bae       0x26 ./Core/Src/Parameters.o
                0x0000000008002bae                std::operator==(std::_List_iterator<servo_md::Parameters*> const&, std::_List_iterator<servo_md::Parameters*> const&)
 .text._ZNSt14_List_iteratorIPN8servo_md10ParametersEEppEv
                0x0000000008002bd4       0x1e ./Core/Src/Parameters.o
                0x0000000008002bd4                std::_List_iterator<servo_md::Parameters*>::operator++()
 .text._ZNKSt14_List_iteratorIPN8servo_md10ParametersEEdeEv
                0x0000000008002bf2       0x1c ./Core/Src/Parameters.o
                0x0000000008002bf2                std::_List_iterator<servo_md::Parameters*>::operator*() const
 .text._ZNSaISt10_List_nodeIPN8servo_md10ParametersEEEC2Ev
                0x0000000008002c0e       0x18 ./Core/Src/Parameters.o
                0x0000000008002c0e                std::allocator<std::_List_node<servo_md::Parameters*> >::allocator()
                0x0000000008002c0e                std::allocator<std::_List_node<servo_md::Parameters*> >::allocator()
 .text._ZNSt7__cxx1110_List_baseIPN8servo_md10ParametersESaIS3_EE8_M_clearEv
                0x0000000008002c26       0x4a ./Core/Src/Parameters.o
                0x0000000008002c26                std::__cxx11::_List_base<servo_md::Parameters*, std::allocator<servo_md::Parameters*> >::_M_clear()
 .text._ZNSt14_List_iteratorIPN8servo_md10ParametersEEC2EPNSt8__detail15_List_node_baseE
                0x0000000008002c70       0x1c ./Core/Src/Parameters.o
                0x0000000008002c70                std::_List_iterator<servo_md::Parameters*>::_List_iterator(std::__detail::_List_node_base*)
                0x0000000008002c70                std::_List_iterator<servo_md::Parameters*>::_List_iterator(std::__detail::_List_node_base*)
 .text._ZNSt10_List_nodeIPN8servo_md10ParametersEE9_M_valptrEv
                0x0000000008002c8c       0x1c ./Core/Src/Parameters.o
                0x0000000008002c8c                std::_List_node<servo_md::Parameters*>::_M_valptr()
 .text._ZN9__gnu_cxx13new_allocatorISt10_List_nodeIPN8servo_md10ParametersEEEC2Ev
                0x0000000008002ca8       0x14 ./Core/Src/Parameters.o
                0x0000000008002ca8                __gnu_cxx::new_allocator<std::_List_node<servo_md::Parameters*> >::new_allocator()
                0x0000000008002ca8                __gnu_cxx::new_allocator<std::_List_node<servo_md::Parameters*> >::new_allocator()
 .text._ZNSt7__cxx1110_List_baseIPN8servo_md10ParametersESaIS3_EE21_M_get_Node_allocatorEv
                0x0000000008002cbc       0x14 ./Core/Src/Parameters.o
                0x0000000008002cbc                std::__cxx11::_List_base<servo_md::Parameters*, std::allocator<servo_md::Parameters*> >::_M_get_Node_allocator()
 .text._ZNSt16allocator_traitsISaISt10_List_nodeIPN8servo_md10ParametersEEEE7destroyIS3_EEvRS5_PT_
                0x0000000008002cd0       0x18 ./Core/Src/Parameters.o
                0x0000000008002cd0                void std::allocator_traits<std::allocator<std::_List_node<servo_md::Parameters*> > >::destroy<servo_md::Parameters*>(std::allocator<std::_List_node<servo_md::Parameters*> >&, servo_md::Parameters**)
 .text._ZNSt7__cxx1110_List_baseIPN8servo_md10ParametersESaIS3_EE11_M_put_nodeEPSt10_List_nodeIS3_E
                0x0000000008002ce8       0x1e ./Core/Src/Parameters.o
                0x0000000008002ce8                std::__cxx11::_List_base<servo_md::Parameters*, std::allocator<servo_md::Parameters*> >::_M_put_node(std::_List_node<servo_md::Parameters*>*)
 .text._ZN9__gnu_cxx16__aligned_membufIPN8servo_md10ParametersEE6_M_ptrEv
                0x0000000008002d06       0x18 ./Core/Src/Parameters.o
                0x0000000008002d06                __gnu_cxx::__aligned_membuf<servo_md::Parameters*>::_M_ptr()
 .text._ZSt10destroy_atIPN8servo_md10ParametersEEvPT_
                0x0000000008002d1e       0x12 ./Core/Src/Parameters.o
                0x0000000008002d1e                void std::destroy_at<servo_md::Parameters*>(servo_md::Parameters**)
 .text._ZNSt16allocator_traitsISaISt10_List_nodeIPN8servo_md10ParametersEEEE10deallocateERS5_PS4_j
                0x0000000008002d30       0x3e ./Core/Src/Parameters.o
                0x0000000008002d30                std::allocator_traits<std::allocator<std::_List_node<servo_md::Parameters*> > >::deallocate(std::allocator<std::_List_node<servo_md::Parameters*> >&, std::_List_node<servo_md::Parameters*>*, unsigned int)
 .text._ZN9__gnu_cxx16__aligned_membufIPN8servo_md10ParametersEE7_M_addrEv
                0x0000000008002d6e       0x14 ./Core/Src/Parameters.o
                0x0000000008002d6e                __gnu_cxx::__aligned_membuf<servo_md::Parameters*>::_M_addr()
 .text._ZN9__gnu_cxx13new_allocatorISt10_List_nodeIPN8servo_md10ParametersEEE10deallocateEPS5_j
                0x0000000008002d82       0x24 ./Core/Src/Parameters.o
                0x0000000008002d82                __gnu_cxx::new_allocator<std::_List_node<servo_md::Parameters*> >::deallocate(std::_List_node<servo_md::Parameters*>*, unsigned int)
 .text._ZNSt7__cxx114listIPN8servo_md10ParametersESaIS3_EED2Ev
                0x0000000008002da6       0x1a ./Core/Src/Parameters.o
                0x0000000008002da6                std::__cxx11::list<servo_md::Parameters*, std::allocator<servo_md::Parameters*> >::~list()
                0x0000000008002da6                std::__cxx11::list<servo_md::Parameters*, std::allocator<servo_md::Parameters*> >::~list()
 .text._Z41__static_initialization_and_destruction_0ii
                0x0000000008002dc0       0x44 ./Core/Src/Parameters.o
 .text._GLOBAL__sub_I__ZN8servo_md10Parameters10pInstancesB5cxx11E
                0x0000000008002e04       0x10 ./Core/Src/Parameters.o
 .text._GLOBAL__sub_D__ZN8servo_md10Parameters10pInstancesB5cxx11E
                0x0000000008002e14       0x10 ./Core/Src/Parameters.o
 .text._ZN8servo_md7led_mgr11led_processEv
                0x0000000008002e24      0x22c ./Core/Src/led_process.o
                0x0000000008002e24                servo_md::led_mgr::led_process()
 .text._ZN8servo_md7led_mgr17disable_all_motorEv
                0x0000000008003050       0x18 ./Core/Src/led_process.o
                0x0000000008003050                servo_md::led_mgr::disable_all_motor()
 .text.main     0x0000000008003068       0x26 ./Core/Src/main.o
                0x0000000008003068                main
 .text.SystemClock_Config
                0x000000000800308e       0x8a ./Core/Src/main.o
                0x000000000800308e                SystemClock_Config
 .text.MX_CAN_Init
                0x0000000008003118       0x68 ./Core/Src/main.o
 .text.MX_TIM1_Init
                0x0000000008003180      0x140 ./Core/Src/main.o
 .text.MX_TIM2_Init
                0x00000000080032c0       0xec ./Core/Src/main.o
 .text.MX_TIM3_Init
                0x00000000080033ac       0xec ./Core/Src/main.o
 .text.MX_GPIO_Init
                0x0000000008003498      0x108 ./Core/Src/main.o
 .text.Error_Handler
                0x00000000080035a0        0xa ./Core/Src/main.o
                0x00000000080035a0                Error_Handler
 *fill*         0x00000000080035aa        0x2 
 .text.HAL_MspInit
                0x00000000080035ac       0x64 ./Core/Src/stm32f1xx_hal_msp.o
                0x00000000080035ac                HAL_MspInit
 .text.HAL_CAN_MspInit
                0x0000000008003610       0xc0 ./Core/Src/stm32f1xx_hal_msp.o
                0x0000000008003610                HAL_CAN_MspInit
 .text.HAL_TIM_Base_MspInit
                0x00000000080036d0       0x88 ./Core/Src/stm32f1xx_hal_msp.o
                0x00000000080036d0                HAL_TIM_Base_MspInit
 .text.HAL_TIM_MspPostInit
                0x0000000008003758      0x110 ./Core/Src/stm32f1xx_hal_msp.o
                0x0000000008003758                HAL_TIM_MspPostInit
 .text.NMI_Handler
                0x0000000008003868        0x6 ./Core/Src/stm32f1xx_it.o
                0x0000000008003868                NMI_Handler
 .text.HardFault_Handler
                0x000000000800386e        0x6 ./Core/Src/stm32f1xx_it.o
                0x000000000800386e                HardFault_Handler
 .text.MemManage_Handler
                0x0000000008003874        0x6 ./Core/Src/stm32f1xx_it.o
                0x0000000008003874                MemManage_Handler
 .text.BusFault_Handler
                0x000000000800387a        0x6 ./Core/Src/stm32f1xx_it.o
                0x000000000800387a                BusFault_Handler
 .text.UsageFault_Handler
                0x0000000008003880        0x6 ./Core/Src/stm32f1xx_it.o
                0x0000000008003880                UsageFault_Handler
 .text.SVC_Handler
                0x0000000008003886        0xc ./Core/Src/stm32f1xx_it.o
                0x0000000008003886                SVC_Handler
 .text.DebugMon_Handler
                0x0000000008003892        0xc ./Core/Src/stm32f1xx_it.o
                0x0000000008003892                DebugMon_Handler
 .text.PendSV_Handler
                0x000000000800389e        0xc ./Core/Src/stm32f1xx_it.o
                0x000000000800389e                PendSV_Handler
 .text.SysTick_Handler
                0x00000000080038aa        0xc ./Core/Src/stm32f1xx_it.o
                0x00000000080038aa                SysTick_Handler
 .text.EXTI15_10_IRQHandler
                0x00000000080038b6       0x10 ./Core/Src/stm32f1xx_it.o
                0x00000000080038b6                EXTI15_10_IRQHandler
 .text._getpid  0x00000000080038c6        0xe ./Core/Src/syscalls.o
                0x00000000080038c6                _getpid
 .text._kill    0x00000000080038d4       0x20 ./Core/Src/syscalls.o
                0x00000000080038d4                _kill
 .text._exit    0x00000000080038f4       0x14 ./Core/Src/syscalls.o
                0x00000000080038f4                _exit
 .text.SystemInit
                0x0000000008003908        0xc ./Core/Src/system_stm32f1xx.o
                0x0000000008003908                SystemInit
 .text._ZN8servo_md10ParametersC2Ev
                0x0000000008003914       0x14 ./Core/Src/wrapper.o
                0x0000000008003914                servo_md::Parameters::Parameters()
                0x0000000008003914                servo_md::Parameters::Parameters()
 .text._ZN8servo_md15MotorControllerC2EP17TIM_HandleTypeDefRNS_10ParametersEmhttt
                0x0000000008003928       0x98 ./Core/Src/wrapper.o
                0x0000000008003928                servo_md::MotorController::MotorController(TIM_HandleTypeDef*, servo_md::Parameters&, unsigned long, unsigned char, unsigned short, unsigned short, unsigned short)
                0x0000000008003928                servo_md::MotorController::MotorController(TIM_HandleTypeDef*, servo_md::Parameters&, unsigned long, unsigned char, unsigned short, unsigned short, unsigned short)
 .text.wrapper_cpp
                0x00000000080039c0      0x148 ./Core/Src/wrapper.o
                0x00000000080039c0                wrapper_cpp
 .text._ZL21get_general_tim_clockv
                0x0000000008003b08       0x38 ./Core/Src/wrapper.o
 .text._ZL22get_advanced_tim_clockv
                0x0000000008003b40       0x38 ./Core/Src/wrapper.o
 .text.Reset_Handler
                0x0000000008003b78       0x48 ./Core/Startup/startup_stm32f103c6tx.o
                0x0000000008003b78                Reset_Handler
 .text.Default_Handler
                0x0000000008003bc0        0x2 ./Core/Startup/startup_stm32f103c6tx.o
                0x0000000008003bc0                RTC_Alarm_IRQHandler
                0x0000000008003bc0                EXTI2_IRQHandler
                0x0000000008003bc0                TIM1_CC_IRQHandler
                0x0000000008003bc0                PVD_IRQHandler
                0x0000000008003bc0                EXTI3_IRQHandler
                0x0000000008003bc0                EXTI0_IRQHandler
                0x0000000008003bc0                ADC1_2_IRQHandler
                0x0000000008003bc0                SPI1_IRQHandler
                0x0000000008003bc0                TAMPER_IRQHandler
                0x0000000008003bc0                DMA1_Channel4_IRQHandler
                0x0000000008003bc0                RTC_IRQHandler
                0x0000000008003bc0                DMA1_Channel7_IRQHandler
                0x0000000008003bc0                CAN1_RX1_IRQHandler
                0x0000000008003bc0                I2C1_EV_IRQHandler
                0x0000000008003bc0                DMA1_Channel6_IRQHandler
                0x0000000008003bc0                TIM3_IRQHandler
                0x0000000008003bc0                RCC_IRQHandler
                0x0000000008003bc0                TIM1_TRG_COM_IRQHandler
                0x0000000008003bc0                DMA1_Channel1_IRQHandler
                0x0000000008003bc0                Default_Handler
                0x0000000008003bc0                EXTI9_5_IRQHandler
                0x0000000008003bc0                DMA1_Channel5_IRQHandler
                0x0000000008003bc0                EXTI4_IRQHandler
                0x0000000008003bc0                USB_LP_CAN1_RX0_IRQHandler
                0x0000000008003bc0                USB_HP_CAN1_TX_IRQHandler
                0x0000000008003bc0                DMA1_Channel3_IRQHandler
                0x0000000008003bc0                TIM1_UP_IRQHandler
                0x0000000008003bc0                WWDG_IRQHandler
                0x0000000008003bc0                TIM2_IRQHandler
                0x0000000008003bc0                TIM1_BRK_IRQHandler
                0x0000000008003bc0                EXTI1_IRQHandler
                0x0000000008003bc0                USART2_IRQHandler
                0x0000000008003bc0                DMA1_Channel2_IRQHandler
                0x0000000008003bc0                CAN1_SCE_IRQHandler
                0x0000000008003bc0                FLASH_IRQHandler
                0x0000000008003bc0                USART1_IRQHandler
                0x0000000008003bc0                I2C1_ER_IRQHandler
                0x0000000008003bc0                USBWakeUp_IRQHandler
 *fill*         0x0000000008003bc2        0x2 
 .text.HAL_Init
                0x0000000008003bc4       0x2c ./Drivers/STM32F1xx_HAL_Driver/Src/stm32f1xx_hal.o
                0x0000000008003bc4                HAL_Init
 .text.HAL_InitTick
                0x0000000008003bf0       0x60 ./Drivers/STM32F1xx_HAL_Driver/Src/stm32f1xx_hal.o
                0x0000000008003bf0                HAL_InitTick
 .text.HAL_IncTick
                0x0000000008003c50       0x24 ./Drivers/STM32F1xx_HAL_Driver/Src/stm32f1xx_hal.o
                0x0000000008003c50                HAL_IncTick
 .text.HAL_GetTick
                0x0000000008003c74       0x14 ./Drivers/STM32F1xx_HAL_Driver/Src/stm32f1xx_hal.o
                0x0000000008003c74                HAL_GetTick
 .text.HAL_CAN_Init
                0x0000000008003c88      0x1f6 ./Drivers/STM32F1xx_HAL_Driver/Src/stm32f1xx_hal_can.o
                0x0000000008003c88                HAL_CAN_Init
 *fill*         0x0000000008003e7e        0x2 
 .text.__NVIC_SetPriorityGrouping
                0x0000000008003e80       0x48 ./Drivers/STM32F1xx_HAL_Driver/Src/stm32f1xx_hal_cortex.o
 .text.__NVIC_GetPriorityGrouping
                0x0000000008003ec8       0x1c ./Drivers/STM32F1xx_HAL_Driver/Src/stm32f1xx_hal_cortex.o
 .text.__NVIC_EnableIRQ
                0x0000000008003ee4       0x38 ./Drivers/STM32F1xx_HAL_Driver/Src/stm32f1xx_hal_cortex.o
 .text.__NVIC_SetPriority
                0x0000000008003f1c       0x54 ./Drivers/STM32F1xx_HAL_Driver/Src/stm32f1xx_hal_cortex.o
 .text.NVIC_EncodePriority
                0x0000000008003f70       0x64 ./Drivers/STM32F1xx_HAL_Driver/Src/stm32f1xx_hal_cortex.o
 .text.SysTick_Config
                0x0000000008003fd4       0x44 ./Drivers/STM32F1xx_HAL_Driver/Src/stm32f1xx_hal_cortex.o
 .text.HAL_NVIC_SetPriorityGrouping
                0x0000000008004018       0x16 ./Drivers/STM32F1xx_HAL_Driver/Src/stm32f1xx_hal_cortex.o
                0x0000000008004018                HAL_NVIC_SetPriorityGrouping
 .text.HAL_NVIC_SetPriority
                0x000000000800402e       0x38 ./Drivers/STM32F1xx_HAL_Driver/Src/stm32f1xx_hal_cortex.o
                0x000000000800402e                HAL_NVIC_SetPriority
 .text.HAL_NVIC_EnableIRQ
                0x0000000008004066       0x1c ./Drivers/STM32F1xx_HAL_Driver/Src/stm32f1xx_hal_cortex.o
                0x0000000008004066                HAL_NVIC_EnableIRQ
 .text.HAL_SYSTICK_Config
                0x0000000008004082       0x18 ./Drivers/STM32F1xx_HAL_Driver/Src/stm32f1xx_hal_cortex.o
                0x0000000008004082                HAL_SYSTICK_Config
 *fill*         0x000000000800409a        0x2 
 .text.HAL_GPIO_Init
                0x000000000800409c      0x2f8 ./Drivers/STM32F1xx_HAL_Driver/Src/stm32f1xx_hal_gpio.o
                0x000000000800409c                HAL_GPIO_Init
 .text.HAL_GPIO_WritePin
                0x0000000008004394       0x30 ./Drivers/STM32F1xx_HAL_Driver/Src/stm32f1xx_hal_gpio.o
                0x0000000008004394                HAL_GPIO_WritePin
 .text.HAL_GPIO_EXTI_IRQHandler
                0x00000000080043c4       0x30 ./Drivers/STM32F1xx_HAL_Driver/Src/stm32f1xx_hal_gpio.o
                0x00000000080043c4                HAL_GPIO_EXTI_IRQHandler
 .text.HAL_GPIO_EXTI_Callback
                0x00000000080043f4       0x14 ./Drivers/STM32F1xx_HAL_Driver/Src/stm32f1xx_hal_gpio.o
                0x00000000080043f4                HAL_GPIO_EXTI_Callback
 .text.HAL_RCC_OscConfig
                0x0000000008004408      0x504 ./Drivers/STM32F1xx_HAL_Driver/Src/stm32f1xx_hal_rcc.o
                0x0000000008004408                HAL_RCC_OscConfig
 .text.HAL_RCC_ClockConfig
                0x000000000800490c      0x1d4 ./Drivers/STM32F1xx_HAL_Driver/Src/stm32f1xx_hal_rcc.o
                0x000000000800490c                HAL_RCC_ClockConfig
 .text.HAL_RCC_GetSysClockFreq
                0x0000000008004ae0       0xbc ./Drivers/STM32F1xx_HAL_Driver/Src/stm32f1xx_hal_rcc.o
                0x0000000008004ae0                HAL_RCC_GetSysClockFreq
 .text.HAL_RCC_GetHCLKFreq
                0x0000000008004b9c       0x14 ./Drivers/STM32F1xx_HAL_Driver/Src/stm32f1xx_hal_rcc.o
                0x0000000008004b9c                HAL_RCC_GetHCLKFreq
 .text.HAL_RCC_GetPCLK1Freq
                0x0000000008004bb0       0x28 ./Drivers/STM32F1xx_HAL_Driver/Src/stm32f1xx_hal_rcc.o
                0x0000000008004bb0                HAL_RCC_GetPCLK1Freq
 .text.HAL_RCC_GetPCLK2Freq
                0x0000000008004bd8       0x28 ./Drivers/STM32F1xx_HAL_Driver/Src/stm32f1xx_hal_rcc.o
                0x0000000008004bd8                HAL_RCC_GetPCLK2Freq
 .text.RCC_Delay
                0x0000000008004c00       0x3c ./Drivers/STM32F1xx_HAL_Driver/Src/stm32f1xx_hal_rcc.o
 .text.HAL_TIM_Base_Init
                0x0000000008004c3c       0x9e ./Drivers/STM32F1xx_HAL_Driver/Src/stm32f1xx_hal_tim.o
                0x0000000008004c3c                HAL_TIM_Base_Init
 .text.HAL_TIM_PWM_Init
                0x0000000008004cda       0x9e ./Drivers/STM32F1xx_HAL_Driver/Src/stm32f1xx_hal_tim.o
                0x0000000008004cda                HAL_TIM_PWM_Init
 .text.HAL_TIM_PWM_MspInit
                0x0000000008004d78       0x12 ./Drivers/STM32F1xx_HAL_Driver/Src/stm32f1xx_hal_tim.o
                0x0000000008004d78                HAL_TIM_PWM_MspInit
 *fill*         0x0000000008004d8a        0x2 
 .text.HAL_TIM_PWM_Start
                0x0000000008004d8c      0x138 ./Drivers/STM32F1xx_HAL_Driver/Src/stm32f1xx_hal_tim.o
                0x0000000008004d8c                HAL_TIM_PWM_Start
 .text.HAL_TIM_PWM_ConfigChannel
                0x0000000008004ec4      0x17c ./Drivers/STM32F1xx_HAL_Driver/Src/stm32f1xx_hal_tim.o
                0x0000000008004ec4                HAL_TIM_PWM_ConfigChannel
 .text.HAL_TIM_ConfigClockSource
                0x0000000008005040      0x188 ./Drivers/STM32F1xx_HAL_Driver/Src/stm32f1xx_hal_tim.o
                0x0000000008005040                HAL_TIM_ConfigClockSource
 .text.TIM_Base_SetConfig
                0x00000000080051c8       0xb0 ./Drivers/STM32F1xx_HAL_Driver/Src/stm32f1xx_hal_tim.o
                0x00000000080051c8                TIM_Base_SetConfig
 .text.TIM_OC1_SetConfig
                0x0000000008005278       0xcc ./Drivers/STM32F1xx_HAL_Driver/Src/stm32f1xx_hal_tim.o
 .text.TIM_OC2_SetConfig
                0x0000000008005344       0xd4 ./Drivers/STM32F1xx_HAL_Driver/Src/stm32f1xx_hal_tim.o
                0x0000000008005344                TIM_OC2_SetConfig
 .text.TIM_OC3_SetConfig
                0x0000000008005418       0xd4 ./Drivers/STM32F1xx_HAL_Driver/Src/stm32f1xx_hal_tim.o
 .text.TIM_OC4_SetConfig
                0x00000000080054ec       0x9c ./Drivers/STM32F1xx_HAL_Driver/Src/stm32f1xx_hal_tim.o
 .text.TIM_TI1_ConfigInputStage
                0x0000000008005588       0x5c ./Drivers/STM32F1xx_HAL_Driver/Src/stm32f1xx_hal_tim.o
 .text.TIM_TI2_ConfigInputStage
                0x00000000080055e4       0x5e ./Drivers/STM32F1xx_HAL_Driver/Src/stm32f1xx_hal_tim.o
 .text.TIM_ITRx_SetConfig
                0x0000000008005642       0x34 ./Drivers/STM32F1xx_HAL_Driver/Src/stm32f1xx_hal_tim.o
 .text.TIM_ETR_SetConfig
                0x0000000008005676       0x3e ./Drivers/STM32F1xx_HAL_Driver/Src/stm32f1xx_hal_tim.o
                0x0000000008005676                TIM_ETR_SetConfig
 .text.TIM_CCxChannelCmd
                0x00000000080056b4       0x48 ./Drivers/STM32F1xx_HAL_Driver/Src/stm32f1xx_hal_tim.o
                0x00000000080056b4                TIM_CCxChannelCmd
 .text.HAL_TIMEx_MasterConfigSynchronization
                0x00000000080056fc       0xb0 ./Drivers/STM32F1xx_HAL_Driver/Src/stm32f1xx_hal_tim_ex.o
                0x00000000080056fc                HAL_TIMEx_MasterConfigSynchronization
 .text.HAL_TIMEx_ConfigBreakDeadTime
                0x00000000080057ac       0xa2 ./Drivers/STM32F1xx_HAL_Driver/Src/stm32f1xx_hal_tim_ex.o
                0x00000000080057ac                HAL_TIMEx_ConfigBreakDeadTime
 .text._ZdlPv   0x000000000800584e        0x4 c:/st/stm32cubeide_1.9.0/stm32cubeide/plugins/com.st.stm32cube.ide.mcu.externaltools.gnu-tools-for-stm32.10.3-2021.10.win32_1.0.0.202111181127/tools/bin/../lib/gcc/arm-none-eabi/10.3.1/../../../../arm-none-eabi/lib/thumb/v7-m/nofp\libstdc++_nano.a(del_op.o)
                0x000000000800584e                operator delete(void*)
 .text._ZdlPvj  0x0000000008005852        0x4 c:/st/stm32cubeide_1.9.0/stm32cubeide/plugins/com.st.stm32cube.ide.mcu.externaltools.gnu-tools-for-stm32.10.3-2021.10.win32_1.0.0.202111181127/tools/bin/../lib/gcc/arm-none-eabi/10.3.1/../../../../arm-none-eabi/lib/thumb/v7-m/nofp\libstdc++_nano.a(del_ops.o)
                0x0000000008005852                operator delete(void*, unsigned int)
 .text._ZN10__cxxabiv1L24__is_gxx_exception_classEPc
                0x0000000008005856       0x3a c:/st/stm32cubeide_1.9.0/stm32cubeide/plugins/com.st.stm32cube.ide.mcu.externaltools.gnu-tools-for-stm32.10.3-2021.10.win32_1.0.0.202111181127/tools/bin/../lib/gcc/arm-none-eabi/10.3.1/../../../../arm-none-eabi/lib/thumb/v7-m/nofp\libstdc++_nano.a(eh_arm.o)
 .text.__cxa_type_match
                0x0000000008005890       0xbc c:/st/stm32cubeide_1.9.0/stm32cubeide/plugins/com.st.stm32cube.ide.mcu.externaltools.gnu-tools-for-stm32.10.3-2021.10.win32_1.0.0.202111181127/tools/bin/../lib/gcc/arm-none-eabi/10.3.1/../../../../arm-none-eabi/lib/thumb/v7-m/nofp\libstdc++_nano.a(eh_arm.o)
                0x0000000008005890                __cxa_type_match
 .text.__cxa_begin_cleanup
                0x000000000800594c       0x3a c:/st/stm32cubeide_1.9.0/stm32cubeide/plugins/com.st.stm32cube.ide.mcu.externaltools.gnu-tools-for-stm32.10.3-2021.10.win32_1.0.0.202111181127/tools/bin/../lib/gcc/arm-none-eabi/10.3.1/../../../../arm-none-eabi/lib/thumb/v7-m/nofp\libstdc++_nano.a(eh_arm.o)
                0x000000000800594c                __cxa_begin_cleanup
 *fill*         0x0000000008005986        0x2 
 .text.__cxa_get_globals
                0x0000000008005988        0x8 c:/st/stm32cubeide_1.9.0/stm32cubeide/plugins/com.st.stm32cube.ide.mcu.externaltools.gnu-tools-for-stm32.10.3-2021.10.win32_1.0.0.202111181127/tools/bin/../lib/gcc/arm-none-eabi/10.3.1/../../../../arm-none-eabi/lib/thumb/v7-m/nofp\libstdc++_nano.a(eh_globals.o)
                0x0000000008005988                __cxa_get_globals
 .text._ZL12read_uleb128PKhPm
                0x0000000008005990       0x1e c:/st/stm32cubeide_1.9.0/stm32cubeide/plugins/com.st.stm32cube.ide.mcu.externaltools.gnu-tools-for-stm32.10.3-2021.10.win32_1.0.0.202111181127/tools/bin/../lib/gcc/arm-none-eabi/10.3.1/../../../../arm-none-eabi/lib/thumb/v7-m/nofp\libstdc++_nano.a(eh_personality.o)
 .text._ZL12read_sleb128PKhPl
                0x00000000080059ae       0x30 c:/st/stm32cubeide_1.9.0/stm32cubeide/plugins/com.st.stm32cube.ide.mcu.externaltools.gnu-tools-for-stm32.10.3-2021.10.win32_1.0.0.202111181127/tools/bin/../lib/gcc/arm-none-eabi/10.3.1/../../../../arm-none-eabi/lib/thumb/v7-m/nofp\libstdc++_nano.a(eh_personality.o)
 .text._ZL28read_encoded_value_with_basehjPKhPj
                0x00000000080059de       0x8c c:/st/stm32cubeide_1.9.0/stm32cubeide/plugins/com.st.stm32cube.ide.mcu.externaltools.gnu-tools-for-stm32.10.3-2021.10.win32_1.0.0.202111181127/tools/bin/../lib/gcc/arm-none-eabi/10.3.1/../../../../arm-none-eabi/lib/thumb/v7-m/nofp\libstdc++_nano.a(eh_personality.o)
 .text._ZL21base_of_encoded_valuehP15_Unwind_Context
                0x0000000008005a6a       0x48 c:/st/stm32cubeide_1.9.0/stm32cubeide/plugins/com.st.stm32cube.ide.mcu.externaltools.gnu-tools-for-stm32.10.3-2021.10.win32_1.0.0.202111181127/tools/bin/../lib/gcc/arm-none-eabi/10.3.1/../../../../arm-none-eabi/lib/thumb/v7-m/nofp\libstdc++_nano.a(eh_personality.o)
 .text._ZL18read_encoded_valueP15_Unwind_ContexthPKhPj
                0x0000000008005ab2       0x20 c:/st/stm32cubeide_1.9.0/stm32cubeide/plugins/com.st.stm32cube.ide.mcu.externaltools.gnu-tools-for-stm32.10.3-2021.10.win32_1.0.0.202111181127/tools/bin/../lib/gcc/arm-none-eabi/10.3.1/../../../../arm-none-eabi/lib/thumb/v7-m/nofp\libstdc++_nano.a(eh_personality.o)
 .text._ZL17parse_lsda_headerP15_Unwind_ContextPKhP16lsda_header_info
                0x0000000008005ad2       0x62 c:/st/stm32cubeide_1.9.0/stm32cubeide/plugins/com.st.stm32cube.ide.mcu.externaltools.gnu-tools-for-stm32.10.3-2021.10.win32_1.0.0.202111181127/tools/bin/../lib/gcc/arm-none-eabi/10.3.1/../../../../arm-none-eabi/lib/thumb/v7-m/nofp\libstdc++_nano.a(eh_personality.o)
 .text._Unwind_GetGR
                0x0000000008005b34       0x18 c:/st/stm32cubeide_1.9.0/stm32cubeide/plugins/com.st.stm32cube.ide.mcu.externaltools.gnu-tools-for-stm32.10.3-2021.10.win32_1.0.0.202111181127/tools/bin/../lib/gcc/arm-none-eabi/10.3.1/../../../../arm-none-eabi/lib/thumb/v7-m/nofp\libstdc++_nano.a(eh_personality.o)
 .text.__gxx_personality_v0
                0x0000000008005b4c      0x338 c:/st/stm32cubeide_1.9.0/stm32cubeide/plugins/com.st.stm32cube.ide.mcu.externaltools.gnu-tools-for-stm32.10.3-2021.10.win32_1.0.0.202111181127/tools/bin/../lib/gcc/arm-none-eabi/10.3.1/../../../../arm-none-eabi/lib/thumb/v7-m/nofp\libstdc++_nano.a(eh_personality.o)
                0x0000000008005b4c                __gxx_personality_v0
 .text._ZN10__cxxabiv111__terminateEPFvvE
                0x0000000008005e84        0x8 c:/st/stm32cubeide_1.9.0/stm32cubeide/plugins/com.st.stm32cube.ide.mcu.externaltools.gnu-tools-for-stm32.10.3-2021.10.win32_1.0.0.202111181127/tools/bin/../lib/gcc/arm-none-eabi/10.3.1/../../../../arm-none-eabi/lib/thumb/v7-m/nofp\libstdc++_nano.a(eh_terminate.o)
                0x0000000008005e84                __cxxabiv1::__terminate(void (*)())
 .text._ZSt13get_terminatev
                0x0000000008005e8c       0x10 c:/st/stm32cubeide_1.9.0/stm32cubeide/plugins/com.st.stm32cube.ide.mcu.externaltools.gnu-tools-for-stm32.10.3-2021.10.win32_1.0.0.202111181127/tools/bin/../lib/gcc/arm-none-eabi/10.3.1/../../../../arm-none-eabi/lib/thumb/v7-m/nofp\libstdc++_nano.a(eh_terminate.o)
                0x0000000008005e8c                std::get_terminate()
 .text._ZSt9terminatev
                0x0000000008005e9c        0xa c:/st/stm32cubeide_1.9.0/stm32cubeide/plugins/com.st.stm32cube.ide.mcu.externaltools.gnu-tools-for-stm32.10.3-2021.10.win32_1.0.0.202111181127/tools/bin/../lib/gcc/arm-none-eabi/10.3.1/../../../../arm-none-eabi/lib/thumb/v7-m/nofp\libstdc++_nano.a(eh_terminate.o)
                0x0000000008005e9c                std::terminate()
 .text._ZN10__cxxabiv112__unexpectedEPFvvE
                0x0000000008005ea6        0x8 c:/st/stm32cubeide_1.9.0/stm32cubeide/plugins/com.st.stm32cube.ide.mcu.externaltools.gnu-tools-for-stm32.10.3-2021.10.win32_1.0.0.202111181127/tools/bin/../lib/gcc/arm-none-eabi/10.3.1/../../../../arm-none-eabi/lib/thumb/v7-m/nofp\libstdc++_nano.a(eh_terminate.o)
                0x0000000008005ea6                __cxxabiv1::__unexpected(void (*)())
 *fill*         0x0000000008005eae        0x2 
 .text._ZSt14get_unexpectedv
                0x0000000008005eb0       0x10 c:/st/stm32cubeide_1.9.0/stm32cubeide/plugins/com.st.stm32cube.ide.mcu.externaltools.gnu-tools-for-stm32.10.3-2021.10.win32_1.0.0.202111181127/tools/bin/../lib/gcc/arm-none-eabi/10.3.1/../../../../arm-none-eabi/lib/thumb/v7-m/nofp\libstdc++_nano.a(eh_terminate.o)
                0x0000000008005eb0                std::get_unexpected()
 .text._ZSt10unexpectedv
                0x0000000008005ec0        0xa c:/st/stm32cubeide_1.9.0/stm32cubeide/plugins/com.st.stm32cube.ide.mcu.externaltools.gnu-tools-for-stm32.10.3-2021.10.win32_1.0.0.202111181127/tools/bin/../lib/gcc/arm-none-eabi/10.3.1/../../../../arm-none-eabi/lib/thumb/v7-m/nofp\libstdc++_nano.a(eh_terminate.o)
                0x0000000008005ec0                std::unexpected()
 *fill*         0x0000000008005eca        0x2 
 .text._ZN10__cxxabiv120__si_class_type_infoD2Ev
                0x0000000008005ecc       0x14 c:/st/stm32cubeide_1.9.0/stm32cubeide/plugins/com.st.stm32cube.ide.mcu.externaltools.gnu-tools-for-stm32.10.3-2021.10.win32_1.0.0.202111181127/tools/bin/../lib/gcc/arm-none-eabi/10.3.1/../../../../arm-none-eabi/lib/thumb/v7-m/nofp\libstdc++_nano.a(si_class_type_info.o)
                0x0000000008005ecc                __cxxabiv1::__si_class_type_info::~__si_class_type_info()
                0x0000000008005ecc                __cxxabiv1::__si_class_type_info::~__si_class_type_info()
 .text._ZN10__cxxabiv120__si_class_type_infoD0Ev
                0x0000000008005ee0       0x14 c:/st/stm32cubeide_1.9.0/stm32cubeide/plugins/com.st.stm32cube.ide.mcu.externaltools.gnu-tools-for-stm32.10.3-2021.10.win32_1.0.0.202111181127/tools/bin/../lib/gcc/arm-none-eabi/10.3.1/../../../../arm-none-eabi/lib/thumb/v7-m/nofp\libstdc++_nano.a(si_class_type_info.o)
                0x0000000008005ee0                __cxxabiv1::__si_class_type_info::~__si_class_type_info()
 .text._ZNK10__cxxabiv120__si_class_type_info20__do_find_public_srcEiPKvPKNS_17__class_type_infoES2_
                0x0000000008005ef4       0x3c c:/st/stm32cubeide_1.9.0/stm32cubeide/plugins/com.st.stm32cube.ide.mcu.externaltools.gnu-tools-for-stm32.10.3-2021.10.win32_1.0.0.202111181127/tools/bin/../lib/gcc/arm-none-eabi/10.3.1/../../../../arm-none-eabi/lib/thumb/v7-m/nofp\libstdc++_nano.a(si_class_type_info.o)
                0x0000000008005ef4                __cxxabiv1::__si_class_type_info::__do_find_public_src(int, void const*, __cxxabiv1::__class_type_info const*, void const*) const
 .text._ZNK10__cxxabiv120__si_class_type_info12__do_dyncastEiNS_17__class_type_info10__sub_kindEPKS1_PKvS4_S6_RNS1_16__dyncast_resultE
                0x0000000008005f30       0x74 c:/st/stm32cubeide_1.9.0/stm32cubeide/plugins/com.st.stm32cube.ide.mcu.externaltools.gnu-tools-for-stm32.10.3-2021.10.win32_1.0.0.202111181127/tools/bin/../lib/gcc/arm-none-eabi/10.3.1/../../../../arm-none-eabi/lib/thumb/v7-m/nofp\libstdc++_nano.a(si_class_type_info.o)
                0x0000000008005f30                __cxxabiv1::__si_class_type_info::__do_dyncast(int, __cxxabiv1::__class_type_info::__sub_kind, __cxxabiv1::__class_type_info const*, void const*, __cxxabiv1::__class_type_info const*, void const*, __cxxabiv1::__class_type_info::__dyncast_result&) const
 .text._ZNK10__cxxabiv120__si_class_type_info11__do_upcastEPKNS_17__class_type_infoEPKvRNS1_15__upcast_resultE
                0x0000000008005fa4       0x2a c:/st/stm32cubeide_1.9.0/stm32cubeide/plugins/com.st.stm32cube.ide.mcu.externaltools.gnu-tools-for-stm32.10.3-2021.10.win32_1.0.0.202111181127/tools/bin/../lib/gcc/arm-none-eabi/10.3.1/../../../../arm-none-eabi/lib/thumb/v7-m/nofp\libstdc++_nano.a(si_class_type_info.o)
                0x0000000008005fa4                __cxxabiv1::__si_class_type_info::__do_upcast(__cxxabiv1::__class_type_info const*, void const*, __cxxabiv1::__class_type_info::__upcast_result&) const
 .text._ZNSt9type_infoD2Ev
                0x0000000008005fce        0x2 c:/st/stm32cubeide_1.9.0/stm32cubeide/plugins/com.st.stm32cube.ide.mcu.externaltools.gnu-tools-for-stm32.10.3-2021.10.win32_1.0.0.202111181127/tools/bin/../lib/gcc/arm-none-eabi/10.3.1/../../../../arm-none-eabi/lib/thumb/v7-m/nofp\libstdc++_nano.a(tinfo.o)
                0x0000000008005fce                std::type_info::~type_info()
                0x0000000008005fce                std::type_info::~type_info()
 .text._ZNKSt9type_info14__is_pointer_pEv
                0x0000000008005fd0        0x4 c:/st/stm32cubeide_1.9.0/stm32cubeide/plugins/com.st.stm32cube.ide.mcu.externaltools.gnu-tools-for-stm32.10.3-2021.10.win32_1.0.0.202111181127/tools/bin/../lib/gcc/arm-none-eabi/10.3.1/../../../../arm-none-eabi/lib/thumb/v7-m/nofp\libstdc++_nano.a(tinfo.o)
                0x0000000008005fd0                std::type_info::__is_pointer_p() const
                0x0000000008005fd0                std::type_info::__is_function_p() const
 .text._ZNKSt9type_infoeqERKS_
                0x0000000008005fd4       0x2c c:/st/stm32cubeide_1.9.0/stm32cubeide/plugins/com.st.stm32cube.ide.mcu.externaltools.gnu-tools-for-stm32.10.3-2021.10.win32_1.0.0.202111181127/tools/bin/../lib/gcc/arm-none-eabi/10.3.1/../../../../arm-none-eabi/lib/thumb/v7-m/nofp\libstdc++_nano.a(tinfo.o)
                0x0000000008005fd4                std::type_info::operator==(std::type_info const&) const
 .text._ZNK10__cxxabiv117__class_type_info11__do_upcastEPKS0_PPv
                0x0000000008006000       0x32 c:/st/stm32cubeide_1.9.0/stm32cubeide/plugins/com.st.stm32cube.ide.mcu.externaltools.gnu-tools-for-stm32.10.3-2021.10.win32_1.0.0.202111181127/tools/bin/../lib/gcc/arm-none-eabi/10.3.1/../../../../arm-none-eabi/lib/thumb/v7-m/nofp\libstdc++_nano.a(class_type_info.o)
                0x0000000008006000                __cxxabiv1::__class_type_info::__do_upcast(__cxxabiv1::__class_type_info const*, void**) const
 .text._ZNK10__cxxabiv117__class_type_info20__do_find_public_srcEiPKvPKS0_S2_
                0x0000000008006032        0xc c:/st/stm32cubeide_1.9.0/stm32cubeide/plugins/com.st.stm32cube.ide.mcu.externaltools.gnu-tools-for-stm32.10.3-2021.10.win32_1.0.0.202111181127/tools/bin/../lib/gcc/arm-none-eabi/10.3.1/../../../../arm-none-eabi/lib/thumb/v7-m/nofp\libstdc++_nano.a(class_type_info.o)
                0x0000000008006032                __cxxabiv1::__class_type_info::__do_find_public_src(int, void const*, __cxxabiv1::__class_type_info const*, void const*) const
 *fill*         0x000000000800603e        0x2 
 .text._ZN10__cxxabiv117__class_type_infoD2Ev
                0x0000000008006040       0x14 c:/st/stm32cubeide_1.9.0/stm32cubeide/plugins/com.st.stm32cube.ide.mcu.externaltools.gnu-tools-for-stm32.10.3-2021.10.win32_1.0.0.202111181127/tools/bin/../lib/gcc/arm-none-eabi/10.3.1/../../../../arm-none-eabi/lib/thumb/v7-m/nofp\libstdc++_nano.a(class_type_info.o)
                0x0000000008006040                __cxxabiv1::__class_type_info::~__class_type_info()
                0x0000000008006040                __cxxabiv1::__class_type_info::~__class_type_info()
 .text._ZN10__cxxabiv117__class_type_infoD0Ev
                0x0000000008006054       0x14 c:/st/stm32cubeide_1.9.0/stm32cubeide/plugins/com.st.stm32cube.ide.mcu.externaltools.gnu-tools-for-stm32.10.3-2021.10.win32_1.0.0.202111181127/tools/bin/../lib/gcc/arm-none-eabi/10.3.1/../../../../arm-none-eabi/lib/thumb/v7-m/nofp\libstdc++_nano.a(class_type_info.o)
                0x0000000008006054                __cxxabiv1::__class_type_info::~__class_type_info()
 .text._ZNK10__cxxabiv117__class_type_info12__do_dyncastEiNS0_10__sub_kindEPKS0_PKvS3_S5_RNS0_16__dyncast_resultE
                0x0000000008006068       0x3e c:/st/stm32cubeide_1.9.0/stm32cubeide/plugins/com.st.stm32cube.ide.mcu.externaltools.gnu-tools-for-stm32.10.3-2021.10.win32_1.0.0.202111181127/tools/bin/../lib/gcc/arm-none-eabi/10.3.1/../../../../arm-none-eabi/lib/thumb/v7-m/nofp\libstdc++_nano.a(class_type_info.o)
                0x0000000008006068                __cxxabiv1::__class_type_info::__do_dyncast(int, __cxxabiv1::__class_type_info::__sub_kind, __cxxabiv1::__class_type_info const*, void const*, __cxxabiv1::__class_type_info const*, void const*, __cxxabiv1::__class_type_info::__dyncast_result&) const
 .text._ZNK10__cxxabiv117__class_type_info11__do_upcastEPKS0_PKvRNS0_15__upcast_resultE
                0x00000000080060a6       0x18 c:/st/stm32cubeide_1.9.0/stm32cubeide/plugins/com.st.stm32cube.ide.mcu.externaltools.gnu-tools-for-stm32.10.3-2021.10.win32_1.0.0.202111181127/tools/bin/../lib/gcc/arm-none-eabi/10.3.1/../../../../arm-none-eabi/lib/thumb/v7-m/nofp\libstdc++_nano.a(class_type_info.o)
                0x00000000080060a6                __cxxabiv1::__class_type_info::__do_upcast(__cxxabiv1::__class_type_info const*, void const*, __cxxabiv1::__class_type_info::__upcast_result&) const
 .text._ZNK10__cxxabiv117__class_type_info10__do_catchEPKSt9type_infoPPvj
                0x00000000080060be       0x2a c:/st/stm32cubeide_1.9.0/stm32cubeide/plugins/com.st.stm32cube.ide.mcu.externaltools.gnu-tools-for-stm32.10.3-2021.10.win32_1.0.0.202111181127/tools/bin/../lib/gcc/arm-none-eabi/10.3.1/../../../../arm-none-eabi/lib/thumb/v7-m/nofp\libstdc++_nano.a(class_type_info.o)
                0x00000000080060be                __cxxabiv1::__class_type_info::__do_catch(std::type_info const*, void**, unsigned int) const
 .text._ZN10__cxxabiv1L24__is_gxx_exception_classEPc
                0x00000000080060e8       0x3a c:/st/stm32cubeide_1.9.0/stm32cubeide/plugins/com.st.stm32cube.ide.mcu.externaltools.gnu-tools-for-stm32.10.3-2021.10.win32_1.0.0.202111181127/tools/bin/../lib/gcc/arm-none-eabi/10.3.1/../../../../arm-none-eabi/lib/thumb/v7-m/nofp\libstdc++_nano.a(eh_call.o)
 .text.__cxa_call_terminate