c:\st\stm32cubeide_1.9.0\stm32cubeide\plugins\com.st.stm32cube.ide.mcu.externaltools.gnu-tools-for-stm32.10.3-2021.10.win32_1.0.0.202111181127\tools\arm-none-eabi\include\c++\10.3.1\type_traits:3291:3:constexpr bool std::is_constant_evaluated()	4	static
c:\st\stm32cubeide_1.9.0\stm32cubeide\plugins\com.st.stm32cube.ide.mcu.externaltools.gnu-tools-for-stm32.10.3-2021.10.win32_1.0.0.202111181127\tools\arm-none-eabi\include\c++\10.3.1\new:174:33:void* operator new(std::size_t, void*)	16	static
c:\st\stm32cubeide_1.9.0\stm32cubeide\plugins\com.st.stm32cube.ide.mcu.externaltools.gnu-tools-for-stm32.10.3-2021.10.win32_1.0.0.202111181127\tools\bin\../lib/gcc/arm-none-eabi/10.3.1/../../../../arm-none-eabi/include/c++/10.3.1/arm-none-eabi/thumb/v7-m/nofp/bits/gthr-default.h:229:1:int __gthread_key_delete(__gthread_key_t)	16	static
c:\st\stm32cubeide_1.9.0\stm32cubeide\plugins\com.st.stm32cube.ide.mcu.externaltools.gnu-tools-for-stm32.10.3-2021.10.win32_1.0.0.202111181127\tools\arm-none-eabi\include\c++\10.3.1\bits\std_function.h:240:5:std::_Function_base::_Function_base()	16	static
c:\st\stm32cubeide_1.9.0\stm32cubeide\plugins\com.st.stm32cube.ide.mcu.externaltools.gnu-tools-for-stm32.10.3-2021.10.win32_1.0.0.202111181127\tools\arm-none-eabi\include\c++\10.3.1\bits\std_function.h:242:5:std::_Function_base::~_Function_base()	16	static
c:\st\stm32cubeide_1.9.0\stm32cubeide\plugins\com.st.stm32cube.ide.mcu.externaltools.gnu-tools-for-stm32.10.3-2021.10.win32_1.0.0.202111181127\tools\arm-none-eabi\include\c++\10.3.1\bits\std_function.h:248:10:bool std::_Function_base::_M_empty() const	16	static
c:\st\stm32cubeide_1.9.0\stm32cubeide\plugins\com.st.stm32cube.ide.mcu.externaltools.gnu-tools-for-stm32.10.3-2021.10.win32_1.0.0.202111181127\tools\arm-none-eabi\include\c++\10.3.1\bits\stl_algobase.h:230:5:constexpr const _Tp& std::min(const _Tp&, const _Tp&) [with _Tp = unsigned int]	16	static
c:\st\stm32cubeide_1.9.0\stm32cubeide\plugins\com.st.stm32cube.ide.mcu.externaltools.gnu-tools-for-stm32.10.3-2021.10.win32_1.0.0.202111181127\tools\arm-none-eabi\include\c++\10.3.1\bits\stl_list.h:109:7:std::__detail::_List_node_header::_List_node_header()	16	static
c:\st\stm32cubeide_1.9.0\stm32cubeide\plugins\com.st.stm32cube.ide.mcu.externaltools.gnu-tools-for-stm32.10.3-2021.10.win32_1.0.0.202111181127\tools\arm-none-eabi\include\c++\10.3.1\bits\stl_list.h:149:7:void std::__detail::_List_node_header::_M_init()	16	static
../Core/Inc/CRSLib/Can/RM0008/include/pillarbox.hpp:35:8:void CRSLib::Can::RM0008::Pillarbox::post(CRSLib::IntegerTypes::u32, CRSLib::Can::RM0008::TxFrame&)	64	static
../Core/Inc/CRSLib/Can/RM0008/include/pillarbox.hpp:52:8:bool CRSLib::Can::RM0008::Pillarbox::not_full() const	16	static
../Core/Inc/CRSLib/Can/RM0008/include/letterbox.hpp:24:17:constexpr CRSLib::IntegerTypes::u32 CRSLib::Can::RM0008::RxHeader::get_id() const	16	static
../Core/Inc/CRSLib/include/utility.hpp:9:17:constexpr auto CRSLib::to_underlying(Enum) [with Enum = CRSLib::Can::RM0008::FifoIndex]	16	static
../Core/Inc/CRSLib/Can/RM0008/include/letterbox.hpp:47:8:void CRSLib::Can::RM0008::Letterbox::receive(CRSLib::Can::RM0008::RxFrame&)	56	static
../Core/Inc/CRSLib/Can/RM0008/include/letterbox.hpp:63:8:bool CRSLib::Can::RM0008::Letterbox::empty() const	24	static
../Core/Src/CanController.cpp:25:2:servo_md::CanController<T>::CanController(CRSLib::Can::RM0008::CanManager&, servo_md::Parameters&, uint32_t) [with T = float]	32	static
../Core/Src/CanController.cpp:30:7:void servo_md::CanController<T>::set_callback(std::function<int(T, long unsigned int)>) [with T = float]	16	static
../Core/Src/CanController.cpp:35:7:void servo_md::CanController<T>::set_register(servo_md::Parameters&) [with T = float]	16	static
../Core/Src/CanController.cpp:40:7:void servo_md::CanController<T>::send(T) [with T = float]	48	static
../Core/Src/CanController.cpp:80:7:void servo_md::CanController<T>::update() [with T = float]	64	static
../Core/Src/CanController.cpp:128:7:static void servo_md::CanController<T>::trigger_update() [with T = float]	24	static
../Core/Src/CanController.cpp:25:2:servo_md::CanController<T>::CanController(CRSLib::Can::RM0008::CanManager&, servo_md::Parameters&, uint32_t) [with T = unsigned char]	32	static
../Core/Src/CanController.cpp:30:7:void servo_md::CanController<T>::set_callback(std::function<int(T, long unsigned int)>) [with T = unsigned char]	16	static
../Core/Src/CanController.cpp:35:7:void servo_md::CanController<T>::set_register(servo_md::Parameters&) [with T = unsigned char]	16	static
../Core/Src/CanController.cpp:40:7:void servo_md::CanController<T>::send(T) [with T = unsigned char]	48	static
../Core/Src/CanController.cpp:80:7:void servo_md::CanController<T>::update() [with T = unsigned char]	64	static
../Core/Src/CanController.cpp:128:7:static void servo_md::CanController<T>::trigger_update() [with T = unsigned char]	24	static
c:\st\stm32cubeide_1.9.0\stm32cubeide\plugins\com.st.stm32cube.ide.mcu.externaltools.gnu-tools-for-stm32.10.3-2021.10.win32_1.0.0.202111181127\tools\arm-none-eabi\include\c++\10.3.1\bits\stl_iterator.h:1056:7:constexpr const _Iterator& __gnu_cxx::__normal_iterator<_Iterator, _Container>::base() const [with _Iterator = CRSLib::Can::RM0008::RxFrame*; _Container = std::vector<CRSLib::Can::RM0008::RxFrame>]	16	static
c:\st\stm32cubeide_1.9.0\stm32cubeide\plugins\com.st.stm32cube.ide.mcu.externaltools.gnu-tools-for-stm32.10.3-2021.10.win32_1.0.0.202111181127\tools\arm-none-eabi\include\c++\10.3.1\bits\stl_algobase.h:254:5:constexpr const _Tp& std::max(const _Tp&, const _Tp&) [with _Tp = unsigned int]	16	static
c:\st\stm32cubeide_1.9.0\stm32cubeide\plugins\com.st.stm32cube.ide.mcu.externaltools.gnu-tools-for-stm32.10.3-2021.10.win32_1.0.0.202111181127\tools\arm-none-eabi\include\c++\10.3.1\array:234:7:constexpr std::array<_Tp, _Nm>::value_type* std::array<_Tp, _Nm>::data() [with _Tp = unsigned char; unsigned int _Nm = 8]	16	static
c:\st\stm32cubeide_1.9.0\stm32cubeide\plugins\com.st.stm32cube.ide.mcu.externaltools.gnu-tools-for-stm32.10.3-2021.10.win32_1.0.0.202111181127\tools\arm-none-eabi\include\c++\10.3.1\bits\stl_vector.h:128:14:constexpr std::_Vector_base<CRSLib::Can::RM0008::RxFrame, std::allocator<CRSLib::Can::RM0008::RxFrame> >::_Vector_impl::~_Vector_impl()	16	static
c:\st\stm32cubeide_1.9.0\stm32cubeide\plugins\com.st.stm32cube.ide.mcu.externaltools.gnu-tools-for-stm32.10.3-2021.10.win32_1.0.0.202111181127\tools\arm-none-eabi\include\c++\10.3.1\bits\stl_vector.h:288:7:std::_Vector_base<_Tp, _Alloc>::_Vector_base() [with _Tp = CRSLib::Can::RM0008::RxFrame; _Alloc = std::allocator<CRSLib::Can::RM0008::RxFrame>]	16	static
c:\st\stm32cubeide_1.9.0\stm32cubeide\plugins\com.st.stm32cube.ide.mcu.externaltools.gnu-tools-for-stm32.10.3-2021.10.win32_1.0.0.202111181127\tools\arm-none-eabi\include\c++\10.3.1\bits\stl_vector.h:487:7:std::vector<_Tp, _Alloc>::vector() [with _Tp = CRSLib::Can::RM0008::RxFrame; _Alloc = std::allocator<CRSLib::Can::RM0008::RxFrame>]	16	static
c:\st\stm32cubeide_1.9.0\stm32cubeide\plugins\com.st.stm32cube.ide.mcu.externaltools.gnu-tools-for-stm32.10.3-2021.10.win32_1.0.0.202111181127\tools\arm-none-eabi\include\c++\10.3.1\bits\stl_list.h:374:14:constexpr std::__cxx11::_List_base<servo_md::CanController<float>*, std::allocator<servo_md::CanController<float>*> >::_List_impl::~_List_impl()	16	static
c:\st\stm32cubeide_1.9.0\stm32cubeide\plugins\com.st.stm32cube.ide.mcu.externaltools.gnu-tools-for-stm32.10.3-2021.10.win32_1.0.0.202111181127\tools\arm-none-eabi\include\c++\10.3.1\bits\stl_list.h:460:7:std::__cxx11::_List_base<_Tp, _Alloc>::_List_base() [with _Tp = servo_md::CanController<float>*; _Alloc = std::allocator<servo_md::CanController<float>*>]	16	static
c:\st\stm32cubeide_1.9.0\stm32cubeide\plugins\com.st.stm32cube.ide.mcu.externaltools.gnu-tools-for-stm32.10.3-2021.10.win32_1.0.0.202111181127\tools\arm-none-eabi\include\c++\10.3.1\bits\stl_list.h:673:7:std::__cxx11::list<_Tp, _Alloc>::list() [with _Tp = servo_md::CanController<float>*; _Alloc = std::allocator<servo_md::CanController<float>*>]	16	static
c:\st\stm32cubeide_1.9.0\stm32cubeide\plugins\com.st.stm32cube.ide.mcu.externaltools.gnu-tools-for-stm32.10.3-2021.10.win32_1.0.0.202111181127\tools\arm-none-eabi\include\c++\10.3.1\bits\std_function.h:303:11:std::function<int(float, long unsigned int)>::~function()	16	static
c:\st\stm32cubeide_1.9.0\stm32cubeide\plugins\com.st.stm32cube.ide.mcu.externaltools.gnu-tools-for-stm32.10.3-2021.10.win32_1.0.0.202111181127\tools\arm-none-eabi\include\c++\10.3.1\bits\stl_iterator.h:998:7:constexpr __gnu_cxx::__normal_iterator<_Iterator, _Container>::pointer __gnu_cxx::__normal_iterator<_Iterator, _Container>::operator->() const [with _Iterator = CRSLib::Can::RM0008::RxFrame*; _Container = std::vector<CRSLib::Can::RM0008::RxFrame>]	16	static
c:\st\stm32cubeide_1.9.0\stm32cubeide\plugins\com.st.stm32cube.ide.mcu.externaltools.gnu-tools-for-stm32.10.3-2021.10.win32_1.0.0.202111181127\tools\arm-none-eabi\include\c++\10.3.1\bits\stl_iterator.h:1011:7:constexpr __gnu_cxx::__normal_iterator<_Iterator, _Container> __gnu_cxx::__normal_iterator<_Iterator, _Container>::operator++(int) [with _Iterator = CRSLib::Can::RM0008::RxFrame*; _Container = std::vector<CRSLib::Can::RM0008::RxFrame>]	24	static
c:\st\stm32cubeide_1.9.0\stm32cubeide\plugins\com.st.stm32cube.ide.mcu.externaltools.gnu-tools-for-stm32.10.3-2021.10.win32_1.0.0.202111181127\tools\arm-none-eabi\include\c++\10.3.1\bits\stl_list.h:374:14:constexpr std::__cxx11::_List_base<servo_md::CanController<unsigned char>*, std::allocator<servo_md::CanController<unsigned char>*> >::_List_impl::~_List_impl()	16	static
c:\st\stm32cubeide_1.9.0\stm32cubeide\plugins\com.st.stm32cube.ide.mcu.externaltools.gnu-tools-for-stm32.10.3-2021.10.win32_1.0.0.202111181127\tools\arm-none-eabi\include\c++\10.3.1\bits\stl_list.h:460:7:std::__cxx11::_List_base<_Tp, _Alloc>::_List_base() [with _Tp = servo_md::CanController<unsigned char>*; _Alloc = std::allocator<servo_md::CanController<unsigned char>*>]	16	static
c:\st\stm32cubeide_1.9.0\stm32cubeide\plugins\com.st.stm32cube.ide.mcu.externaltools.gnu-tools-for-stm32.10.3-2021.10.win32_1.0.0.202111181127\tools\arm-none-eabi\include\c++\10.3.1\bits\stl_list.h:673:7:std::__cxx11::list<_Tp, _Alloc>::list() [with _Tp = servo_md::CanController<unsigned char>*; _Alloc = std::allocator<servo_md::CanController<unsigned char>*>]	16	static
c:\st\stm32cubeide_1.9.0\stm32cubeide\plugins\com.st.stm32cube.ide.mcu.externaltools.gnu-tools-for-stm32.10.3-2021.10.win32_1.0.0.202111181127\tools\arm-none-eabi\include\c++\10.3.1\bits\std_function.h:303:11:std::function<int(unsigned char, long unsigned int)>::~function()	16	static
c:\st\stm32cubeide_1.9.0\stm32cubeide\plugins\com.st.stm32cube.ide.mcu.externaltools.gnu-tools-for-stm32.10.3-2021.10.win32_1.0.0.202111181127\tools\arm-none-eabi\include\c++\10.3.1\array:59:7:static constexpr _Tp* std::__array_traits<_Tp, _Nm>::_S_ptr(const _Tp (&)[_Nm]) [with _Tp = unsigned char; unsigned int _Nm = 8]	16	static
c:\st\stm32cubeide_1.9.0\stm32cubeide\plugins\com.st.stm32cube.ide.mcu.externaltools.gnu-tools-for-stm32.10.3-2021.10.win32_1.0.0.202111181127\tools\arm-none-eabi\include\c++\10.3.1\bits\stl_vector.h:131:2:std::_Vector_base<_Tp, _Alloc>::_Vector_impl::_Vector_impl() [with _Tp = CRSLib::Can::RM0008::RxFrame; _Alloc = std::allocator<CRSLib::Can::RM0008::RxFrame>]	16	static
c:\st\stm32cubeide_1.9.0\stm32cubeide\plugins\com.st.stm32cube.ide.mcu.externaltools.gnu-tools-for-stm32.10.3-2021.10.win32_1.0.0.202111181127\tools\arm-none-eabi\include\c++\10.3.1\bits\allocator.h:182:7:constexpr std::allocator< <template-parameter-1-1> >::~allocator() [with _Tp = CRSLib::Can::RM0008::RxFrame]	16	static
c:\st\stm32cubeide_1.9.0\stm32cubeide\plugins\com.st.stm32cube.ide.mcu.externaltools.gnu-tools-for-stm32.10.3-2021.10.win32_1.0.0.202111181127\tools\arm-none-eabi\include\c++\10.3.1\bits\stl_vector.h:333:7:std::_Vector_base<_Tp, _Alloc>::~_Vector_base() [with _Tp = CRSLib::Can::RM0008::RxFrame; _Alloc = std::allocator<CRSLib::Can::RM0008::RxFrame>]	16	static
c:\st\stm32cubeide_1.9.0\stm32cubeide\plugins\com.st.stm32cube.ide.mcu.externaltools.gnu-tools-for-stm32.10.3-2021.10.win32_1.0.0.202111181127\tools\arm-none-eabi\include\c++\10.3.1\bits\stl_list.h:379:2:std::__cxx11::_List_base<_Tp, _Alloc>::_List_impl::_List_impl() [with _Tp = servo_md::CanController<float>*; _Alloc = std::allocator<servo_md::CanController<float>*>]	16	static
c:\st\stm32cubeide_1.9.0\stm32cubeide\plugins\com.st.stm32cube.ide.mcu.externaltools.gnu-tools-for-stm32.10.3-2021.10.win32_1.0.0.202111181127\tools\arm-none-eabi\include\c++\10.3.1\bits\allocator.h:182:7:constexpr std::allocator< <template-parameter-1-1> >::~allocator() [with _Tp = std::_List_node<servo_md::CanController<float>*>]	16	static
c:\st\stm32cubeide_1.9.0\stm32cubeide\plugins\com.st.stm32cube.ide.mcu.externaltools.gnu-tools-for-stm32.10.3-2021.10.win32_1.0.0.202111181127\tools\arm-none-eabi\include\c++\10.3.1\bits\stl_list.h:498:7:std::__cxx11::_List_base<_Tp, _Alloc>::~_List_base() [with _Tp = servo_md::CanController<float>*; _Alloc = std::allocator<servo_md::CanController<float>*>]	16	static
c:\st\stm32cubeide_1.9.0\stm32cubeide\plugins\com.st.stm32cube.ide.mcu.externaltools.gnu-tools-for-stm32.10.3-2021.10.win32_1.0.0.202111181127\tools\arm-none-eabi\include\c++\10.3.1\bits\std_function.h:330:7:)>::function() [with _Res = int; _ArgTypes = {float, long unsigned int}]	16	static
c:\st\stm32cubeide_1.9.0\stm32cubeide\plugins\com.st.stm32cube.ide.mcu.externaltools.gnu-tools-for-stm32.10.3-2021.10.win32_1.0.0.202111181127\tools\arm-none-eabi\include\c++\10.3.1\bits\stl_list.h:1216:7:void std::__cxx11::list<_Tp, _Alloc>::push_back(std::__cxx11::list<_Tp, _Alloc>::value_type&&) [with _Tp = servo_md::CanController<float>*; _Alloc = std::allocator<servo_md::CanController<float>*>]	24	static
c:\st\stm32cubeide_1.9.0\stm32cubeide\plugins\com.st.stm32cube.ide.mcu.externaltools.gnu-tools-for-stm32.10.3-2021.10.win32_1.0.0.202111181127\tools\arm-none-eabi\include\c++\10.3.1\bits\std_function.h:396:7:)>&) [with _Res = int; _ArgTypes = {float, long unsigned int}]	32	static
../Core/Inc/CRSLib/Can/CommonAmongMPU/include/pack.hpp:23:14:void CRSLib::Can::pack(CRSLib::Can::DataField&, const T&) [with std::endian endian = std::endian::little; T = float]	16	static
c:\st\stm32cubeide_1.9.0\stm32cubeide\plugins\com.st.stm32cube.ide.mcu.externaltools.gnu-tools-for-stm32.10.3-2021.10.win32_1.0.0.202111181127\tools\arm-none-eabi\include\c++\10.3.1\bits\stl_vector.h:1187:7:void std::vector<_Tp, _Alloc>::push_back(const value_type&) [with _Tp = CRSLib::Can::RM0008::RxFrame; _Alloc = std::allocator<CRSLib::Can::RM0008::RxFrame>]	16	static
c:\st\stm32cubeide_1.9.0\stm32cubeide\plugins\com.st.stm32cube.ide.mcu.externaltools.gnu-tools-for-stm32.10.3-2021.10.win32_1.0.0.202111181127\tools\arm-none-eabi\include\c++\10.3.1\bits\stl_vector.h:811:7:std::vector<_Tp, _Alloc>::iterator std::vector<_Tp, _Alloc>::begin() [with _Tp = CRSLib::Can::RM0008::RxFrame; _Alloc = std::allocator<CRSLib::Can::RM0008::RxFrame>]	24	static
c:\st\stm32cubeide_1.9.0\stm32cubeide\plugins\com.st.stm32cube.ide.mcu.externaltools.gnu-tools-for-stm32.10.3-2021.10.win32_1.0.0.202111181127\tools\arm-none-eabi\include\c++\10.3.1\bits\stl_vector.h:829:7:std::vector<_Tp, _Alloc>::iterator std::vector<_Tp, _Alloc>::end() [with _Tp = CRSLib::Can::RM0008::RxFrame; _Alloc = std::allocator<CRSLib::Can::RM0008::RxFrame>]	24	static
c:\st\stm32cubeide_1.9.0\stm32cubeide\plugins\com.st.stm32cube.ide.mcu.externaltools.gnu-tools-for-stm32.10.3-2021.10.win32_1.0.0.202111181127\tools\arm-none-eabi\include\c++\10.3.1\bits\stl_iterator.h:1073:5:constexpr bool __gnu_cxx::operator==(const __gnu_cxx::__normal_iterator<_IteratorL, _Container>&, const __gnu_cxx::__normal_iterator<_IteratorR, _Container>&) [with _IteratorL = CRSLib::Can::RM0008::RxFrame*; _IteratorR = CRSLib::Can::RM0008::RxFrame*; _Container = std::vector<CRSLib::Can::RM0008::RxFrame>]	24	static
../Core/Inc/CRSLib/Can/CommonAmongMPU/include/pack.hpp:38:11:T CRSLib::Can::unpack(const DataField&) [with std::endian endian = std::endian::little; T = float]	16	static
c:\st\stm32cubeide_1.9.0\stm32cubeide\plugins\com.st.stm32cube.ide.mcu.externaltools.gnu-tools-for-stm32.10.3-2021.10.win32_1.0.0.202111181127\tools\arm-none-eabi\include\c++\10.3.1\bits\std_function.h:617:5:) const [with _Res = int; _ArgTypes = {float, long unsigned int}]	40	static
c:\st\stm32cubeide_1.9.0\stm32cubeide\plugins\com.st.stm32cube.ide.mcu.externaltools.gnu-tools-for-stm32.10.3-2021.10.win32_1.0.0.202111181127\tools\arm-none-eabi\include\c++\10.3.1\bits\stl_iterator.h:984:9:constexpr __gnu_cxx::__normal_iterator<_Iterator, _Container>::__normal_iterator(const __gnu_cxx::__normal_iterator<_Iter, typename __gnu_cxx::__enable_if<std::__are_same<_Iter, typename _Container::pointer>::__value, _Container>::__type>&) [with _Iter = CRSLib::Can::RM0008::RxFrame*; _Iterator = const CRSLib::Can::RM0008::RxFrame*; _Container = std::vector<CRSLib::Can::RM0008::RxFrame>]	16	static
c:\st\stm32cubeide_1.9.0\stm32cubeide\plugins\com.st.stm32cube.ide.mcu.externaltools.gnu-tools-for-stm32.10.3-2021.10.win32_1.0.0.202111181127\tools\arm-none-eabi\include\c++\10.3.1\bits\stl_vector.h:1430:7:std::vector<_Tp, _Alloc>::iterator std::vector<_Tp, _Alloc>::erase(std::vector<_Tp, _Alloc>::const_iterator) [with _Tp = CRSLib::Can::RM0008::RxFrame; _Alloc = std::allocator<CRSLib::Can::RM0008::RxFrame>]	24	static
c:\st\stm32cubeide_1.9.0\stm32cubeide\plugins\com.st.stm32cube.ide.mcu.externaltools.gnu-tools-for-stm32.10.3-2021.10.win32_1.0.0.202111181127\tools\arm-none-eabi\include\c++\10.3.1\bits\stl_iterator.h:978:7:constexpr __gnu_cxx::__normal_iterator<_Iterator, _Container>::__normal_iterator(const _Iterator&) [with _Iterator = CRSLib::Can::RM0008::RxFrame*; _Container = std::vector<CRSLib::Can::RM0008::RxFrame>]	16	static
c:\st\stm32cubeide_1.9.0\stm32cubeide\plugins\com.st.stm32cube.ide.mcu.externaltools.gnu-tools-for-stm32.10.3-2021.10.win32_1.0.0.202111181127\tools\arm-none-eabi\include\c++\10.3.1\bits\stl_list.h:945:7:std::__cxx11::list<_Tp, _Alloc>::iterator std::__cxx11::list<_Tp, _Alloc>::begin() [with _Tp = servo_md::CanController<float>*; _Alloc = std::allocator<servo_md::CanController<float>*>]	24	static
c:\st\stm32cubeide_1.9.0\stm32cubeide\plugins\com.st.stm32cube.ide.mcu.externaltools.gnu-tools-for-stm32.10.3-2021.10.win32_1.0.0.202111181127\tools\arm-none-eabi\include\c++\10.3.1\bits\stl_list.h:963:7:std::__cxx11::list<_Tp, _Alloc>::iterator std::__cxx11::list<_Tp, _Alloc>::end() [with _Tp = servo_md::CanController<float>*; _Alloc = std::allocator<servo_md::CanController<float>*>]	24	static
c:\st\stm32cubeide_1.9.0\stm32cubeide\plugins\com.st.stm32cube.ide.mcu.externaltools.gnu-tools-for-stm32.10.3-2021.10.win32_1.0.0.202111181127\tools\arm-none-eabi\include\c++\10.3.1\bits\stl_list.h:247:7:bool std::operator==(const _Self&, const _Self&)	16	static
c:\st\stm32cubeide_1.9.0\stm32cubeide\plugins\com.st.stm32cube.ide.mcu.externaltools.gnu-tools-for-stm32.10.3-2021.10.win32_1.0.0.202111181127\tools\arm-none-eabi\include\c++\10.3.1\bits\stl_list.h:217:7:std::_List_iterator< <template-parameter-1-1> >::_Self& std::_List_iterator< <template-parameter-1-1> >::operator++() [with _Tp = servo_md::CanController<float>*]	16	static
c:\st\stm32cubeide_1.9.0\stm32cubeide\plugins\com.st.stm32cube.ide.mcu.externaltools.gnu-tools-for-stm32.10.3-2021.10.win32_1.0.0.202111181127\tools\arm-none-eabi\include\c++\10.3.1\bits\stl_list.h:209:7:_Tp& std::_List_iterator< <template-parameter-1-1> >::operator*() const [with _Tp = servo_md::CanController<float>*]	16	static
c:\st\stm32cubeide_1.9.0\stm32cubeide\plugins\com.st.stm32cube.ide.mcu.externaltools.gnu-tools-for-stm32.10.3-2021.10.win32_1.0.0.202111181127\tools\arm-none-eabi\include\c++\10.3.1\bits\stl_list.h:379:2:std::__cxx11::_List_base<_Tp, _Alloc>::_List_impl::_List_impl() [with _Tp = servo_md::CanController<unsigned char>*; _Alloc = std::allocator<servo_md::CanController<unsigned char>*>]	16	static
c:\st\stm32cubeide_1.9.0\stm32cubeide\plugins\com.st.stm32cube.ide.mcu.externaltools.gnu-tools-for-stm32.10.3-2021.10.win32_1.0.0.202111181127\tools\arm-none-eabi\include\c++\10.3.1\bits\allocator.h:182:7:constexpr std::allocator< <template-parameter-1-1> >::~allocator() [with _Tp = std::_List_node<servo_md::CanController<unsigned char>*>]	16	static
c:\st\stm32cubeide_1.9.0\stm32cubeide\plugins\com.st.stm32cube.ide.mcu.externaltools.gnu-tools-for-stm32.10.3-2021.10.win32_1.0.0.202111181127\tools\arm-none-eabi\include\c++\10.3.1\bits\stl_list.h:498:7:std::__cxx11::_List_base<_Tp, _Alloc>::~_List_base() [with _Tp = servo_md::CanController<unsigned char>*; _Alloc = std::allocator<servo_md::CanController<unsigned char>*>]	16	static
c:\st\stm32cubeide_1.9.0\stm32cubeide\plugins\com.st.stm32cube.ide.mcu.externaltools.gnu-tools-for-stm32.10.3-2021.10.win32_1.0.0.202111181127\tools\arm-none-eabi\include\c++\10.3.1\bits\std_function.h:330:7:)>::function() [with _Res = int; _ArgTypes = {unsigned char, long unsigned int}]	16	static
c:\st\stm32cubeide_1.9.0\stm32cubeide\plugins\com.st.stm32cube.ide.mcu.externaltools.gnu-tools-for-stm32.10.3-2021.10.win32_1.0.0.202111181127\tools\arm-none-eabi\include\c++\10.3.1\bits\stl_list.h:1216:7:void std::__cxx11::list<_Tp, _Alloc>::push_back(std::__cxx11::list<_Tp, _Alloc>::value_type&&) [with _Tp = servo_md::CanController<unsigned char>*; _Alloc = std::allocator<servo_md::CanController<unsigned char>*>]	24	static
c:\st\stm32cubeide_1.9.0\stm32cubeide\plugins\com.st.stm32cube.ide.mcu.externaltools.gnu-tools-for-stm32.10.3-2021.10.win32_1.0.0.202111181127\tools\arm-none-eabi\include\c++\10.3.1\bits\std_function.h:396:7:)>&) [with _Res = int; _ArgTypes = {unsigned char, long unsigned int}]	32	static
../Core/Inc/CRSLib/Can/CommonAmongMPU/include/pack.hpp:23:14:void CRSLib::Can::pack(CRSLib::Can::DataField&, const T&) [with std::endian endian = std::endian::little; T = unsigned char]	16	static
../Core/Inc/CRSLib/Can/CommonAmongMPU/include/pack.hpp:38:11:T CRSLib::Can::unpack(const DataField&) [with std::endian endian = std::endian::little; T = unsigned char]	16	static
c:\st\stm32cubeide_1.9.0\stm32cubeide\plugins\com.st.stm32cube.ide.mcu.externaltools.gnu-tools-for-stm32.10.3-2021.10.win32_1.0.0.202111181127\tools\arm-none-eabi\include\c++\10.3.1\bits\std_function.h:617:5:) const [with _Res = int; _ArgTypes = {unsigned char, long unsigned int}]	40	static
c:\st\stm32cubeide_1.9.0\stm32cubeide\plugins\com.st.stm32cube.ide.mcu.externaltools.gnu-tools-for-stm32.10.3-2021.10.win32_1.0.0.202111181127\tools\arm-none-eabi\include\c++\10.3.1\bits\stl_list.h:945:7:std::__cxx11::list<_Tp, _Alloc>::iterator std::__cxx11::list<_Tp, _Alloc>::begin() [with _Tp = servo_md::CanController<unsigned char>*; _Alloc = std::allocator<servo_md::CanController<unsigned char>*>]	24	static
c:\st\stm32cubeide_1.9.0\stm32cubeide\plugins\com.st.stm32cube.ide.mcu.externaltools.gnu-tools-for-stm32.10.3-2021.10.win32_1.0.0.202111181127\tools\arm-none-eabi\include\c++\10.3.1\bits\stl_list.h:963:7:std::__cxx11::list<_Tp, _Alloc>::iterator std::__cxx11::list<_Tp, _Alloc>::end() [with _Tp = servo_md::CanController<unsigned char>*; _Alloc = std::allocator<servo_md::CanController<unsigned char>*>]	24	static
c:\st\stm32cubeide_1.9.0\stm32cubeide\plugins\com.st.stm32cube.ide.mcu.externaltools.gnu-tools-for-stm32.10.3-2021.10.win32_1.0.0.202111181127\tools\arm-none-eabi\include\c++\10.3.1\bits\stl_list.h:247:7:bool std::operator==(const _Self&, const _Self&)	16	static
c:\st\stm32cubeide_1.9.0\stm32cubeide\plugins\com.st.stm32cube.ide.mcu.externaltools.gnu-tools-for-stm32.10.3-2021.10.win32_1.0.0.202111181127\tools\arm-none-eabi\include\c++\10.3.1\bits\stl_list.h:217:7:std::_List_iterator< <template-parameter-1-1> >::_Self& std::_List_iterator< <template-parameter-1-1> >::operator++() [with _Tp = servo_md::CanController<unsigned char>*]	16	static
c:\st\stm32cubeide_1.9.0\stm32cubeide\plugins\com.st.stm32cube.ide.mcu.externaltools.gnu-tools-for-stm32.10.3-2021.10.win32_1.0.0.202111181127\tools\arm-none-eabi\include\c++\10.3.1\bits\stl_list.h:209:7:_Tp& std::_List_iterator< <template-parameter-1-1> >::operator*() const [with _Tp = servo_md::CanController<unsigned char>*]	16	static
c:\st\stm32cubeide_1.9.0\stm32cubeide\plugins\com.st.stm32cube.ide.mcu.externaltools.gnu-tools-for-stm32.10.3-2021.10.win32_1.0.0.202111181127\tools\arm-none-eabi\include\c++\10.3.1\bits\allocator.h:164:7:constexpr std::allocator< <template-parameter-1-1> >::allocator() [with _Tp = CRSLib::Can::RM0008::RxFrame]	16	static
c:\st\stm32cubeide_1.9.0\stm32cubeide\plugins\com.st.stm32cube.ide.mcu.externaltools.gnu-tools-for-stm32.10.3-2021.10.win32_1.0.0.202111181127\tools\arm-none-eabi\include\c++\10.3.1\bits\stl_vector.h:97:2:std::_Vector_base<_Tp, _Alloc>::_Vector_impl_data::_Vector_impl_data() [with _Tp = CRSLib::Can::RM0008::RxFrame; _Alloc = std::allocator<CRSLib::Can::RM0008::RxFrame>]	16	static
c:\st\stm32cubeide_1.9.0\stm32cubeide\plugins\com.st.stm32cube.ide.mcu.externaltools.gnu-tools-for-stm32.10.3-2021.10.win32_1.0.0.202111181127\tools\arm-none-eabi\include\c++\10.3.1\bits\stl_vector.h:350:7:void std::_Vector_base<_Tp, _Alloc>::_M_deallocate(std::_Vector_base<_Tp, _Alloc>::pointer, std::size_t) [with _Tp = CRSLib::Can::RM0008::RxFrame; _Alloc = std::allocator<CRSLib::Can::RM0008::RxFrame>]	24	static
c:\st\stm32cubeide_1.9.0\stm32cubeide\plugins\com.st.stm32cube.ide.mcu.externaltools.gnu-tools-for-stm32.10.3-2021.10.win32_1.0.0.202111181127\tools\arm-none-eabi\include\c++\10.3.1\bits\allocator.h:164:7:constexpr std::allocator< <template-parameter-1-1> >::allocator() [with _Tp = std::_List_node<servo_md::CanController<float>*>]	16	static
c:\st\stm32cubeide_1.9.0\stm32cubeide\plugins\com.st.stm32cube.ide.mcu.externaltools.gnu-tools-for-stm32.10.3-2021.10.win32_1.0.0.202111181127\tools\arm-none-eabi\include\c++\10.3.1\bits\list.tcc:66:5:void std::__cxx11::_List_base<_Tp, _Alloc>::_M_clear() [with _Tp = servo_md::CanController<float>*; _Alloc = std::allocator<servo_md::CanController<float>*>]	32	static
c:\st\stm32cubeide_1.9.0\stm32cubeide\plugins\com.st.stm32cube.ide.mcu.externaltools.gnu-tools-for-stm32.10.3-2021.10.win32_1.0.0.202111181127\tools\arm-none-eabi\include\c++\10.3.1\bits\move.h:101:5:constexpr typename std::remove_reference<_Tp>::type&& std::move(_Tp&&) [with _Tp = servo_md::CanController<float>*&]	16	static
c:\st\stm32cubeide_1.9.0\stm32cubeide\plugins\com.st.stm32cube.ide.mcu.externaltools.gnu-tools-for-stm32.10.3-2021.10.win32_1.0.0.202111181127\tools\arm-none-eabi\include\c++\10.3.1\bits\stl_list.h:1909:8:) [with _Args = {servo_md::CanController<float>*}; _Tp = servo_md::CanController<float>*; _Alloc = std::allocator<servo_md::CanController<float>*>]	32	static
c:\st\stm32cubeide_1.9.0\stm32cubeide\plugins\com.st.stm32cube.ide.mcu.externaltools.gnu-tools-for-stm32.10.3-2021.10.win32_1.0.0.202111181127\tools\arm-none-eabi\include\c++\10.3.1\bits\std_function.h:587:5:)>&) [with _Res = int; _ArgTypes = {float, long unsigned int}]	16	static
c:\st\stm32cubeide_1.9.0\stm32cubeide\plugins\com.st.stm32cube.ide.mcu.externaltools.gnu-tools-for-stm32.10.3-2021.10.win32_1.0.0.202111181127\tools\arm-none-eabi\include\c++\10.3.1\bits\std_function.h:481:12:)>&) [with _Res = int; _ArgTypes = {float, long unsigned int}]	16	static
c:\st\stm32cubeide_1.9.0\stm32cubeide\plugins\com.st.stm32cube.ide.mcu.externaltools.gnu-tools-for-stm32.10.3-2021.10.win32_1.0.0.202111181127\tools\arm-none-eabi\include\c++\10.3.1\bits\stl_construct.h:94:5:) [with _Tp = CRSLib::Can::RM0008::RxFrame; _Args = {const CRSLib::Can::RM0008::RxFrame&}]	32	static
c:\st\stm32cubeide_1.9.0\stm32cubeide\plugins\com.st.stm32cube.ide.mcu.externaltools.gnu-tools-for-stm32.10.3-2021.10.win32_1.0.0.202111181127\tools\arm-none-eabi\include\c++\10.3.1\bits\alloc_traits.h:507:2:) [with _Up = CRSLib::Can::RM0008::RxFrame; _Args = {const CRSLib::Can::RM0008::RxFrame&}; _Tp = CRSLib::Can::RM0008::RxFrame]	24	static
c:\st\stm32cubeide_1.9.0\stm32cubeide\plugins\com.st.stm32cube.ide.mcu.externaltools.gnu-tools-for-stm32.10.3-2021.10.win32_1.0.0.202111181127\tools\arm-none-eabi\include\c++\10.3.1\bits\vector.tcc:426:7:) [with _Args = {const CRSLib::Can::RM0008::RxFrame&}; _Tp = CRSLib::Can::RM0008::RxFrame; _Alloc = std::allocator<CRSLib::Can::RM0008::RxFrame>]	64	static
c:\st\stm32cubeide_1.9.0\stm32cubeide\plugins\com.st.stm32cube.ide.mcu.externaltools.gnu-tools-for-stm32.10.3-2021.10.win32_1.0.0.202111181127\tools\arm-none-eabi\include\c++\10.3.1\array:238:7:constexpr const value_type* std::array<_Tp, _Nm>::data() const [with _Tp = unsigned char; unsigned int _Nm = 8]	16	static
c:\st\stm32cubeide_1.9.0\stm32cubeide\plugins\com.st.stm32cube.ide.mcu.externaltools.gnu-tools-for-stm32.10.3-2021.10.win32_1.0.0.202111181127\tools\arm-none-eabi\include\c++\10.3.1\bits\move.h:76:5:constexpr _Tp&& std::forward(typename std::remove_reference<_Tp>::type&) [with _Tp = float]	16	static
c:\st\stm32cubeide_1.9.0\stm32cubeide\plugins\com.st.stm32cube.ide.mcu.externaltools.gnu-tools-for-stm32.10.3-2021.10.win32_1.0.0.202111181127\tools\arm-none-eabi\include\c++\10.3.1\bits\move.h:76:5:constexpr _Tp&& std::forward(typename std::remove_reference<_Tp>::type&) [with _Tp = long unsigned int]	16	static
c:\st\stm32cubeide_1.9.0\stm32cubeide\plugins\com.st.stm32cube.ide.mcu.externaltools.gnu-tools-for-stm32.10.3-2021.10.win32_1.0.0.202111181127\tools\arm-none-eabi\include\c++\10.3.1\bits\stl_vector.h:884:7:std::vector<_Tp, _Alloc>::const_iterator std::vector<_Tp, _Alloc>::cbegin() const [with _Tp = CRSLib::Can::RM0008::RxFrame; _Alloc = std::allocator<CRSLib::Can::RM0008::RxFrame>]	24	static
c:\st\stm32cubeide_1.9.0\stm32cubeide\plugins\com.st.stm32cube.ide.mcu.externaltools.gnu-tools-for-stm32.10.3-2021.10.win32_1.0.0.202111181127\tools\arm-none-eabi\include\c++\10.3.1\bits\stl_iterator.h:1202:5:constexpr typename __gnu_cxx::__normal_iterator<_Iterator, _Container>::difference_type __gnu_cxx::operator-(const __gnu_cxx::__normal_iterator<_Iterator, _Container>&, const __gnu_cxx::__normal_iterator<_Iterator, _Container>&) [with _Iterator = const CRSLib::Can::RM0008::RxFrame*; _Container = std::vector<CRSLib::Can::RM0008::RxFrame>]	24	static
c:\st\stm32cubeide_1.9.0\stm32cubeide\plugins\com.st.stm32cube.ide.mcu.externaltools.gnu-tools-for-stm32.10.3-2021.10.win32_1.0.0.202111181127\tools\arm-none-eabi\include\c++\10.3.1\bits\stl_iterator.h:1041:7:constexpr __gnu_cxx::__normal_iterator<_Iterator, _Container> __gnu_cxx::__normal_iterator<_Iterator, _Container>::operator+(__gnu_cxx::__normal_iterator<_Iterator, _Container>::difference_type) const [with _Iterator = CRSLib::Can::RM0008::RxFrame*; _Container = std::vector<CRSLib::Can::RM0008::RxFrame>]	24	static
c:\st\stm32cubeide_1.9.0\stm32cubeide\plugins\com.st.stm32cube.ide.mcu.externaltools.gnu-tools-for-stm32.10.3-2021.10.win32_1.0.0.202111181127\tools\arm-none-eabi\include\c++\10.3.1\bits\stl_algobase.h:593:5:constexpr _OI std::move(_II, _II, _OI) [with _II = __gnu_cxx::__normal_iterator<CRSLib::Can::RM0008::RxFrame*, std::vector<CRSLib::Can::RM0008::RxFrame> >; _OI = __gnu_cxx::__normal_iterator<CRSLib::Can::RM0008::RxFrame*, std::vector<CRSLib::Can::RM0008::RxFrame> >]	32	static
c:\st\stm32cubeide_1.9.0\stm32cubeide\plugins\com.st.stm32cube.ide.mcu.externaltools.gnu-tools-for-stm32.10.3-2021.10.win32_1.0.0.202111181127\tools\arm-none-eabi\include\c++\10.3.1\bits\vector.tcc:171:5:std::vector<_Tp, _Alloc>::iterator std::vector<_Tp, _Alloc>::_M_erase(std::vector<_Tp, _Alloc>::iterator) [with _Tp = CRSLib::Can::RM0008::RxFrame; _Alloc = std::allocator<CRSLib::Can::RM0008::RxFrame>]	32	static
c:\st\stm32cubeide_1.9.0\stm32cubeide\plugins\com.st.stm32cube.ide.mcu.externaltools.gnu-tools-for-stm32.10.3-2021.10.win32_1.0.0.202111181127\tools\arm-none-eabi\include\c++\10.3.1\bits\stl_list.h:200:7:std::_List_iterator< <template-parameter-1-1> >::_List_iterator(std::__detail::_List_node_base*) [with _Tp = servo_md::CanController<float>*]	16	static
c:\st\stm32cubeide_1.9.0\stm32cubeide\plugins\com.st.stm32cube.ide.mcu.externaltools.gnu-tools-for-stm32.10.3-2021.10.win32_1.0.0.202111181127\tools\arm-none-eabi\include\c++\10.3.1\bits\stl_list.h:170:18:_Tp* std::_List_node<_Tp>::_M_valptr() [with _Tp = servo_md::CanController<float>*]	16	static
c:\st\stm32cubeide_1.9.0\stm32cubeide\plugins\com.st.stm32cube.ide.mcu.externaltools.gnu-tools-for-stm32.10.3-2021.10.win32_1.0.0.202111181127\tools\arm-none-eabi\include\c++\10.3.1\bits\allocator.h:164:7:constexpr std::allocator< <template-parameter-1-1> >::allocator() [with _Tp = std::_List_node<servo_md::CanController<unsigned char>*>]	16	static
c:\st\stm32cubeide_1.9.0\stm32cubeide\plugins\com.st.stm32cube.ide.mcu.externaltools.gnu-tools-for-stm32.10.3-2021.10.win32_1.0.0.202111181127\tools\arm-none-eabi\include\c++\10.3.1\bits\list.tcc:66:5:void std::__cxx11::_List_base<_Tp, _Alloc>::_M_clear() [with _Tp = servo_md::CanController<unsigned char>*; _Alloc = std::allocator<servo_md::CanController<unsigned char>*>]	32	static
c:\st\stm32cubeide_1.9.0\stm32cubeide\plugins\com.st.stm32cube.ide.mcu.externaltools.gnu-tools-for-stm32.10.3-2021.10.win32_1.0.0.202111181127\tools\arm-none-eabi\include\c++\10.3.1\bits\move.h:101:5:constexpr typename std::remove_reference<_Tp>::type&& std::move(_Tp&&) [with _Tp = servo_md::CanController<unsigned char>*&]	16	static
c:\st\stm32cubeide_1.9.0\stm32cubeide\plugins\com.st.stm32cube.ide.mcu.externaltools.gnu-tools-for-stm32.10.3-2021.10.win32_1.0.0.202111181127\tools\arm-none-eabi\include\c++\10.3.1\bits\stl_list.h:1909:8:) [with _Args = {servo_md::CanController<unsigned char>*}; _Tp = servo_md::CanController<unsigned char>*; _Alloc = std::allocator<servo_md::CanController<unsigned char>*>]	32	static
c:\st\stm32cubeide_1.9.0\stm32cubeide\plugins\com.st.stm32cube.ide.mcu.externaltools.gnu-tools-for-stm32.10.3-2021.10.win32_1.0.0.202111181127\tools\arm-none-eabi\include\c++\10.3.1\bits\std_function.h:587:5:)>&) [with _Res = int; _ArgTypes = {unsigned char, long unsigned int}]	16	static
c:\st\stm32cubeide_1.9.0\stm32cubeide\plugins\com.st.stm32cube.ide.mcu.externaltools.gnu-tools-for-stm32.10.3-2021.10.win32_1.0.0.202111181127\tools\arm-none-eabi\include\c++\10.3.1\bits\std_function.h:481:12:)>&) [with _Res = int; _ArgTypes = {unsigned char, long unsigned int}]	16	static
c:\st\stm32cubeide_1.9.0\stm32cubeide\plugins\com.st.stm32cube.ide.mcu.externaltools.gnu-tools-for-stm32.10.3-2021.10.win32_1.0.0.202111181127\tools\arm-none-eabi\include\c++\10.3.1\bits\move.h:76:5:constexpr _Tp&& std::forward(typename std::remove_reference<_Tp>::type&) [with _Tp = unsigned char]	16	static
c:\st\stm32cubeide_1.9.0\stm32cubeide\plugins\com.st.stm32cube.ide.mcu.externaltools.gnu-tools-for-stm32.10.3-2021.10.win32_1.0.0.202111181127\tools\arm-none-eabi\include\c++\10.3.1\bits\stl_list.h:200:7:std::_List_iterator< <template-parameter-1-1> >::_List_iterator(std::__detail::_List_node_base*) [with _Tp = servo_md::CanController<unsigned char>*]	16	static
c:\st\stm32cubeide_1.9.0\stm32cubeide\plugins\com.st.stm32cube.ide.mcu.externaltools.gnu-tools-for-stm32.10.3-2021.10.win32_1.0.0.202111181127\tools\arm-none-eabi\include\c++\10.3.1\bits\stl_list.h:170:18:_Tp* std::_List_node<_Tp>::_M_valptr() [with _Tp = servo_md::CanController<unsigned char>*]	16	static
c:\st\stm32cubeide_1.9.0\stm32cubeide\plugins\com.st.stm32cube.ide.mcu.externaltools.gnu-tools-for-stm32.10.3-2021.10.win32_1.0.0.202111181127\tools\arm-none-eabi\include\c++\10.3.1\ext\new_allocator.h:79:7:constexpr __gnu_cxx::new_allocator<_Tp>::new_allocator() [with _Tp = CRSLib::Can::RM0008::RxFrame]	16	static
c:\st\stm32cubeide_1.9.0\stm32cubeide\plugins\com.st.stm32cube.ide.mcu.externaltools.gnu-tools-for-stm32.10.3-2021.10.win32_1.0.0.202111181127\tools\arm-none-eabi\include\c++\10.3.1\bits\alloc_traits.h:491:7:static constexpr void std::allocator_traits<std::allocator<_CharT> >::deallocate(std::allocator_traits<std::allocator<_CharT> >::allocator_type&, std::allocator_traits<std::allocator<_CharT> >::pointer, std::allocator_traits<std::allocator<_CharT> >::size_type) [with _Tp = CRSLib::Can::RM0008::RxFrame]	40	static
c:\st\stm32cubeide_1.9.0\stm32cubeide\plugins\com.st.stm32cube.ide.mcu.externaltools.gnu-tools-for-stm32.10.3-2021.10.win32_1.0.0.202111181127\tools\arm-none-eabi\include\c++\10.3.1\ext\new_allocator.h:79:7:constexpr __gnu_cxx::new_allocator<_Tp>::new_allocator() [with _Tp = std::_List_node<servo_md::CanController<float>*>]	16	static
c:\st\stm32cubeide_1.9.0\stm32cubeide\plugins\com.st.stm32cube.ide.mcu.externaltools.gnu-tools-for-stm32.10.3-2021.10.win32_1.0.0.202111181127\tools\arm-none-eabi\include\c++\10.3.1\bits\stl_list.h:452:7:std::__cxx11::_List_base<_Tp, _Alloc>::_Node_alloc_type& std::__cxx11::_List_base<_Tp, _Alloc>::_M_get_Node_allocator() [with _Tp = servo_md::CanController<float>*; _Alloc = std::allocator<servo_md::CanController<float>*>]	16	static
c:\st\stm32cubeide_1.9.0\stm32cubeide\plugins\com.st.stm32cube.ide.mcu.externaltools.gnu-tools-for-stm32.10.3-2021.10.win32_1.0.0.202111181127\tools\arm-none-eabi\include\c++\10.3.1\bits\alloc_traits.h:527:2:static constexpr void std::allocator_traits<std::allocator<_CharT> >::destroy(std::allocator_traits<std::allocator<_CharT> >::allocator_type&, _Up*) [with _Up = servo_md::CanController<float>*; _Tp = std::_List_node<servo_md::CanController<float>*>]	16	static
c:\st\stm32cubeide_1.9.0\stm32cubeide\plugins\com.st.stm32cube.ide.mcu.externaltools.gnu-tools-for-stm32.10.3-2021.10.win32_1.0.0.202111181127\tools\arm-none-eabi\include\c++\10.3.1\bits\stl_list.h:445:7:void std::__cxx11::_List_base<_Tp, _Alloc>::_M_put_node(typename std::__cxx11::_List_base<_Tp, _Alloc>::_Node_alloc_traits::pointer) [with _Tp = servo_md::CanController<float>*; _Alloc = std::allocator<servo_md::CanController<float>*>]	16	static
c:\st\stm32cubeide_1.9.0\stm32cubeide\plugins\com.st.stm32cube.ide.mcu.externaltools.gnu-tools-for-stm32.10.3-2021.10.win32_1.0.0.202111181127\tools\arm-none-eabi\include\c++\10.3.1\bits\move.h:76:5:constexpr _Tp&& std::forward(typename std::remove_reference<_Tp>::type&) [with _Tp = servo_md::CanController<float>*]	16	static
c:\st\stm32cubeide_1.9.0\stm32cubeide\plugins\com.st.stm32cube.ide.mcu.externaltools.gnu-tools-for-stm32.10.3-2021.10.win32_1.0.0.202111181127\tools\arm-none-eabi\include\c++\10.3.1\bits\stl_list.h:632:2:) [with _Args = {servo_md::CanController<float>*}; _Tp = servo_md::CanController<float>*; _Alloc = std::allocator<servo_md::CanController<float>*>]	40	static
c:\st\stm32cubeide_1.9.0\stm32cubeide\plugins\com.st.stm32cube.ide.mcu.externaltools.gnu-tools-for-stm32.10.3-2021.10.win32_1.0.0.202111181127\tools\arm-none-eabi\include\c++\10.3.1\bits\stl_list.h:408:12:void std::__cxx11::_List_base<_Tp, _Alloc>::_M_inc_size(std::size_t) [with _Tp = servo_md::CanController<float>*; _Alloc = std::allocator<servo_md::CanController<float>*>]	16	static
c:\st\stm32cubeide_1.9.0\stm32cubeide\plugins\com.st.stm32cube.ide.mcu.externaltools.gnu-tools-for-stm32.10.3-2021.10.win32_1.0.0.202111181127\tools\arm-none-eabi\include\c++\10.3.1\bits\std_function.h:498:16:)>::operator bool() const [with _Res = int; _ArgTypes = {float, long unsigned int}]	16	static
c:\st\stm32cubeide_1.9.0\stm32cubeide\plugins\com.st.stm32cube.ide.mcu.externaltools.gnu-tools-for-stm32.10.3-2021.10.win32_1.0.0.202111181127\tools\arm-none-eabi\include\c++\10.3.1\bits\move.h:189:5:constexpr std::_Require<std::__not_<std::__is_tuple_like<_Tp> >, std::is_move_constructible<_Tp>, std::is_move_assignable<_Tp> > std::swap(_Tp&, _Tp&) [with _Tp = std::_Any_data]	24	static
c:\st\stm32cubeide_1.9.0\stm32cubeide\plugins\com.st.stm32cube.ide.mcu.externaltools.gnu-tools-for-stm32.10.3-2021.10.win32_1.0.0.202111181127\tools\arm-none-eabi\include\c++\10.3.1\bits\move.h:189:5:constexpr std::_Require<std::__not_<std::__is_tuple_like<_Tp> >, std::is_move_constructible<_Tp>, std::is_move_assignable<_Tp> > std::swap(_Tp&, _Tp&) [with _Tp = bool (*)(std::_Any_data&, const std::_Any_data&, std::_Manager_operation)]	24	static
c:\st\stm32cubeide_1.9.0\stm32cubeide\plugins\com.st.stm32cube.ide.mcu.externaltools.gnu-tools-for-stm32.10.3-2021.10.win32_1.0.0.202111181127\tools\arm-none-eabi\include\c++\10.3.1\bits\move.h:189:5:constexpr std::_Require<std::__not_<std::__is_tuple_like<_Tp> >, std::is_move_constructible<_Tp>, std::is_move_assignable<_Tp> > std::swap(_Tp&, _Tp&) [with _Tp = int (*)(const std::_Any_data&, float&&, long unsigned int&&)]	24	static
c:\st\stm32cubeide_1.9.0\stm32cubeide\plugins\com.st.stm32cube.ide.mcu.externaltools.gnu-tools-for-stm32.10.3-2021.10.win32_1.0.0.202111181127\tools\arm-none-eabi\include\c++\10.3.1\bits\move.h:76:5:constexpr _Tp&& std::forward(typename std::remove_reference<_Tp>::type&) [with _Tp = const CRSLib::Can::RM0008::RxFrame&]	16	static
c:\st\stm32cubeide_1.9.0\stm32cubeide\plugins\com.st.stm32cube.ide.mcu.externaltools.gnu-tools-for-stm32.10.3-2021.10.win32_1.0.0.202111181127\tools\arm-none-eabi\include\c++\10.3.1\bits\stl_vector.h:1756:7:std::vector<_Tp, _Alloc>::size_type std::vector<_Tp, _Alloc>::_M_check_len(std::vector<_Tp, _Alloc>::size_type, const char*) const [with _Tp = CRSLib::Can::RM0008::RxFrame; _Alloc = std::allocator<CRSLib::Can::RM0008::RxFrame>]	40	static
c:\st\stm32cubeide_1.9.0\stm32cubeide\plugins\com.st.stm32cube.ide.mcu.externaltools.gnu-tools-for-stm32.10.3-2021.10.win32_1.0.0.202111181127\tools\arm-none-eabi\include\c++\10.3.1\bits\stl_iterator.h:1202:5:constexpr typename __gnu_cxx::__normal_iterator<_Iterator, _Container>::difference_type __gnu_cxx::operator-(const __gnu_cxx::__normal_iterator<_Iterator, _Container>&, const __gnu_cxx::__normal_iterator<_Iterator, _Container>&) [with _Iterator = CRSLib::Can::RM0008::RxFrame*; _Container = std::vector<CRSLib::Can::RM0008::RxFrame>]	24	static
c:\st\stm32cubeide_1.9.0\stm32cubeide\plugins\com.st.stm32cube.ide.mcu.externaltools.gnu-tools-for-stm32.10.3-2021.10.win32_1.0.0.202111181127\tools\arm-none-eabi\include\c++\10.3.1\bits\stl_vector.h:343:7:std::_Vector_base<_Tp, _Alloc>::pointer std::_Vector_base<_Tp, _Alloc>::_M_allocate(std::size_t) [with _Tp = CRSLib::Can::RM0008::RxFrame; _Alloc = std::allocator<CRSLib::Can::RM0008::RxFrame>]	16	static
c:\st\stm32cubeide_1.9.0\stm32cubeide\plugins\com.st.stm32cube.ide.mcu.externaltools.gnu-tools-for-stm32.10.3-2021.10.win32_1.0.0.202111181127\tools\arm-none-eabi\include\c++\10.3.1\bits\stl_vector.h:465:7:static std::vector<_Tp, _Alloc>::pointer std::vector<_Tp, _Alloc>::_S_relocate(std::vector<_Tp, _Alloc>::pointer, std::vector<_Tp, _Alloc>::pointer, std::vector<_Tp, _Alloc>::pointer, std::vector<_Tp, _Alloc>::_Tp_alloc_type&) [with _Tp = CRSLib::Can::RM0008::RxFrame; _Alloc = std::allocator<CRSLib::Can::RM0008::RxFrame>]	40	static
c:\st\stm32cubeide_1.9.0\stm32cubeide\plugins\com.st.stm32cube.ide.mcu.externaltools.gnu-tools-for-stm32.10.3-2021.10.win32_1.0.0.202111181127\tools\arm-none-eabi\include\c++\10.3.1\bits\stl_vector.h:276:7:std::_Vector_base<_Tp, _Alloc>::_Tp_alloc_type& std::_Vector_base<_Tp, _Alloc>::_M_get_Tp_allocator() [with _Tp = CRSLib::Can::RM0008::RxFrame; _Alloc = std::allocator<CRSLib::Can::RM0008::RxFrame>]	16	static
c:\st\stm32cubeide_1.9.0\stm32cubeide\plugins\com.st.stm32cube.ide.mcu.externaltools.gnu-tools-for-stm32.10.3-2021.10.win32_1.0.0.202111181127\tools\arm-none-eabi\include\c++\10.3.1\bits\alloc_traits.h:527:2:static constexpr void std::allocator_traits<std::allocator<_CharT> >::destroy(std::allocator_traits<std::allocator<_CharT> >::allocator_type&, _Up*) [with _Up = CRSLib::Can::RM0008::RxFrame; _Tp = CRSLib::Can::RM0008::RxFrame]	16	static
c:\st\stm32cubeide_1.9.0\stm32cubeide\plugins\com.st.stm32cube.ide.mcu.externaltools.gnu-tools-for-stm32.10.3-2021.10.win32_1.0.0.202111181127\tools\arm-none-eabi\include\c++\10.3.1\bits\alloc_traits.h:735:5:void std::_Destroy(_ForwardIterator, _ForwardIterator, std::allocator<_T2>&) [with _ForwardIterator = CRSLib::Can::RM0008::RxFrame*; _Tp = CRSLib::Can::RM0008::RxFrame]	24	static
c:\st\stm32cubeide_1.9.0\stm32cubeide\plugins\com.st.stm32cube.ide.mcu.externaltools.gnu-tools-for-stm32.10.3-2021.10.win32_1.0.0.202111181127\tools\arm-none-eabi\include\c++\10.3.1\bits\stl_iterator.h:978:7:constexpr __gnu_cxx::__normal_iterator<_Iterator, _Container>::__normal_iterator(const _Iterator&) [with _Iterator = const CRSLib::Can::RM0008::RxFrame*; _Container = std::vector<CRSLib::Can::RM0008::RxFrame>]	16	static
c:\st\stm32cubeide_1.9.0\stm32cubeide\plugins\com.st.stm32cube.ide.mcu.externaltools.gnu-tools-for-stm32.10.3-2021.10.win32_1.0.0.202111181127\tools\arm-none-eabi\include\c++\10.3.1\bits\stl_iterator.h:1056:7:constexpr const _Iterator& __gnu_cxx::__normal_iterator<_Iterator, _Container>::base() const [with _Iterator = const CRSLib::Can::RM0008::RxFrame*; _Container = std::vector<CRSLib::Can::RM0008::RxFrame>]	16	static
c:\st\stm32cubeide_1.9.0\stm32cubeide\plugins\com.st.stm32cube.ide.mcu.externaltools.gnu-tools-for-stm32.10.3-2021.10.win32_1.0.0.202111181127\tools\arm-none-eabi\include\c++\10.3.1\bits\cpp_type_traits.h:544:5:constexpr _Iterator std::__miter_base(_Iterator) [with _Iterator = __gnu_cxx::__normal_iterator<CRSLib::Can::RM0008::RxFrame*, std::vector<CRSLib::Can::RM0008::RxFrame> >]	16	static
c:\st\stm32cubeide_1.9.0\stm32cubeide\plugins\com.st.stm32cube.ide.mcu.externaltools.gnu-tools-for-stm32.10.3-2021.10.win32_1.0.0.202111181127\tools\arm-none-eabi\include\c++\10.3.1\bits\stl_algobase.h:511:5:constexpr _OI std::__copy_move_a(_II, _II, _OI) [with bool _IsMove = true; _II = __gnu_cxx::__normal_iterator<CRSLib::Can::RM0008::RxFrame*, std::vector<CRSLib::Can::RM0008::RxFrame> >; _OI = __gnu_cxx::__normal_iterator<CRSLib::Can::RM0008::RxFrame*, std::vector<CRSLib::Can::RM0008::RxFrame> >]	32	static
c:\st\stm32cubeide_1.9.0\stm32cubeide\plugins\com.st.stm32cube.ide.mcu.externaltools.gnu-tools-for-stm32.10.3-2021.10.win32_1.0.0.202111181127\tools\arm-none-eabi\include\c++\10.3.1\ext\aligned_buffer.h:72:7:_Tp* __gnu_cxx::__aligned_membuf<_Tp>::_M_ptr() [with _Tp = servo_md::CanController<float>*]	16	static
c:\st\stm32cubeide_1.9.0\stm32cubeide\plugins\com.st.stm32cube.ide.mcu.externaltools.gnu-tools-for-stm32.10.3-2021.10.win32_1.0.0.202111181127\tools\arm-none-eabi\include\c++\10.3.1\ext\new_allocator.h:79:7:constexpr __gnu_cxx::new_allocator<_Tp>::new_allocator() [with _Tp = std::_List_node<servo_md::CanController<unsigned char>*>]	16	static
c:\st\stm32cubeide_1.9.0\stm32cubeide\plugins\com.st.stm32cube.ide.mcu.externaltools.gnu-tools-for-stm32.10.3-2021.10.win32_1.0.0.202111181127\tools\arm-none-eabi\include\c++\10.3.1\bits\stl_list.h:452:7:std::__cxx11::_List_base<_Tp, _Alloc>::_Node_alloc_type& std::__cxx11::_List_base<_Tp, _Alloc>::_M_get_Node_allocator() [with _Tp = servo_md::CanController<unsigned char>*; _Alloc = std::allocator<servo_md::CanController<unsigned char>*>]	16	static
c:\st\stm32cubeide_1.9.0\stm32cubeide\plugins\com.st.stm32cube.ide.mcu.externaltools.gnu-tools-for-stm32.10.3-2021.10.win32_1.0.0.202111181127\tools\arm-none-eabi\include\c++\10.3.1\bits\alloc_traits.h:527:2:static constexpr void std::allocator_traits<std::allocator<_CharT> >::destroy(std::allocator_traits<std::allocator<_CharT> >::allocator_type&, _Up*) [with _Up = servo_md::CanController<unsigned char>*; _Tp = std::_List_node<servo_md::CanController<unsigned char>*>]	16	static
c:\st\stm32cubeide_1.9.0\stm32cubeide\plugins\com.st.stm32cube.ide.mcu.externaltools.gnu-tools-for-stm32.10.3-2021.10.win32_1.0.0.202111181127\tools\arm-none-eabi\include\c++\10.3.1\bits\stl_list.h:445:7:void std::__cxx11::_List_base<_Tp, _Alloc>::_M_put_node(typename std::__cxx11::_List_base<_Tp, _Alloc>::_Node_alloc_traits::pointer) [with _Tp = servo_md::CanController<unsigned char>*; _Alloc = std::allocator<servo_md::CanController<unsigned char>*>]	16	static
c:\st\stm32cubeide_1.9.0\stm32cubeide\plugins\com.st.stm32cube.ide.mcu.externaltools.gnu-tools-for-stm32.10.3-2021.10.win32_1.0.0.202111181127\tools\arm-none-eabi\include\c++\10.3.1\bits\move.h:76:5:constexpr _Tp&& std::forward(typename std::remove_reference<_Tp>::type&) [with _Tp = servo_md::CanController<unsigned char>*]	16	static
c:\st\stm32cubeide_1.9.0\stm32cubeide\plugins\com.st.stm32cube.ide.mcu.externaltools.gnu-tools-for-stm32.10.3-2021.10.win32_1.0.0.202111181127\tools\arm-none-eabi\include\c++\10.3.1\bits\stl_list.h:632:2:) [with _Args = {servo_md::CanController<unsigned char>*}; _Tp = servo_md::CanController<unsigned char>*; _Alloc = std::allocator<servo_md::CanController<unsigned char>*>]	40	static
c:\st\stm32cubeide_1.9.0\stm32cubeide\plugins\com.st.stm32cube.ide.mcu.externaltools.gnu-tools-for-stm32.10.3-2021.10.win32_1.0.0.202111181127\tools\arm-none-eabi\include\c++\10.3.1\bits\stl_list.h:408:12:void std::__cxx11::_List_base<_Tp, _Alloc>::_M_inc_size(std::size_t) [with _Tp = servo_md::CanController<unsigned char>*; _Alloc = std::allocator<servo_md::CanController<unsigned char>*>]	16	static
c:\st\stm32cubeide_1.9.0\stm32cubeide\plugins\com.st.stm32cube.ide.mcu.externaltools.gnu-tools-for-stm32.10.3-2021.10.win32_1.0.0.202111181127\tools\arm-none-eabi\include\c++\10.3.1\bits\std_function.h:498:16:)>::operator bool() const [with _Res = int; _ArgTypes = {unsigned char, long unsigned int}]	16	static
c:\st\stm32cubeide_1.9.0\stm32cubeide\plugins\com.st.stm32cube.ide.mcu.externaltools.gnu-tools-for-stm32.10.3-2021.10.win32_1.0.0.202111181127\tools\arm-none-eabi\include\c++\10.3.1\bits\move.h:189:5:constexpr std::_Require<std::__not_<std::__is_tuple_like<_Tp> >, std::is_move_constructible<_Tp>, std::is_move_assignable<_Tp> > std::swap(_Tp&, _Tp&) [with _Tp = int (*)(const std::_Any_data&, unsigned char&&, long unsigned int&&)]	24	static
c:\st\stm32cubeide_1.9.0\stm32cubeide\plugins\com.st.stm32cube.ide.mcu.externaltools.gnu-tools-for-stm32.10.3-2021.10.win32_1.0.0.202111181127\tools\arm-none-eabi\include\c++\10.3.1\ext\aligned_buffer.h:72:7:_Tp* __gnu_cxx::__aligned_membuf<_Tp>::_M_ptr() [with _Tp = servo_md::CanController<unsigned char>*]	16	static
c:\st\stm32cubeide_1.9.0\stm32cubeide\plugins\com.st.stm32cube.ide.mcu.externaltools.gnu-tools-for-stm32.10.3-2021.10.win32_1.0.0.202111181127\tools\arm-none-eabi\include\c++\10.3.1\bits\stl_construct.h:80:5:constexpr void std::destroy_at(_Tp*) [with _Tp = servo_md::CanController<float>*]	16	static
c:\st\stm32cubeide_1.9.0\stm32cubeide\plugins\com.st.stm32cube.ide.mcu.externaltools.gnu-tools-for-stm32.10.3-2021.10.win32_1.0.0.202111181127\tools\arm-none-eabi\include\c++\10.3.1\bits\alloc_traits.h:491:7:static constexpr void std::allocator_traits<std::allocator<_CharT> >::deallocate(std::allocator_traits<std::allocator<_CharT> >::allocator_type&, std::allocator_traits<std::allocator<_CharT> >::pointer, std::allocator_traits<std::allocator<_CharT> >::size_type) [with _Tp = std::_List_node<servo_md::CanController<float>*>]	40	static
c:\st\stm32cubeide_1.9.0\stm32cubeide\plugins\com.st.stm32cube.ide.mcu.externaltools.gnu-tools-for-stm32.10.3-2021.10.win32_1.0.0.202111181127\tools\arm-none-eabi\include\c++\10.3.1\bits\stl_list.h:441:7:typename std::__cxx11::_List_base<_Tp, _Alloc>::_Node_alloc_traits::pointer std::__cxx11::_List_base<_Tp, _Alloc>::_M_get_node() [with _Tp = servo_md::CanController<float>*; _Alloc = std::allocator<servo_md::CanController<float>*>]	16	static
c:\st\stm32cubeide_1.9.0\stm32cubeide\plugins\com.st.stm32cube.ide.mcu.externaltools.gnu-tools-for-stm32.10.3-2021.10.win32_1.0.0.202111181127\tools\arm-none-eabi\include\c++\10.3.1\bits\allocated_ptr.h:52:7:std::__allocated_ptr<_Alloc>::__allocated_ptr(_Alloc&, std::__allocated_ptr<_Alloc>::pointer) [with _Alloc = std::allocator<std::_List_node<servo_md::CanController<float>*> >]	24	static
c:\st\stm32cubeide_1.9.0\stm32cubeide\plugins\com.st.stm32cube.ide.mcu.externaltools.gnu-tools-for-stm32.10.3-2021.10.win32_1.0.0.202111181127\tools\arm-none-eabi\include\c++\10.3.1\bits\allocated_ptr.h:70:7:std::__allocated_ptr<_Alloc>::~__allocated_ptr() [with _Alloc = std::allocator<std::_List_node<servo_md::CanController<float>*> >]	16	static
c:\st\stm32cubeide_1.9.0\stm32cubeide\plugins\com.st.stm32cube.ide.mcu.externaltools.gnu-tools-for-stm32.10.3-2021.10.win32_1.0.0.202111181127\tools\arm-none-eabi\include\c++\10.3.1\bits\stl_construct.h:94:5:) [with _Tp = servo_md::CanController<float>*; _Args = {servo_md::CanController<float>*}]	24	static
c:\st\stm32cubeide_1.9.0\stm32cubeide\plugins\com.st.stm32cube.ide.mcu.externaltools.gnu-tools-for-stm32.10.3-2021.10.win32_1.0.0.202111181127\tools\arm-none-eabi\include\c++\10.3.1\bits\alloc_traits.h:507:2:) [with _Up = servo_md::CanController<float>*; _Args = {servo_md::CanController<float>*}; _Tp = std::_List_node<servo_md::CanController<float>*>]	24	static
c:\st\stm32cubeide_1.9.0\stm32cubeide\plugins\com.st.stm32cube.ide.mcu.externaltools.gnu-tools-for-stm32.10.3-2021.10.win32_1.0.0.202111181127\tools\arm-none-eabi\include\c++\10.3.1\bits\allocated_ptr.h:78:7:std::__allocated_ptr<_Alloc>& std::__allocated_ptr<_Alloc>::operator=(std::nullptr_t) [with _Alloc = std::allocator<std::_List_node<servo_md::CanController<float>*> >]	16	static
c:\st\stm32cubeide_1.9.0\stm32cubeide\plugins\com.st.stm32cube.ide.mcu.externaltools.gnu-tools-for-stm32.10.3-2021.10.win32_1.0.0.202111181127\tools\arm-none-eabi\include\c++\10.3.1\bits\move.h:101:5:constexpr typename std::remove_reference<_Tp>::type&& std::move(_Tp&&) [with _Tp = std::_Any_data&]	16	static
c:\st\stm32cubeide_1.9.0\stm32cubeide\plugins\com.st.stm32cube.ide.mcu.externaltools.gnu-tools-for-stm32.10.3-2021.10.win32_1.0.0.202111181127\tools\arm-none-eabi\include\c++\10.3.1\bits\move.h:101:5:constexpr typename std::remove_reference<_Tp>::type&& std::move(_Tp&&) [with _Tp = bool (*&)(std::_Any_data&, const std::_Any_data&, std::_Manager_operation)]	16	static
c:\st\stm32cubeide_1.9.0\stm32cubeide\plugins\com.st.stm32cube.ide.mcu.externaltools.gnu-tools-for-stm32.10.3-2021.10.win32_1.0.0.202111181127\tools\arm-none-eabi\include\c++\10.3.1\bits\move.h:101:5:constexpr typename std::remove_reference<_Tp>::type&& std::move(_Tp&&) [with _Tp = int (*&)(const std::_Any_data&, float&&, long unsigned int&&)]	16	static
c:\st\stm32cubeide_1.9.0\stm32cubeide\plugins\com.st.stm32cube.ide.mcu.externaltools.gnu-tools-for-stm32.10.3-2021.10.win32_1.0.0.202111181127\tools\arm-none-eabi\include\c++\10.3.1\bits\stl_vector.h:923:7:std::vector<_Tp, _Alloc>::size_type std::vector<_Tp, _Alloc>::max_size() const [with _Tp = CRSLib::Can::RM0008::RxFrame; _Alloc = std::allocator<CRSLib::Can::RM0008::RxFrame>]	16	static
c:\st\stm32cubeide_1.9.0\stm32cubeide\plugins\com.st.stm32cube.ide.mcu.externaltools.gnu-tools-for-stm32.10.3-2021.10.win32_1.0.0.202111181127\tools\arm-none-eabi\include\c++\10.3.1\bits\stl_vector.h:918:7:std::vector<_Tp, _Alloc>::size_type std::vector<_Tp, _Alloc>::size() const [with _Tp = CRSLib::Can::RM0008::RxFrame; _Alloc = std::allocator<CRSLib::Can::RM0008::RxFrame>]	16	static
c:\st\stm32cubeide_1.9.0\stm32cubeide\plugins\com.st.stm32cube.ide.mcu.externaltools.gnu-tools-for-stm32.10.3-2021.10.win32_1.0.0.202111181127\tools\arm-none-eabi\include\c++\10.3.1\bits\alloc_traits.h:459:7:static constexpr _Tp* std::allocator_traits<std::allocator<_CharT> >::allocate(std::allocator_traits<std::allocator<_CharT> >::allocator_type&, std::allocator_traits<std::allocator<_CharT> >::size_type) [with _Tp = CRSLib::Can::RM0008::RxFrame]	24	static
c:\st\stm32cubeide_1.9.0\stm32cubeide\plugins\com.st.stm32cube.ide.mcu.externaltools.gnu-tools-for-stm32.10.3-2021.10.win32_1.0.0.202111181127\tools\arm-none-eabi\include\c++\10.3.1\bits\stl_vector.h:453:7:static std::vector<_Tp, _Alloc>::pointer std::vector<_Tp, _Alloc>::_S_do_relocate(std::vector<_Tp, _Alloc>::pointer, std::vector<_Tp, _Alloc>::pointer, std::vector<_Tp, _Alloc>::pointer, std::vector<_Tp, _Alloc>::_Tp_alloc_type&, std::true_type) [with _Tp = CRSLib::Can::RM0008::RxFrame; _Alloc = std::allocator<CRSLib::Can::RM0008::RxFrame>]	24	static
c:\st\stm32cubeide_1.9.0\stm32cubeide\plugins\com.st.stm32cube.ide.mcu.externaltools.gnu-tools-for-stm32.10.3-2021.10.win32_1.0.0.202111181127\tools\arm-none-eabi\include\c++\10.3.1\bits\stl_construct.h:80:5:constexpr void std::destroy_at(_Tp*) [with _Tp = CRSLib::Can::RM0008::RxFrame]	16	static
c:\st\stm32cubeide_1.9.0\stm32cubeide\plugins\com.st.stm32cube.ide.mcu.externaltools.gnu-tools-for-stm32.10.3-2021.10.win32_1.0.0.202111181127\tools\arm-none-eabi\include\c++\10.3.1\bits\stl_construct.h:171:5:constexpr void std::_Destroy(_ForwardIterator, _ForwardIterator) [with _ForwardIterator = CRSLib::Can::RM0008::RxFrame*]	16	static
c:\st\stm32cubeide_1.9.0\stm32cubeide\plugins\com.st.stm32cube.ide.mcu.externaltools.gnu-tools-for-stm32.10.3-2021.10.win32_1.0.0.202111181127\tools\arm-none-eabi\include\c++\10.3.1\bits\stl_iterator.h:1225:5:constexpr _Iterator std::__niter_base(__gnu_cxx::__normal_iterator<_Iterator, _Container>) [with _Iterator = CRSLib::Can::RM0008::RxFrame*; _Container = std::vector<CRSLib::Can::RM0008::RxFrame>]	16	static
c:\st\stm32cubeide_1.9.0\stm32cubeide\plugins\com.st.stm32cube.ide.mcu.externaltools.gnu-tools-for-stm32.10.3-2021.10.win32_1.0.0.202111181127\tools\arm-none-eabi\include\c++\10.3.1\bits\stl_algobase.h:505:5:constexpr _OI std::__copy_move_a1(_II, _II, _OI) [with bool _IsMove = true; _II = CRSLib::Can::RM0008::RxFrame*; _OI = CRSLib::Can::RM0008::RxFrame*]	24	static
c:\st\stm32cubeide_1.9.0\stm32cubeide\plugins\com.st.stm32cube.ide.mcu.externaltools.gnu-tools-for-stm32.10.3-2021.10.win32_1.0.0.202111181127\tools\arm-none-eabi\include\c++\10.3.1\bits\stl_algobase.h:323:5:constexpr _From std::__niter_wrap(_From, _To) [with _From = __gnu_cxx::__normal_iterator<CRSLib::Can::RM0008::RxFrame*, std::vector<CRSLib::Can::RM0008::RxFrame> >; _To = CRSLib::Can::RM0008::RxFrame*]	16	static
c:\st\stm32cubeide_1.9.0\stm32cubeide\plugins\com.st.stm32cube.ide.mcu.externaltools.gnu-tools-for-stm32.10.3-2021.10.win32_1.0.0.202111181127\tools\arm-none-eabi\include\c++\10.3.1\ext\aligned_buffer.h:64:7:void* __gnu_cxx::__aligned_membuf<_Tp>::_M_addr() [with _Tp = servo_md::CanController<float>*]	16	static
c:\st\stm32cubeide_1.9.0\stm32cubeide\plugins\com.st.stm32cube.ide.mcu.externaltools.gnu-tools-for-stm32.10.3-2021.10.win32_1.0.0.202111181127\tools\arm-none-eabi\include\c++\10.3.1\bits\stl_construct.h:80:5:constexpr void std::destroy_at(_Tp*) [with _Tp = servo_md::CanController<unsigned char>*]	16	static
c:\st\stm32cubeide_1.9.0\stm32cubeide\plugins\com.st.stm32cube.ide.mcu.externaltools.gnu-tools-for-stm32.10.3-2021.10.win32_1.0.0.202111181127\tools\arm-none-eabi\include\c++\10.3.1\bits\alloc_traits.h:491:7:static constexpr void std::allocator_traits<std::allocator<_CharT> >::deallocate(std::allocator_traits<std::allocator<_CharT> >::allocator_type&, std::allocator_traits<std::allocator<_CharT> >::pointer, std::allocator_traits<std::allocator<_CharT> >::size_type) [with _Tp = std::_List_node<servo_md::CanController<unsigned char>*>]	40	static
c:\st\stm32cubeide_1.9.0\stm32cubeide\plugins\com.st.stm32cube.ide.mcu.externaltools.gnu-tools-for-stm32.10.3-2021.10.win32_1.0.0.202111181127\tools\arm-none-eabi\include\c++\10.3.1\bits\stl_list.h:441:7:typename std::__cxx11::_List_base<_Tp, _Alloc>::_Node_alloc_traits::pointer std::__cxx11::_List_base<_Tp, _Alloc>::_M_get_node() [with _Tp = servo_md::CanController<unsigned char>*; _Alloc = std::allocator<servo_md::CanController<unsigned char>*>]	16	static
c:\st\stm32cubeide_1.9.0\stm32cubeide\plugins\com.st.stm32cube.ide.mcu.externaltools.gnu-tools-for-stm32.10.3-2021.10.win32_1.0.0.202111181127\tools\arm-none-eabi\include\c++\10.3.1\bits\allocated_ptr.h:52:7:std::__allocated_ptr<_Alloc>::__allocated_ptr(_Alloc&, std::__allocated_ptr<_Alloc>::pointer) [with _Alloc = std::allocator<std::_List_node<servo_md::CanController<unsigned char>*> >]	24	static
c:\st\stm32cubeide_1.9.0\stm32cubeide\plugins\com.st.stm32cube.ide.mcu.externaltools.gnu-tools-for-stm32.10.3-2021.10.win32_1.0.0.202111181127\tools\arm-none-eabi\include\c++\10.3.1\bits\allocated_ptr.h:70:7:std::__allocated_ptr<_Alloc>::~__allocated_ptr() [with _Alloc = std::allocator<std::_List_node<servo_md::CanController<unsigned char>*> >]	16	static
c:\st\stm32cubeide_1.9.0\stm32cubeide\plugins\com.st.stm32cube.ide.mcu.externaltools.gnu-tools-for-stm32.10.3-2021.10.win32_1.0.0.202111181127\tools\arm-none-eabi\include\c++\10.3.1\bits\stl_construct.h:94:5:) [with _Tp = servo_md::CanController<unsigned char>*; _Args = {servo_md::CanController<unsigned char>*}]	24	static
c:\st\stm32cubeide_1.9.0\stm32cubeide\plugins\com.st.stm32cube.ide.mcu.externaltools.gnu-tools-for-stm32.10.3-2021.10.win32_1.0.0.202111181127\tools\arm-none-eabi\include\c++\10.3.1\bits\alloc_traits.h:507:2:) [with _Up = servo_md::CanController<unsigned char>*; _Args = {servo_md::CanController<unsigned char>*}; _Tp = std::_List_node<servo_md::CanController<unsigned char>*>]	24	static
c:\st\stm32cubeide_1.9.0\stm32cubeide\plugins\com.st.stm32cube.ide.mcu.externaltools.gnu-tools-for-stm32.10.3-2021.10.win32_1.0.0.202111181127\tools\arm-none-eabi\include\c++\10.3.1\bits\allocated_ptr.h:78:7:std::__allocated_ptr<_Alloc>& std::__allocated_ptr<_Alloc>::operator=(std::nullptr_t) [with _Alloc = std::allocator<std::_List_node<servo_md::CanController<unsigned char>*> >]	16	static
c:\st\stm32cubeide_1.9.0\stm32cubeide\plugins\com.st.stm32cube.ide.mcu.externaltools.gnu-tools-for-stm32.10.3-2021.10.win32_1.0.0.202111181127\tools\arm-none-eabi\include\c++\10.3.1\bits\move.h:101:5:constexpr typename std::remove_reference<_Tp>::type&& std::move(_Tp&&) [with _Tp = int (*&)(const std::_Any_data&, unsigned char&&, long unsigned int&&)]	16	static
c:\st\stm32cubeide_1.9.0\stm32cubeide\plugins\com.st.stm32cube.ide.mcu.externaltools.gnu-tools-for-stm32.10.3-2021.10.win32_1.0.0.202111181127\tools\arm-none-eabi\include\c++\10.3.1\ext\aligned_buffer.h:64:7:void* __gnu_cxx::__aligned_membuf<_Tp>::_M_addr() [with _Tp = servo_md::CanController<unsigned char>*]	16	static
c:\st\stm32cubeide_1.9.0\stm32cubeide\plugins\com.st.stm32cube.ide.mcu.externaltools.gnu-tools-for-stm32.10.3-2021.10.win32_1.0.0.202111181127\tools\arm-none-eabi\include\c++\10.3.1\ext\new_allocator.h:126:7:void __gnu_cxx::new_allocator<_Tp>::deallocate(_Tp*, __gnu_cxx::new_allocator<_Tp>::size_type) [with _Tp = CRSLib::Can::RM0008::RxFrame]	24	static
c:\st\stm32cubeide_1.9.0\stm32cubeide\plugins\com.st.stm32cube.ide.mcu.externaltools.gnu-tools-for-stm32.10.3-2021.10.win32_1.0.0.202111181127\tools\arm-none-eabi\include\c++\10.3.1\bits\alloc_traits.h:459:7:static constexpr _Tp* std::allocator_traits<std::allocator<_CharT> >::allocate(std::allocator_traits<std::allocator<_CharT> >::allocator_type&, std::allocator_traits<std::allocator<_CharT> >::size_type) [with _Tp = std::_List_node<servo_md::CanController<float>*>]	24	static
c:\st\stm32cubeide_1.9.0\stm32cubeide\plugins\com.st.stm32cube.ide.mcu.externaltools.gnu-tools-for-stm32.10.3-2021.10.win32_1.0.0.202111181127\tools\arm-none-eabi\include\c++\10.3.1\bits\move.h:49:5:constexpr _Tp* std::__addressof(_Tp&) [with _Tp = std::allocator<std::_List_node<servo_md::CanController<float>*> >]	16	static
c:\st\stm32cubeide_1.9.0\stm32cubeide\plugins\com.st.stm32cube.ide.mcu.externaltools.gnu-tools-for-stm32.10.3-2021.10.win32_1.0.0.202111181127\tools\arm-none-eabi\include\c++\10.3.1\bits\alloc_traits.h:543:7:static constexpr std::allocator_traits<std::allocator<_CharT> >::size_type std::allocator_traits<std::allocator<_CharT> >::max_size(const allocator_type&) [with _Tp = CRSLib::Can::RM0008::RxFrame]	16	static
c:\st\stm32cubeide_1.9.0\stm32cubeide\plugins\com.st.stm32cube.ide.mcu.externaltools.gnu-tools-for-stm32.10.3-2021.10.win32_1.0.0.202111181127\tools\arm-none-eabi\include\c++\10.3.1\bits\stl_vector.h:1776:7:static std::vector<_Tp, _Alloc>::size_type std::vector<_Tp, _Alloc>::_S_max_size(const _Tp_alloc_type&) [with _Tp = CRSLib::Can::RM0008::RxFrame; _Alloc = std::allocator<CRSLib::Can::RM0008::RxFrame>]	24	static
c:\st\stm32cubeide_1.9.0\stm32cubeide\plugins\com.st.stm32cube.ide.mcu.externaltools.gnu-tools-for-stm32.10.3-2021.10.win32_1.0.0.202111181127\tools\arm-none-eabi\include\c++\10.3.1\bits\stl_vector.h:280:7:const _Tp_alloc_type& std::_Vector_base<_Tp, _Alloc>::_M_get_Tp_allocator() const [with _Tp = CRSLib::Can::RM0008::RxFrame; _Alloc = std::allocator<CRSLib::Can::RM0008::RxFrame>]	16	static
c:\st\stm32cubeide_1.9.0\stm32cubeide\plugins\com.st.stm32cube.ide.mcu.externaltools.gnu-tools-for-stm32.10.3-2021.10.win32_1.0.0.202111181127\tools\arm-none-eabi\include\c++\10.3.1\bits\stl_uninitialized.h:1022:5:_ForwardIterator std::__relocate_a(_InputIterator, _InputIterator, _ForwardIterator, _Allocator&) [with _InputIterator = CRSLib::Can::RM0008::RxFrame*; _ForwardIterator = CRSLib::Can::RM0008::RxFrame*; _Allocator = std::allocator<CRSLib::Can::RM0008::RxFrame>]	32	static
c:\st\stm32cubeide_1.9.0\stm32cubeide\plugins\com.st.stm32cube.ide.mcu.externaltools.gnu-tools-for-stm32.10.3-2021.10.win32_1.0.0.202111181127\tools\arm-none-eabi\include\c++\10.3.1\bits\stl_construct.h:149:2:static constexpr void std::_Destroy_aux<<anonymous> >::__destroy(_ForwardIterator, _ForwardIterator) [with _ForwardIterator = CRSLib::Can::RM0008::RxFrame*; bool <anonymous> = false]	16	static
c:\st\stm32cubeide_1.9.0\stm32cubeide\plugins\com.st.stm32cube.ide.mcu.externaltools.gnu-tools-for-stm32.10.3-2021.10.win32_1.0.0.202111181127\tools\arm-none-eabi\include\c++\10.3.1\bits\stl_construct.h:161:9:static void std::_Destroy_aux<true>::__destroy(_ForwardIterator, _ForwardIterator) [with _ForwardIterator = CRSLib::Can::RM0008::RxFrame*]	16	static
c:\st\stm32cubeide_1.9.0\stm32cubeide\plugins\com.st.stm32cube.ide.mcu.externaltools.gnu-tools-for-stm32.10.3-2021.10.win32_1.0.0.202111181127\tools\arm-none-eabi\include\c++\10.3.1\bits\stl_algobase.h:463:5:constexpr _OI std::__copy_move_a2(_II, _II, _OI) [with bool _IsMove = true; _II = CRSLib::Can::RM0008::RxFrame*; _OI = CRSLib::Can::RM0008::RxFrame*]	24	static
c:\st\stm32cubeide_1.9.0\stm32cubeide\plugins\com.st.stm32cube.ide.mcu.externaltools.gnu-tools-for-stm32.10.3-2021.10.win32_1.0.0.202111181127\tools\arm-none-eabi\include\c++\10.3.1\bits\alloc_traits.h:459:7:static constexpr _Tp* std::allocator_traits<std::allocator<_CharT> >::allocate(std::allocator_traits<std::allocator<_CharT> >::allocator_type&, std::allocator_traits<std::allocator<_CharT> >::size_type) [with _Tp = std::_List_node<servo_md::CanController<unsigned char>*>]	24	static
c:\st\stm32cubeide_1.9.0\stm32cubeide\plugins\com.st.stm32cube.ide.mcu.externaltools.gnu-tools-for-stm32.10.3-2021.10.win32_1.0.0.202111181127\tools\arm-none-eabi\include\c++\10.3.1\bits\move.h:49:5:constexpr _Tp* std::__addressof(_Tp&) [with _Tp = std::allocator<std::_List_node<servo_md::CanController<unsigned char>*> >]	16	static
c:\st\stm32cubeide_1.9.0\stm32cubeide\plugins\com.st.stm32cube.ide.mcu.externaltools.gnu-tools-for-stm32.10.3-2021.10.win32_1.0.0.202111181127\tools\arm-none-eabi\include\c++\10.3.1\ext\new_allocator.h:126:7:void __gnu_cxx::new_allocator<_Tp>::deallocate(_Tp*, __gnu_cxx::new_allocator<_Tp>::size_type) [with _Tp = std::_List_node<servo_md::CanController<float>*>]	24	static
c:\st\stm32cubeide_1.9.0\stm32cubeide\plugins\com.st.stm32cube.ide.mcu.externaltools.gnu-tools-for-stm32.10.3-2021.10.win32_1.0.0.202111181127\tools\arm-none-eabi\include\c++\10.3.1\ext\new_allocator.h:103:7:_Tp* __gnu_cxx::new_allocator<_Tp>::allocate(__gnu_cxx::new_allocator<_Tp>::size_type, const void*) [with _Tp = CRSLib::Can::RM0008::RxFrame]	24	static
c:\st\stm32cubeide_1.9.0\stm32cubeide\plugins\com.st.stm32cube.ide.mcu.externaltools.gnu-tools-for-stm32.10.3-2021.10.win32_1.0.0.202111181127\tools\arm-none-eabi\include\c++\10.3.1\bits\stl_algobase.h:313:5:constexpr _Iterator std::__niter_base(_Iterator) [with _Iterator = CRSLib::Can::RM0008::RxFrame*]	16	static
c:\st\stm32cubeide_1.9.0\stm32cubeide\plugins\com.st.stm32cube.ide.mcu.externaltools.gnu-tools-for-stm32.10.3-2021.10.win32_1.0.0.202111181127\tools\arm-none-eabi\include\c++\10.3.1\bits\stl_uninitialized.h:1000:5:_ForwardIterator std::__relocate_a_1(_InputIterator, _InputIterator, _ForwardIterator, _Allocator&) [with _InputIterator = CRSLib::Can::RM0008::RxFrame*; _ForwardIterator = CRSLib::Can::RM0008::RxFrame*; _Allocator = std::allocator<CRSLib::Can::RM0008::RxFrame>]	40	static
c:\st\stm32cubeide_1.9.0\stm32cubeide\plugins\com.st.stm32cube.ide.mcu.externaltools.gnu-tools-for-stm32.10.3-2021.10.win32_1.0.0.202111181127\tools\arm-none-eabi\include\c++\10.3.1\bits\move.h:49:5:constexpr _Tp* std::__addressof(_Tp&) [with _Tp = CRSLib::Can::RM0008::RxFrame]	16	static
c:\st\stm32cubeide_1.9.0\stm32cubeide\plugins\com.st.stm32cube.ide.mcu.externaltools.gnu-tools-for-stm32.10.3-2021.10.win32_1.0.0.202111181127\tools\arm-none-eabi\include\c++\10.3.1\bits\stl_construct.h:135:5:constexpr void std::_Destroy(_Tp*) [with _Tp = CRSLib::Can::RM0008::RxFrame]	16	static
c:\st\stm32cubeide_1.9.0\stm32cubeide\plugins\com.st.stm32cube.ide.mcu.externaltools.gnu-tools-for-stm32.10.3-2021.10.win32_1.0.0.202111181127\tools\arm-none-eabi\include\c++\10.3.1\bits\stl_algobase.h:395:2:static constexpr _OI std::__copy_move<true, false, std::random_access_iterator_tag>::__copy_m(_II, _II, _OI) [with _II = CRSLib::Can::RM0008::RxFrame*; _OI = CRSLib::Can::RM0008::RxFrame*]	40	static
c:\st\stm32cubeide_1.9.0\stm32cubeide\plugins\com.st.stm32cube.ide.mcu.externaltools.gnu-tools-for-stm32.10.3-2021.10.win32_1.0.0.202111181127\tools\arm-none-eabi\include\c++\10.3.1\bits\stl_algobase.h:415:2:static constexpr _Tp* std::__copy_move<_IsMove, true, std::random_access_iterator_tag>::__copy_m(const _Tp*, const _Tp*, _Tp*) [with _Tp = CRSLib::Can::RM0008::RxFrame; bool _IsMove = true]	32	static
c:\st\stm32cubeide_1.9.0\stm32cubeide\plugins\com.st.stm32cube.ide.mcu.externaltools.gnu-tools-for-stm32.10.3-2021.10.win32_1.0.0.202111181127\tools\arm-none-eabi\include\c++\10.3.1\ext\new_allocator.h:126:7:void __gnu_cxx::new_allocator<_Tp>::deallocate(_Tp*, __gnu_cxx::new_allocator<_Tp>::size_type) [with _Tp = std::_List_node<servo_md::CanController<unsigned char>*>]	24	static
c:\st\stm32cubeide_1.9.0\stm32cubeide\plugins\com.st.stm32cube.ide.mcu.externaltools.gnu-tools-for-stm32.10.3-2021.10.win32_1.0.0.202111181127\tools\arm-none-eabi\include\c++\10.3.1\ext\new_allocator.h:103:7:_Tp* __gnu_cxx::new_allocator<_Tp>::allocate(__gnu_cxx::new_allocator<_Tp>::size_type, const void*) [with _Tp = std::_List_node<servo_md::CanController<float>*>]	24	static
c:\st\stm32cubeide_1.9.0\stm32cubeide\plugins\com.st.stm32cube.ide.mcu.externaltools.gnu-tools-for-stm32.10.3-2021.10.win32_1.0.0.202111181127\tools\arm-none-eabi\include\c++\10.3.1\ext\new_allocator.h:191:7:constexpr __gnu_cxx::new_allocator<_Tp>::size_type __gnu_cxx::new_allocator<_Tp>::_M_max_size() const [with _Tp = CRSLib::Can::RM0008::RxFrame]	16	static
c:\st\stm32cubeide_1.9.0\stm32cubeide\plugins\com.st.stm32cube.ide.mcu.externaltools.gnu-tools-for-stm32.10.3-2021.10.win32_1.0.0.202111181127\tools\arm-none-eabi\include\c++\10.3.1\bits\stl_uninitialized.h:968:5:void std::__relocate_object_a(_Tp*, _Up*, _Allocator&) [with _Tp = CRSLib::Can::RM0008::RxFrame; _Up = CRSLib::Can::RM0008::RxFrame; _Allocator = std::allocator<CRSLib::Can::RM0008::RxFrame>]	24	static
c:\st\stm32cubeide_1.9.0\stm32cubeide\plugins\com.st.stm32cube.ide.mcu.externaltools.gnu-tools-for-stm32.10.3-2021.10.win32_1.0.0.202111181127\tools\arm-none-eabi\include\c++\10.3.1\bits\move.h:101:5:constexpr typename std::remove_reference<_Tp>::type&& std::move(_Tp&&) [with _Tp = CRSLib::Can::RM0008::RxFrame&]	16	static
c:\st\stm32cubeide_1.9.0\stm32cubeide\plugins\com.st.stm32cube.ide.mcu.externaltools.gnu-tools-for-stm32.10.3-2021.10.win32_1.0.0.202111181127\tools\arm-none-eabi\include\c++\10.3.1\ext\new_allocator.h:103:7:_Tp* __gnu_cxx::new_allocator<_Tp>::allocate(__gnu_cxx::new_allocator<_Tp>::size_type, const void*) [with _Tp = std::_List_node<servo_md::CanController<unsigned char>*>]	24	static
c:\st\stm32cubeide_1.9.0\stm32cubeide\plugins\com.st.stm32cube.ide.mcu.externaltools.gnu-tools-for-stm32.10.3-2021.10.win32_1.0.0.202111181127\tools\arm-none-eabi\include\c++\10.3.1\ext\new_allocator.h:191:7:constexpr __gnu_cxx::new_allocator<_Tp>::size_type __gnu_cxx::new_allocator<_Tp>::_M_max_size() const [with _Tp = std::_List_node<servo_md::CanController<float>*>]	16	static
c:\st\stm32cubeide_1.9.0\stm32cubeide\plugins\com.st.stm32cube.ide.mcu.externaltools.gnu-tools-for-stm32.10.3-2021.10.win32_1.0.0.202111181127\tools\arm-none-eabi\include\c++\10.3.1\bits\stl_construct.h:94:5:) [with _Tp = CRSLib::Can::RM0008::RxFrame; _Args = {CRSLib::Can::RM0008::RxFrame}]	32	static
c:\st\stm32cubeide_1.9.0\stm32cubeide\plugins\com.st.stm32cube.ide.mcu.externaltools.gnu-tools-for-stm32.10.3-2021.10.win32_1.0.0.202111181127\tools\arm-none-eabi\include\c++\10.3.1\bits\alloc_traits.h:507:2:) [with _Up = CRSLib::Can::RM0008::RxFrame; _Args = {CRSLib::Can::RM0008::RxFrame}; _Tp = CRSLib::Can::RM0008::RxFrame]	24	static
c:\st\stm32cubeide_1.9.0\stm32cubeide\plugins\com.st.stm32cube.ide.mcu.externaltools.gnu-tools-for-stm32.10.3-2021.10.win32_1.0.0.202111181127\tools\arm-none-eabi\include\c++\10.3.1\ext\new_allocator.h:191:7:constexpr __gnu_cxx::new_allocator<_Tp>::size_type __gnu_cxx::new_allocator<_Tp>::_M_max_size() const [with _Tp = std::_List_node<servo_md::CanController<unsigned char>*>]	16	static
c:\st\stm32cubeide_1.9.0\stm32cubeide\plugins\com.st.stm32cube.ide.mcu.externaltools.gnu-tools-for-stm32.10.3-2021.10.win32_1.0.0.202111181127\tools\arm-none-eabi\include\c++\10.3.1\bits\move.h:76:5:constexpr _Tp&& std::forward(typename std::remove_reference<_Tp>::type&) [with _Tp = CRSLib::Can::RM0008::RxFrame]	16	static
c:\st\stm32cubeide_1.9.0\stm32cubeide\plugins\com.st.stm32cube.ide.mcu.externaltools.gnu-tools-for-stm32.10.3-2021.10.win32_1.0.0.202111181127\tools\arm-none-eabi\include\c++\10.3.1\bits\stl_list.h:827:7:std::__cxx11::list<_Tp, _Alloc>::~list() [with _Tp = servo_md::CanController<unsigned char>*; _Alloc = std::allocator<servo_md::CanController<unsigned char>*>]	16	static
c:\st\stm32cubeide_1.9.0\stm32cubeide\plugins\com.st.stm32cube.ide.mcu.externaltools.gnu-tools-for-stm32.10.3-2021.10.win32_1.0.0.202111181127\tools\arm-none-eabi\include\c++\10.3.1\bits\stl_list.h:827:7:std::__cxx11::list<_Tp, _Alloc>::~list() [with _Tp = servo_md::CanController<float>*; _Alloc = std::allocator<servo_md::CanController<float>*>]	16	static
../Core/Src/CanController.cpp:133:1:void __static_initialization_and_destruction_0(int, int)	16	static
c:\st\stm32cubeide_1.9.0\stm32cubeide\plugins\com.st.stm32cube.ide.mcu.externaltools.gnu-tools-for-stm32.10.3-2021.10.win32_1.0.0.202111181127\tools\arm-none-eabi\include\c++\10.3.1\bits\stl_vector.h:678:7:std::vector<_Tp, _Alloc>::~vector() [with _Tp = CRSLib::Can::RM0008::RxFrame; _Alloc = std::allocator<CRSLib::Can::RM0008::RxFrame>]	24	static
../Core/Src/CanController.cpp:133:1:cpp)	8	static
../Core/Src/CanController.cpp:133:1:cpp)	8	static
