c:\st\stm32cubeide_1.9.0\stm32cubeide\plugins\com.st.stm32cube.ide.mcu.externaltools.gnu-tools-for-stm32.10.3-2021.10.win32_1.0.0.202111181127\tools\arm-none-eabi\include\c++\10.3.1\type_traits:3291:3:constexpr bool std::is_constant_evaluated()	4	static
c:\st\stm32cubeide_1.9.0\stm32cubeide\plugins\com.st.stm32cube.ide.mcu.externaltools.gnu-tools-for-stm32.10.3-2021.10.win32_1.0.0.202111181127\tools\arm-none-eabi\include\c++\10.3.1\bits\stl_list.h:109:7:std::__detail::_List_node_header::_List_node_header()	16	static
c:\st\stm32cubeide_1.9.0\stm32cubeide\plugins\com.st.stm32cube.ide.mcu.externaltools.gnu-tools-for-stm32.10.3-2021.10.win32_1.0.0.202111181127\tools\arm-none-eabi\include\c++\10.3.1\bits\stl_list.h:149:7:void std::__detail::_List_node_header::_M_init()	16	static
c:\st\stm32cubeide_1.9.0\stm32cubeide\plugins\com.st.stm32cube.ide.mcu.externaltools.gnu-tools-for-stm32.10.3-2021.10.win32_1.0.0.202111181127\tools\bin\../lib/gcc/arm-none-eabi/10.3.1/../../../../arm-none-eabi/include/c++/10.3.1/arm-none-eabi/thumb/v7-m/nofp/bits/gthr-default.h:229:1:int __gthread_key_delete(__gthread_key_t)	16	static
../Core/Inc/MotorController.hpp:35:9:void servo_md::MotorController::emergency_callback()	16	static
../Core/Inc/MotorController.hpp:71:9:void servo_md::MotorController::update()	24	static
c:\st\stm32cubeide_1.9.0\stm32cubeide\plugins\com.st.stm32cube.ide.mcu.externaltools.gnu-tools-for-stm32.10.3-2021.10.win32_1.0.0.202111181127\tools\arm-none-eabi\include\c++\10.3.1\bits\stl_list.h:374:14:constexpr std::__cxx11::_List_base<servo_md::MotorController*, std::allocator<servo_md::MotorController*> >::_List_impl::~_List_impl()	16	static
c:\st\stm32cubeide_1.9.0\stm32cubeide\plugins\com.st.stm32cube.ide.mcu.externaltools.gnu-tools-for-stm32.10.3-2021.10.win32_1.0.0.202111181127\tools\arm-none-eabi\include\c++\10.3.1\bits\stl_list.h:460:7:std::__cxx11::_List_base<_Tp, _Alloc>::_List_base() [with _Tp = servo_md::MotorController*; _Alloc = std::allocator<servo_md::MotorController*>]	16	static
c:\st\stm32cubeide_1.9.0\stm32cubeide\plugins\com.st.stm32cube.ide.mcu.externaltools.gnu-tools-for-stm32.10.3-2021.10.win32_1.0.0.202111181127\tools\arm-none-eabi\include\c++\10.3.1\bits\stl_list.h:673:7:std::__cxx11::list<_Tp, _Alloc>::list() [with _Tp = servo_md::MotorController*; _Alloc = std::allocator<servo_md::MotorController*>]	16	static
../Core/Src/MotorController.cpp:10:10:void servo_md::MotorController::set_angle(float)	32	static
../Core/Src/MotorController.cpp:18:10:void servo_md::MotorController::set_register(servo_md::Parameters&)	16	static
../Core/Src/MotorController.cpp:23:10:static void servo_md::MotorController::trigger_emergency_callback()	24	static
../Core/Src/MotorController.cpp:29:10:static void servo_md::MotorController::trigger_update()	24	static
c:\st\stm32cubeide_1.9.0\stm32cubeide\plugins\com.st.stm32cube.ide.mcu.externaltools.gnu-tools-for-stm32.10.3-2021.10.win32_1.0.0.202111181127\tools\arm-none-eabi\include\c++\10.3.1\bits\stl_list.h:379:2:std::__cxx11::_List_base<_Tp, _Alloc>::_List_impl::_List_impl() [with _Tp = servo_md::MotorController*; _Alloc = std::allocator<servo_md::MotorController*>]	16	static
c:\st\stm32cubeide_1.9.0\stm32cubeide\plugins\com.st.stm32cube.ide.mcu.externaltools.gnu-tools-for-stm32.10.3-2021.10.win32_1.0.0.202111181127\tools\arm-none-eabi\include\c++\10.3.1\bits\allocator.h:182:7:constexpr std::allocator< <template-parameter-1-1> >::~allocator() [with _Tp = std::_List_node<servo_md::MotorController*>]	16	static
c:\st\stm32cubeide_1.9.0\stm32cubeide\plugins\com.st.stm32cube.ide.mcu.externaltools.gnu-tools-for-stm32.10.3-2021.10.win32_1.0.0.202111181127\tools\arm-none-eabi\include\c++\10.3.1\bits\stl_list.h:498:7:std::__cxx11::_List_base<_Tp, _Alloc>::~_List_base() [with _Tp = servo_md::MotorController*; _Alloc = std::allocator<servo_md::MotorController*>]	16	static
c:\st\stm32cubeide_1.9.0\stm32cubeide\plugins\com.st.stm32cube.ide.mcu.externaltools.gnu-tools-for-stm32.10.3-2021.10.win32_1.0.0.202111181127\tools\arm-none-eabi\include\c++\10.3.1\bits\stl_list.h:945:7:std::__cxx11::list<_Tp, _Alloc>::iterator std::__cxx11::list<_Tp, _Alloc>::begin() [with _Tp = servo_md::MotorController*; _Alloc = std::allocator<servo_md::MotorController*>]	24	static
c:\st\stm32cubeide_1.9.0\stm32cubeide\plugins\com.st.stm32cube.ide.mcu.externaltools.gnu-tools-for-stm32.10.3-2021.10.win32_1.0.0.202111181127\tools\arm-none-eabi\include\c++\10.3.1\bits\stl_list.h:963:7:std::__cxx11::list<_Tp, _Alloc>::iterator std::__cxx11::list<_Tp, _Alloc>::end() [with _Tp = servo_md::MotorController*; _Alloc = std::allocator<servo_md::MotorController*>]	24	static
c:\st\stm32cubeide_1.9.0\stm32cubeide\plugins\com.st.stm32cube.ide.mcu.externaltools.gnu-tools-for-stm32.10.3-2021.10.win32_1.0.0.202111181127\tools\arm-none-eabi\include\c++\10.3.1\bits\stl_list.h:247:7:bool std::operator==(const _Self&, const _Self&)	16	static
c:\st\stm32cubeide_1.9.0\stm32cubeide\plugins\com.st.stm32cube.ide.mcu.externaltools.gnu-tools-for-stm32.10.3-2021.10.win32_1.0.0.202111181127\tools\arm-none-eabi\include\c++\10.3.1\bits\stl_list.h:217:7:std::_List_iterator< <template-parameter-1-1> >::_Self& std::_List_iterator< <template-parameter-1-1> >::operator++() [with _Tp = servo_md::MotorController*]	16	static
c:\st\stm32cubeide_1.9.0\stm32cubeide\plugins\com.st.stm32cube.ide.mcu.externaltools.gnu-tools-for-stm32.10.3-2021.10.win32_1.0.0.202111181127\tools\arm-none-eabi\include\c++\10.3.1\bits\stl_list.h:209:7:_Tp& std::_List_iterator< <template-parameter-1-1> >::operator*() const [with _Tp = servo_md::MotorController*]	16	static
c:\st\stm32cubeide_1.9.0\stm32cubeide\plugins\com.st.stm32cube.ide.mcu.externaltools.gnu-tools-for-stm32.10.3-2021.10.win32_1.0.0.202111181127\tools\arm-none-eabi\include\c++\10.3.1\bits\allocator.h:164:7:constexpr std::allocator< <template-parameter-1-1> >::allocator() [with _Tp = std::_List_node<servo_md::MotorController*>]	16	static
c:\st\stm32cubeide_1.9.0\stm32cubeide\plugins\com.st.stm32cube.ide.mcu.externaltools.gnu-tools-for-stm32.10.3-2021.10.win32_1.0.0.202111181127\tools\arm-none-eabi\include\c++\10.3.1\bits\list.tcc:66:5:void std::__cxx11::_List_base<_Tp, _Alloc>::_M_clear() [with _Tp = servo_md::MotorController*; _Alloc = std::allocator<servo_md::MotorController*>]	32	static
c:\st\stm32cubeide_1.9.0\stm32cubeide\plugins\com.st.stm32cube.ide.mcu.externaltools.gnu-tools-for-stm32.10.3-2021.10.win32_1.0.0.202111181127\tools\arm-none-eabi\include\c++\10.3.1\bits\stl_list.h:200:7:std::_List_iterator< <template-parameter-1-1> >::_List_iterator(std::__detail::_List_node_base*) [with _Tp = servo_md::MotorController*]	16	static
c:\st\stm32cubeide_1.9.0\stm32cubeide\plugins\com.st.stm32cube.ide.mcu.externaltools.gnu-tools-for-stm32.10.3-2021.10.win32_1.0.0.202111181127\tools\arm-none-eabi\include\c++\10.3.1\bits\stl_list.h:170:18:_Tp* std::_List_node<_Tp>::_M_valptr() [with _Tp = servo_md::MotorController*]	16	static
c:\st\stm32cubeide_1.9.0\stm32cubeide\plugins\com.st.stm32cube.ide.mcu.externaltools.gnu-tools-for-stm32.10.3-2021.10.win32_1.0.0.202111181127\tools\arm-none-eabi\include\c++\10.3.1\ext\new_allocator.h:79:7:constexpr __gnu_cxx::new_allocator<_Tp>::new_allocator() [with _Tp = std::_List_node<servo_md::MotorController*>]	16	static
c:\st\stm32cubeide_1.9.0\stm32cubeide\plugins\com.st.stm32cube.ide.mcu.externaltools.gnu-tools-for-stm32.10.3-2021.10.win32_1.0.0.202111181127\tools\arm-none-eabi\include\c++\10.3.1\bits\stl_list.h:452:7:std::__cxx11::_List_base<_Tp, _Alloc>::_Node_alloc_type& std::__cxx11::_List_base<_Tp, _Alloc>::_M_get_Node_allocator() [with _Tp = servo_md::MotorController*; _Alloc = std::allocator<servo_md::MotorController*>]	16	static
c:\st\stm32cubeide_1.9.0\stm32cubeide\plugins\com.st.stm32cube.ide.mcu.externaltools.gnu-tools-for-stm32.10.3-2021.10.win32_1.0.0.202111181127\tools\arm-none-eabi\include\c++\10.3.1\bits\alloc_traits.h:527:2:static constexpr void std::allocator_traits<std::allocator<_Up> >::destroy(std::allocator_traits<std::allocator<_Up> >::allocator_type&, _Up*) [with _Up = servo_md::MotorController*; _Tp = std::_List_node<servo_md::MotorController*>]	16	static
c:\st\stm32cubeide_1.9.0\stm32cubeide\plugins\com.st.stm32cube.ide.mcu.externaltools.gnu-tools-for-stm32.10.3-2021.10.win32_1.0.0.202111181127\tools\arm-none-eabi\include\c++\10.3.1\bits\stl_list.h:445:7:void std::__cxx11::_List_base<_Tp, _Alloc>::_M_put_node(typename std::__cxx11::_List_base<_Tp, _Alloc>::_Node_alloc_traits::pointer) [with _Tp = servo_md::MotorController*; _Alloc = std::allocator<servo_md::MotorController*>]	16	static
c:\st\stm32cubeide_1.9.0\stm32cubeide\plugins\com.st.stm32cube.ide.mcu.externaltools.gnu-tools-for-stm32.10.3-2021.10.win32_1.0.0.202111181127\tools\arm-none-eabi\include\c++\10.3.1\ext\aligned_buffer.h:72:7:_Tp* __gnu_cxx::__aligned_membuf<_Tp>::_M_ptr() [with _Tp = servo_md::MotorController*]	16	static
c:\st\stm32cubeide_1.9.0\stm32cubeide\plugins\com.st.stm32cube.ide.mcu.externaltools.gnu-tools-for-stm32.10.3-2021.10.win32_1.0.0.202111181127\tools\arm-none-eabi\include\c++\10.3.1\bits\stl_construct.h:80:5:constexpr void std::destroy_at(_Tp*) [with _Tp = servo_md::MotorController*]	16	static
c:\st\stm32cubeide_1.9.0\stm32cubeide\plugins\com.st.stm32cube.ide.mcu.externaltools.gnu-tools-for-stm32.10.3-2021.10.win32_1.0.0.202111181127\tools\arm-none-eabi\include\c++\10.3.1\bits\alloc_traits.h:491:7:static constexpr void std::allocator_traits<std::allocator<_Up> >::deallocate(std::allocator_traits<std::allocator<_Up> >::allocator_type&, std::allocator_traits<std::allocator<_Up> >::pointer, std::allocator_traits<std::allocator<_Up> >::size_type) [with _Tp = std::_List_node<servo_md::MotorController*>]	40	static
c:\st\stm32cubeide_1.9.0\stm32cubeide\plugins\com.st.stm32cube.ide.mcu.externaltools.gnu-tools-for-stm32.10.3-2021.10.win32_1.0.0.202111181127\tools\arm-none-eabi\include\c++\10.3.1\ext\aligned_buffer.h:64:7:void* __gnu_cxx::__aligned_membuf<_Tp>::_M_addr() [with _Tp = servo_md::MotorController*]	16	static
c:\st\stm32cubeide_1.9.0\stm32cubeide\plugins\com.st.stm32cube.ide.mcu.externaltools.gnu-tools-for-stm32.10.3-2021.10.win32_1.0.0.202111181127\tools\arm-none-eabi\include\c++\10.3.1\ext\new_allocator.h:126:7:void __gnu_cxx::new_allocator<_Tp>::deallocate(_Tp*, __gnu_cxx::new_allocator<_Tp>::size_type) [with _Tp = std::_List_node<servo_md::MotorController*>]	24	static
c:\st\stm32cubeide_1.9.0\stm32cubeide\plugins\com.st.stm32cube.ide.mcu.externaltools.gnu-tools-for-stm32.10.3-2021.10.win32_1.0.0.202111181127\tools\arm-none-eabi\include\c++\10.3.1\bits\stl_list.h:827:7:std::__cxx11::list<_Tp, _Alloc>::~list() [with _Tp = servo_md::MotorController*; _Alloc = std::allocator<servo_md::MotorController*>]	16	static
../Core/Src/MotorController.cpp:35:1:void __static_initialization_and_destruction_0(int, int)	16	static
../Core/Src/MotorController.cpp:35:1:cpp)	8	static
../Core/Src/MotorController.cpp:35:1:cpp)	8	static
